[2026-06-18T16:18:49.373+0000] {processor.py:161} INFO - Started process (PID=277) to work on /opt/airflow/dags/load_ergast_data.py
[2026-06-18T16:18:49.385+0000] {processor.py:830} INFO - Processing file /opt/airflow/dags/load_ergast_data.py for tasks to queue
[2026-06-18T16:18:49.500+0000] {logging_mixin.py:188} INFO - [2026-06-18T16:18:49.487+0000] {dagbag.py:545} INFO - Filling up the DagBag from /opt/airflow/dags/load_ergast_data.py
[2026-06-18T16:18:53.832+0000] {processor.py:840} INFO - DAG(s) 'load_ergast_data' retrieved from /opt/airflow/dags/load_ergast_data.py
[2026-06-18T16:18:55.207+0000] {logging_mixin.py:188} INFO - [2026-06-18T16:18:55.199+0000] {override.py:1829} INFO - Created Permission View: can delete on DAG:load_ergast_data
[2026-06-18T16:18:59.541+0000] {logging_mixin.py:188} INFO - [2026-06-18T16:18:59.541+0000] {override.py:1829} INFO - Created Permission View: can edit on DAG:load_ergast_data
[2026-06-18T16:18:59.552+0000] {logging_mixin.py:188} INFO - [2026-06-18T16:18:59.551+0000] {override.py:1829} INFO - Created Permission View: can read on DAG:load_ergast_data
[2026-06-18T16:18:59.553+0000] {logging_mixin.py:188} INFO - [2026-06-18T16:18:59.553+0000] {dag.py:3096} INFO - Sync 1 DAGs
[2026-06-18T16:18:59.576+0000] {logging_mixin.py:188} INFO - [2026-06-18T16:18:59.574+0000] {dag.py:3118} INFO - Creating ORM DAG for load_ergast_data
[2026-06-18T16:18:59.578+0000] {logging_mixin.py:188} INFO - [2026-06-18T16:18:59.577+0000] {dag.py:3954} INFO - Setting next_dagrun for load_ergast_data to None, run_after=None
[2026-06-18T16:18:59.620+0000] {processor.py:183} INFO - Processing /opt/airflow/dags/load_ergast_data.py took 10.438 seconds
[2026-06-18T16:19:29.977+0000] {processor.py:161} INFO - Started process (PID=283) to work on /opt/airflow/dags/load_ergast_data.py
[2026-06-18T16:19:29.984+0000] {processor.py:830} INFO - Processing file /opt/airflow/dags/load_ergast_data.py for tasks to queue
[2026-06-18T16:19:30.003+0000] {logging_mixin.py:188} INFO - [2026-06-18T16:19:29.994+0000] {dagbag.py:545} INFO - Filling up the DagBag from /opt/airflow/dags/load_ergast_data.py
[2026-06-18T16:19:31.365+0000] {processor.py:840} INFO - DAG(s) 'load_ergast_data' retrieved from /opt/airflow/dags/load_ergast_data.py
[2026-06-18T16:19:31.424+0000] {logging_mixin.py:188} INFO - [2026-06-18T16:19:31.424+0000] {dag.py:3096} INFO - Sync 1 DAGs
[2026-06-18T16:19:31.455+0000] {logging_mixin.py:188} INFO - [2026-06-18T16:19:31.455+0000] {dag.py:3954} INFO - Setting next_dagrun for load_ergast_data to None, run_after=None
[2026-06-18T16:19:31.502+0000] {processor.py:183} INFO - Processing /opt/airflow/dags/load_ergast_data.py took 1.591 seconds
[2026-06-18T16:20:01.680+0000] {processor.py:161} INFO - Started process (PID=289) to work on /opt/airflow/dags/load_ergast_data.py
[2026-06-18T16:20:01.685+0000] {processor.py:830} INFO - Processing file /opt/airflow/dags/load_ergast_data.py for tasks to queue
[2026-06-18T16:20:01.698+0000] {logging_mixin.py:188} INFO - [2026-06-18T16:20:01.696+0000] {dagbag.py:545} INFO - Filling up the DagBag from /opt/airflow/dags/load_ergast_data.py
[2026-06-18T16:20:02.463+0000] {processor.py:840} INFO - DAG(s) 'load_ergast_data' retrieved from /opt/airflow/dags/load_ergast_data.py
[2026-06-18T16:20:02.508+0000] {logging_mixin.py:188} INFO - [2026-06-18T16:20:02.507+0000] {dag.py:3096} INFO - Sync 1 DAGs
[2026-06-18T16:20:02.550+0000] {logging_mixin.py:188} INFO - [2026-06-18T16:20:02.550+0000] {dag.py:3954} INFO - Setting next_dagrun for load_ergast_data to None, run_after=None
[2026-06-18T16:20:02.594+0000] {processor.py:183} INFO - Processing /opt/airflow/dags/load_ergast_data.py took 0.935 seconds
[2026-06-18T16:20:33.437+0000] {processor.py:161} INFO - Started process (PID=295) to work on /opt/airflow/dags/load_ergast_data.py
[2026-06-18T16:20:33.439+0000] {processor.py:830} INFO - Processing file /opt/airflow/dags/load_ergast_data.py for tasks to queue
[2026-06-18T16:20:33.444+0000] {logging_mixin.py:188} INFO - [2026-06-18T16:20:33.443+0000] {dagbag.py:545} INFO - Filling up the DagBag from /opt/airflow/dags/load_ergast_data.py
[2026-06-18T16:20:34.116+0000] {processor.py:840} INFO - DAG(s) 'load_ergast_data' retrieved from /opt/airflow/dags/load_ergast_data.py
[2026-06-18T16:20:34.188+0000] {logging_mixin.py:188} INFO - [2026-06-18T16:20:34.187+0000] {dag.py:3096} INFO - Sync 1 DAGs
[2026-06-18T16:20:34.222+0000] {logging_mixin.py:188} INFO - [2026-06-18T16:20:34.222+0000] {dag.py:3954} INFO - Setting next_dagrun for load_ergast_data to None, run_after=None
[2026-06-18T16:20:34.260+0000] {processor.py:183} INFO - Processing /opt/airflow/dags/load_ergast_data.py took 0.832 seconds
[2026-06-18T16:21:04.751+0000] {processor.py:161} INFO - Started process (PID=301) to work on /opt/airflow/dags/load_ergast_data.py
[2026-06-18T16:21:04.764+0000] {processor.py:830} INFO - Processing file /opt/airflow/dags/load_ergast_data.py for tasks to queue
[2026-06-18T16:21:04.767+0000] {logging_mixin.py:188} INFO - [2026-06-18T16:21:04.767+0000] {dagbag.py:545} INFO - Filling up the DagBag from /opt/airflow/dags/load_ergast_data.py
[2026-06-18T16:21:05.103+0000] {processor.py:840} INFO - DAG(s) 'load_ergast_data' retrieved from /opt/airflow/dags/load_ergast_data.py
[2026-06-18T16:21:05.134+0000] {logging_mixin.py:188} INFO - [2026-06-18T16:21:05.134+0000] {dag.py:3096} INFO - Sync 1 DAGs
[2026-06-18T16:21:05.148+0000] {logging_mixin.py:188} INFO - [2026-06-18T16:21:05.148+0000] {dag.py:3954} INFO - Setting next_dagrun for load_ergast_data to None, run_after=None
[2026-06-18T16:21:06.426+0000] {processor.py:183} INFO - Processing /opt/airflow/dags/load_ergast_data.py took 1.681 seconds
[2026-06-18T16:21:36.776+0000] {processor.py:161} INFO - Started process (PID=310) to work on /opt/airflow/dags/load_ergast_data.py
[2026-06-18T16:21:36.808+0000] {processor.py:830} INFO - Processing file /opt/airflow/dags/load_ergast_data.py for tasks to queue
[2026-06-18T16:21:36.816+0000] {logging_mixin.py:188} INFO - [2026-06-18T16:21:36.814+0000] {dagbag.py:545} INFO - Filling up the DagBag from /opt/airflow/dags/load_ergast_data.py
[2026-06-18T16:21:38.263+0000] {processor.py:840} INFO - DAG(s) 'load_ergast_data' retrieved from /opt/airflow/dags/load_ergast_data.py
[2026-06-18T16:21:38.627+0000] {logging_mixin.py:188} INFO - [2026-06-18T16:21:38.627+0000] {dag.py:3096} INFO - Sync 1 DAGs
[2026-06-18T16:21:38.667+0000] {logging_mixin.py:188} INFO - [2026-06-18T16:21:38.666+0000] {dag.py:3954} INFO - Setting next_dagrun for load_ergast_data to None, run_after=None
[2026-06-18T16:21:38.726+0000] {processor.py:183} INFO - Processing /opt/airflow/dags/load_ergast_data.py took 1.969 seconds
[2026-06-18T16:22:08.928+0000] {processor.py:161} INFO - Started process (PID=316) to work on /opt/airflow/dags/load_ergast_data.py
[2026-06-18T16:22:08.929+0000] {processor.py:830} INFO - Processing file /opt/airflow/dags/load_ergast_data.py for tasks to queue
[2026-06-18T16:22:08.961+0000] {logging_mixin.py:188} INFO - [2026-06-18T16:22:08.958+0000] {dagbag.py:545} INFO - Filling up the DagBag from /opt/airflow/dags/load_ergast_data.py
[2026-06-18T16:22:09.575+0000] {processor.py:840} INFO - DAG(s) 'load_ergast_data' retrieved from /opt/airflow/dags/load_ergast_data.py
[2026-06-18T16:22:09.600+0000] {logging_mixin.py:188} INFO - [2026-06-18T16:22:09.600+0000] {dag.py:3096} INFO - Sync 1 DAGs
[2026-06-18T16:22:09.612+0000] {logging_mixin.py:188} INFO - [2026-06-18T16:22:09.612+0000] {dag.py:3954} INFO - Setting next_dagrun for load_ergast_data to None, run_after=None
[2026-06-18T16:22:09.632+0000] {processor.py:183} INFO - Processing /opt/airflow/dags/load_ergast_data.py took 0.710 seconds
[2026-06-18T16:22:39.691+0000] {processor.py:161} INFO - Started process (PID=322) to work on /opt/airflow/dags/load_ergast_data.py
[2026-06-18T16:22:39.692+0000] {processor.py:830} INFO - Processing file /opt/airflow/dags/load_ergast_data.py for tasks to queue
[2026-06-18T16:22:39.695+0000] {logging_mixin.py:188} INFO - [2026-06-18T16:22:39.695+0000] {dagbag.py:545} INFO - Filling up the DagBag from /opt/airflow/dags/load_ergast_data.py
[2026-06-18T16:22:39.993+0000] {processor.py:840} INFO - DAG(s) 'load_ergast_data' retrieved from /opt/airflow/dags/load_ergast_data.py
[2026-06-18T16:22:40.020+0000] {logging_mixin.py:188} INFO - [2026-06-18T16:22:40.019+0000] {dag.py:3096} INFO - Sync 1 DAGs
[2026-06-18T16:22:40.034+0000] {logging_mixin.py:188} INFO - [2026-06-18T16:22:40.034+0000] {dag.py:3954} INFO - Setting next_dagrun for load_ergast_data to None, run_after=None
[2026-06-18T16:22:40.055+0000] {processor.py:183} INFO - Processing /opt/airflow/dags/load_ergast_data.py took 0.370 seconds
[2026-06-18T16:23:10.180+0000] {processor.py:161} INFO - Started process (PID=328) to work on /opt/airflow/dags/load_ergast_data.py
[2026-06-18T16:23:10.181+0000] {processor.py:830} INFO - Processing file /opt/airflow/dags/load_ergast_data.py for tasks to queue
[2026-06-18T16:23:10.184+0000] {logging_mixin.py:188} INFO - [2026-06-18T16:23:10.183+0000] {dagbag.py:545} INFO - Filling up the DagBag from /opt/airflow/dags/load_ergast_data.py
[2026-06-18T16:23:10.549+0000] {processor.py:840} INFO - DAG(s) 'load_ergast_data' retrieved from /opt/airflow/dags/load_ergast_data.py
[2026-06-18T16:23:10.575+0000] {logging_mixin.py:188} INFO - [2026-06-18T16:23:10.574+0000] {dag.py:3096} INFO - Sync 1 DAGs
[2026-06-18T16:23:10.590+0000] {logging_mixin.py:188} INFO - [2026-06-18T16:23:10.590+0000] {dag.py:3954} INFO - Setting next_dagrun for load_ergast_data to None, run_after=None
[2026-06-18T16:23:10.610+0000] {processor.py:183} INFO - Processing /opt/airflow/dags/load_ergast_data.py took 0.437 seconds
[2026-06-18T16:23:40.742+0000] {processor.py:161} INFO - Started process (PID=334) to work on /opt/airflow/dags/load_ergast_data.py
[2026-06-18T16:23:40.744+0000] {processor.py:830} INFO - Processing file /opt/airflow/dags/load_ergast_data.py for tasks to queue
[2026-06-18T16:23:40.747+0000] {logging_mixin.py:188} INFO - [2026-06-18T16:23:40.747+0000] {dagbag.py:545} INFO - Filling up the DagBag from /opt/airflow/dags/load_ergast_data.py
[2026-06-18T16:23:41.075+0000] {processor.py:840} INFO - DAG(s) 'load_ergast_data' retrieved from /opt/airflow/dags/load_ergast_data.py
[2026-06-18T16:23:41.102+0000] {logging_mixin.py:188} INFO - [2026-06-18T16:23:41.101+0000] {dag.py:3096} INFO - Sync 1 DAGs
[2026-06-18T16:23:41.120+0000] {logging_mixin.py:188} INFO - [2026-06-18T16:23:41.119+0000] {dag.py:3954} INFO - Setting next_dagrun for load_ergast_data to None, run_after=None
[2026-06-18T16:23:41.142+0000] {processor.py:183} INFO - Processing /opt/airflow/dags/load_ergast_data.py took 0.410 seconds
[2026-06-18T16:24:11.320+0000] {processor.py:161} INFO - Started process (PID=340) to work on /opt/airflow/dags/load_ergast_data.py
[2026-06-18T16:24:11.322+0000] {processor.py:830} INFO - Processing file /opt/airflow/dags/load_ergast_data.py for tasks to queue
[2026-06-18T16:24:11.324+0000] {logging_mixin.py:188} INFO - [2026-06-18T16:24:11.324+0000] {dagbag.py:545} INFO - Filling up the DagBag from /opt/airflow/dags/load_ergast_data.py
[2026-06-18T16:24:11.586+0000] {processor.py:840} INFO - DAG(s) 'load_ergast_data' retrieved from /opt/airflow/dags/load_ergast_data.py
[2026-06-18T16:24:11.610+0000] {logging_mixin.py:188} INFO - [2026-06-18T16:24:11.610+0000] {dag.py:3096} INFO - Sync 1 DAGs
[2026-06-18T16:24:11.623+0000] {logging_mixin.py:188} INFO - [2026-06-18T16:24:11.623+0000] {dag.py:3954} INFO - Setting next_dagrun for load_ergast_data to None, run_after=None
[2026-06-18T16:24:12.666+0000] {processor.py:183} INFO - Processing /opt/airflow/dags/load_ergast_data.py took 1.353 seconds
[2026-06-18T16:24:42.755+0000] {processor.py:161} INFO - Started process (PID=346) to work on /opt/airflow/dags/load_ergast_data.py
[2026-06-18T16:24:42.759+0000] {processor.py:830} INFO - Processing file /opt/airflow/dags/load_ergast_data.py for tasks to queue
[2026-06-18T16:24:42.771+0000] {logging_mixin.py:188} INFO - [2026-06-18T16:24:42.768+0000] {dagbag.py:545} INFO - Filling up the DagBag from /opt/airflow/dags/load_ergast_data.py
[2026-06-18T16:24:43.143+0000] {processor.py:840} INFO - DAG(s) 'load_ergast_data' retrieved from /opt/airflow/dags/load_ergast_data.py
[2026-06-18T16:24:43.185+0000] {logging_mixin.py:188} INFO - [2026-06-18T16:24:43.184+0000] {dag.py:3096} INFO - Sync 1 DAGs
[2026-06-18T16:24:43.207+0000] {logging_mixin.py:188} INFO - [2026-06-18T16:24:43.207+0000] {dag.py:3954} INFO - Setting next_dagrun for load_ergast_data to None, run_after=None
[2026-06-18T16:24:43.682+0000] {processor.py:183} INFO - Processing /opt/airflow/dags/load_ergast_data.py took 0.944 seconds
[2026-06-18T16:25:14.804+0000] {processor.py:161} INFO - Started process (PID=352) to work on /opt/airflow/dags/load_ergast_data.py
[2026-06-18T16:25:14.822+0000] {processor.py:830} INFO - Processing file /opt/airflow/dags/load_ergast_data.py for tasks to queue
[2026-06-18T16:25:14.886+0000] {logging_mixin.py:188} INFO - [2026-06-18T16:25:14.875+0000] {dagbag.py:545} INFO - Filling up the DagBag from /opt/airflow/dags/load_ergast_data.py
[2026-06-18T16:25:18.759+0000] {processor.py:840} INFO - DAG(s) 'load_ergast_data' retrieved from /opt/airflow/dags/load_ergast_data.py
[2026-06-18T16:25:18.931+0000] {logging_mixin.py:188} INFO - [2026-06-18T16:25:18.924+0000] {dag.py:3096} INFO - Sync 1 DAGs
[2026-06-18T16:25:19.027+0000] {logging_mixin.py:188} INFO - [2026-06-18T16:25:19.026+0000] {dag.py:3954} INFO - Setting next_dagrun for load_ergast_data to None, run_after=None
[2026-06-18T16:25:19.128+0000] {processor.py:183} INFO - Processing /opt/airflow/dags/load_ergast_data.py took 4.389 seconds
[2026-06-18T16:25:51.057+0000] {processor.py:161} INFO - Started process (PID=358) to work on /opt/airflow/dags/load_ergast_data.py
[2026-06-18T16:25:51.089+0000] {processor.py:830} INFO - Processing file /opt/airflow/dags/load_ergast_data.py for tasks to queue
[2026-06-18T16:25:51.125+0000] {logging_mixin.py:188} INFO - [2026-06-18T16:25:51.122+0000] {dagbag.py:545} INFO - Filling up the DagBag from /opt/airflow/dags/load_ergast_data.py
[2026-06-18T16:25:53.383+0000] {processor.py:840} INFO - DAG(s) 'load_ergast_data' retrieved from /opt/airflow/dags/load_ergast_data.py
[2026-06-18T16:25:53.451+0000] {logging_mixin.py:188} INFO - [2026-06-18T16:25:53.450+0000] {dag.py:3096} INFO - Sync 1 DAGs
[2026-06-18T16:25:53.493+0000] {logging_mixin.py:188} INFO - [2026-06-18T16:25:53.493+0000] {dag.py:3954} INFO - Setting next_dagrun for load_ergast_data to None, run_after=None
[2026-06-18T16:25:53.548+0000] {processor.py:183} INFO - Processing /opt/airflow/dags/load_ergast_data.py took 2.751 seconds
[2026-06-18T16:26:23.866+0000] {processor.py:161} INFO - Started process (PID=364) to work on /opt/airflow/dags/load_ergast_data.py
[2026-06-18T16:26:23.870+0000] {processor.py:830} INFO - Processing file /opt/airflow/dags/load_ergast_data.py for tasks to queue
[2026-06-18T16:26:23.880+0000] {logging_mixin.py:188} INFO - [2026-06-18T16:26:23.878+0000] {dagbag.py:545} INFO - Filling up the DagBag from /opt/airflow/dags/load_ergast_data.py
[2026-06-18T16:26:24.720+0000] {processor.py:840} INFO - DAG(s) 'load_ergast_data' retrieved from /opt/airflow/dags/load_ergast_data.py
[2026-06-18T16:26:24.771+0000] {logging_mixin.py:188} INFO - [2026-06-18T16:26:24.771+0000] {dag.py:3096} INFO - Sync 1 DAGs
[2026-06-18T16:26:24.796+0000] {logging_mixin.py:188} INFO - [2026-06-18T16:26:24.796+0000] {dag.py:3954} INFO - Setting next_dagrun for load_ergast_data to None, run_after=None
[2026-06-18T16:26:24.826+0000] {processor.py:183} INFO - Processing /opt/airflow/dags/load_ergast_data.py took 0.972 seconds
[2026-06-18T16:26:55.049+0000] {processor.py:161} INFO - Started process (PID=370) to work on /opt/airflow/dags/load_ergast_data.py
[2026-06-18T16:26:55.052+0000] {processor.py:830} INFO - Processing file /opt/airflow/dags/load_ergast_data.py for tasks to queue
[2026-06-18T16:26:55.056+0000] {logging_mixin.py:188} INFO - [2026-06-18T16:26:55.056+0000] {dagbag.py:545} INFO - Filling up the DagBag from /opt/airflow/dags/load_ergast_data.py
[2026-06-18T16:26:55.709+0000] {processor.py:840} INFO - DAG(s) 'load_ergast_data' retrieved from /opt/airflow/dags/load_ergast_data.py
[2026-06-18T16:26:55.775+0000] {logging_mixin.py:188} INFO - [2026-06-18T16:26:55.774+0000] {dag.py:3096} INFO - Sync 1 DAGs
[2026-06-18T16:26:55.805+0000] {logging_mixin.py:188} INFO - [2026-06-18T16:26:55.805+0000] {dag.py:3954} INFO - Setting next_dagrun for load_ergast_data to None, run_after=None
[2026-06-18T16:26:55.873+0000] {processor.py:183} INFO - Processing /opt/airflow/dags/load_ergast_data.py took 0.836 seconds
[2026-06-18T16:27:26.093+0000] {processor.py:161} INFO - Started process (PID=376) to work on /opt/airflow/dags/load_ergast_data.py
[2026-06-18T16:27:26.097+0000] {processor.py:830} INFO - Processing file /opt/airflow/dags/load_ergast_data.py for tasks to queue
[2026-06-18T16:27:26.107+0000] {logging_mixin.py:188} INFO - [2026-06-18T16:27:26.106+0000] {dagbag.py:545} INFO - Filling up the DagBag from /opt/airflow/dags/load_ergast_data.py
[2026-06-18T16:27:26.581+0000] {processor.py:840} INFO - DAG(s) 'load_ergast_data' retrieved from /opt/airflow/dags/load_ergast_data.py
[2026-06-18T16:27:26.619+0000] {logging_mixin.py:188} INFO - [2026-06-18T16:27:26.619+0000] {dag.py:3096} INFO - Sync 1 DAGs
[2026-06-18T16:27:26.643+0000] {logging_mixin.py:188} INFO - [2026-06-18T16:27:26.643+0000] {dag.py:3954} INFO - Setting next_dagrun for load_ergast_data to None, run_after=None
[2026-06-18T16:27:26.667+0000] {processor.py:183} INFO - Processing /opt/airflow/dags/load_ergast_data.py took 0.592 seconds
[2026-06-18T16:27:56.887+0000] {processor.py:161} INFO - Started process (PID=382) to work on /opt/airflow/dags/load_ergast_data.py
[2026-06-18T16:27:56.890+0000] {processor.py:830} INFO - Processing file /opt/airflow/dags/load_ergast_data.py for tasks to queue
[2026-06-18T16:27:56.894+0000] {logging_mixin.py:188} INFO - [2026-06-18T16:27:56.893+0000] {dagbag.py:545} INFO - Filling up the DagBag from /opt/airflow/dags/load_ergast_data.py
[2026-06-18T16:27:57.320+0000] {processor.py:840} INFO - DAG(s) 'load_ergast_data' retrieved from /opt/airflow/dags/load_ergast_data.py
[2026-06-18T16:27:57.346+0000] {logging_mixin.py:188} INFO - [2026-06-18T16:27:57.345+0000] {dag.py:3096} INFO - Sync 1 DAGs
[2026-06-18T16:27:57.359+0000] {logging_mixin.py:188} INFO - [2026-06-18T16:27:57.359+0000] {dag.py:3954} INFO - Setting next_dagrun for load_ergast_data to None, run_after=None
[2026-06-18T16:27:58.947+0000] {processor.py:183} INFO - Processing /opt/airflow/dags/load_ergast_data.py took 2.070 seconds
[2026-06-18T16:28:29.183+0000] {processor.py:161} INFO - Started process (PID=388) to work on /opt/airflow/dags/load_ergast_data.py
[2026-06-18T16:28:29.186+0000] {processor.py:830} INFO - Processing file /opt/airflow/dags/load_ergast_data.py for tasks to queue
[2026-06-18T16:28:29.189+0000] {logging_mixin.py:188} INFO - [2026-06-18T16:28:29.188+0000] {dagbag.py:545} INFO - Filling up the DagBag from /opt/airflow/dags/load_ergast_data.py
[2026-06-18T16:28:29.494+0000] {processor.py:840} INFO - DAG(s) 'load_ergast_data' retrieved from /opt/airflow/dags/load_ergast_data.py
[2026-06-18T16:28:29.528+0000] {logging_mixin.py:188} INFO - [2026-06-18T16:28:29.526+0000] {dag.py:3096} INFO - Sync 1 DAGs
[2026-06-18T16:28:29.542+0000] {logging_mixin.py:188} INFO - [2026-06-18T16:28:29.542+0000] {dag.py:3954} INFO - Setting next_dagrun for load_ergast_data to None, run_after=None
[2026-06-18T16:28:29.564+0000] {processor.py:183} INFO - Processing /opt/airflow/dags/load_ergast_data.py took 0.388 seconds
[2026-06-18T16:28:59.854+0000] {processor.py:161} INFO - Started process (PID=397) to work on /opt/airflow/dags/load_ergast_data.py
[2026-06-18T16:28:59.857+0000] {processor.py:830} INFO - Processing file /opt/airflow/dags/load_ergast_data.py for tasks to queue
[2026-06-18T16:28:59.865+0000] {logging_mixin.py:188} INFO - [2026-06-18T16:28:59.864+0000] {dagbag.py:545} INFO - Filling up the DagBag from /opt/airflow/dags/load_ergast_data.py
[2026-06-18T16:29:00.576+0000] {processor.py:840} INFO - DAG(s) 'load_ergast_data' retrieved from /opt/airflow/dags/load_ergast_data.py
[2026-06-18T16:29:00.625+0000] {logging_mixin.py:188} INFO - [2026-06-18T16:29:00.624+0000] {dag.py:3096} INFO - Sync 1 DAGs
[2026-06-18T16:29:00.648+0000] {logging_mixin.py:188} INFO - [2026-06-18T16:29:00.648+0000] {dag.py:3954} INFO - Setting next_dagrun for load_ergast_data to None, run_after=None
[2026-06-18T16:29:00.677+0000] {processor.py:183} INFO - Processing /opt/airflow/dags/load_ergast_data.py took 0.860 seconds
[2026-06-18T16:29:31.231+0000] {processor.py:161} INFO - Started process (PID=403) to work on /opt/airflow/dags/load_ergast_data.py
[2026-06-18T16:29:31.256+0000] {processor.py:830} INFO - Processing file /opt/airflow/dags/load_ergast_data.py for tasks to queue
[2026-06-18T16:29:31.261+0000] {logging_mixin.py:188} INFO - [2026-06-18T16:29:31.260+0000] {dagbag.py:545} INFO - Filling up the DagBag from /opt/airflow/dags/load_ergast_data.py
[2026-06-18T16:29:33.055+0000] {processor.py:840} INFO - DAG(s) 'load_ergast_data' retrieved from /opt/airflow/dags/load_ergast_data.py
[2026-06-18T16:29:33.132+0000] {logging_mixin.py:188} INFO - [2026-06-18T16:29:33.131+0000] {dag.py:3096} INFO - Sync 1 DAGs
[2026-06-18T16:29:33.275+0000] {logging_mixin.py:188} INFO - [2026-06-18T16:29:33.274+0000] {dag.py:3954} INFO - Setting next_dagrun for load_ergast_data to None, run_after=None
[2026-06-18T16:29:33.402+0000] {processor.py:183} INFO - Processing /opt/airflow/dags/load_ergast_data.py took 2.340 seconds
[2026-06-18T16:30:03.700+0000] {processor.py:161} INFO - Started process (PID=412) to work on /opt/airflow/dags/load_ergast_data.py
[2026-06-18T16:30:03.751+0000] {processor.py:830} INFO - Processing file /opt/airflow/dags/load_ergast_data.py for tasks to queue
[2026-06-18T16:30:03.757+0000] {logging_mixin.py:188} INFO - [2026-06-18T16:30:03.756+0000] {dagbag.py:545} INFO - Filling up the DagBag from /opt/airflow/dags/load_ergast_data.py
[2026-06-18T16:30:04.591+0000] {processor.py:840} INFO - DAG(s) 'load_ergast_data' retrieved from /opt/airflow/dags/load_ergast_data.py
[2026-06-18T16:30:04.739+0000] {logging_mixin.py:188} INFO - [2026-06-18T16:30:04.738+0000] {dag.py:3096} INFO - Sync 1 DAGs
[2026-06-18T16:30:04.785+0000] {logging_mixin.py:188} INFO - [2026-06-18T16:30:04.785+0000] {dag.py:3954} INFO - Setting next_dagrun for load_ergast_data to None, run_after=None
[2026-06-18T16:30:04.890+0000] {processor.py:183} INFO - Processing /opt/airflow/dags/load_ergast_data.py took 1.199 seconds
[2026-06-18T16:30:35.310+0000] {processor.py:161} INFO - Started process (PID=418) to work on /opt/airflow/dags/load_ergast_data.py
[2026-06-18T16:30:35.316+0000] {processor.py:830} INFO - Processing file /opt/airflow/dags/load_ergast_data.py for tasks to queue
[2026-06-18T16:30:35.319+0000] {logging_mixin.py:188} INFO - [2026-06-18T16:30:35.319+0000] {dagbag.py:545} INFO - Filling up the DagBag from /opt/airflow/dags/load_ergast_data.py
[2026-06-18T16:30:35.688+0000] {processor.py:840} INFO - DAG(s) 'load_ergast_data' retrieved from /opt/airflow/dags/load_ergast_data.py
[2026-06-18T16:30:35.732+0000] {logging_mixin.py:188} INFO - [2026-06-18T16:30:35.731+0000] {dag.py:3096} INFO - Sync 1 DAGs
[2026-06-18T16:30:35.746+0000] {logging_mixin.py:188} INFO - [2026-06-18T16:30:35.746+0000] {dag.py:3954} INFO - Setting next_dagrun for load_ergast_data to None, run_after=None
[2026-06-18T16:30:35.789+0000] {processor.py:183} INFO - Processing /opt/airflow/dags/load_ergast_data.py took 0.493 seconds
[2026-06-18T16:31:06.045+0000] {processor.py:161} INFO - Started process (PID=424) to work on /opt/airflow/dags/load_ergast_data.py
[2026-06-18T16:31:06.048+0000] {processor.py:830} INFO - Processing file /opt/airflow/dags/load_ergast_data.py for tasks to queue
[2026-06-18T16:31:06.055+0000] {logging_mixin.py:188} INFO - [2026-06-18T16:31:06.055+0000] {dagbag.py:545} INFO - Filling up the DagBag from /opt/airflow/dags/load_ergast_data.py
[2026-06-18T16:31:06.471+0000] {processor.py:840} INFO - DAG(s) 'load_ergast_data' retrieved from /opt/airflow/dags/load_ergast_data.py
[2026-06-18T16:31:06.511+0000] {logging_mixin.py:188} INFO - [2026-06-18T16:31:06.511+0000] {dag.py:3096} INFO - Sync 1 DAGs
[2026-06-18T16:31:06.548+0000] {logging_mixin.py:188} INFO - [2026-06-18T16:31:06.546+0000] {dag.py:3954} INFO - Setting next_dagrun for load_ergast_data to None, run_after=None
[2026-06-18T16:31:07.926+0000] {processor.py:183} INFO - Processing /opt/airflow/dags/load_ergast_data.py took 1.894 seconds
[2026-06-18T16:31:38.304+0000] {processor.py:161} INFO - Started process (PID=430) to work on /opt/airflow/dags/load_ergast_data.py
[2026-06-18T16:31:38.308+0000] {processor.py:830} INFO - Processing file /opt/airflow/dags/load_ergast_data.py for tasks to queue
[2026-06-18T16:31:38.318+0000] {logging_mixin.py:188} INFO - [2026-06-18T16:31:38.316+0000] {dagbag.py:545} INFO - Filling up the DagBag from /opt/airflow/dags/load_ergast_data.py
[2026-06-18T16:31:38.890+0000] {processor.py:840} INFO - DAG(s) 'load_ergast_data' retrieved from /opt/airflow/dags/load_ergast_data.py
[2026-06-18T16:31:38.934+0000] {logging_mixin.py:188} INFO - [2026-06-18T16:31:38.930+0000] {dag.py:3096} INFO - Sync 1 DAGs
[2026-06-18T16:31:38.954+0000] {logging_mixin.py:188} INFO - [2026-06-18T16:31:38.954+0000] {dag.py:3954} INFO - Setting next_dagrun for load_ergast_data to None, run_after=None
[2026-06-18T16:31:38.985+0000] {processor.py:183} INFO - Processing /opt/airflow/dags/load_ergast_data.py took 0.697 seconds
[2026-06-18T16:32:09.208+0000] {processor.py:161} INFO - Started process (PID=436) to work on /opt/airflow/dags/load_ergast_data.py
[2026-06-18T16:32:09.210+0000] {processor.py:830} INFO - Processing file /opt/airflow/dags/load_ergast_data.py for tasks to queue
[2026-06-18T16:32:09.217+0000] {logging_mixin.py:188} INFO - [2026-06-18T16:32:09.216+0000] {dagbag.py:545} INFO - Filling up the DagBag from /opt/airflow/dags/load_ergast_data.py
[2026-06-18T16:32:10.187+0000] {processor.py:840} INFO - DAG(s) 'load_ergast_data' retrieved from /opt/airflow/dags/load_ergast_data.py
[2026-06-18T16:32:10.340+0000] {logging_mixin.py:188} INFO - [2026-06-18T16:32:10.338+0000] {dag.py:3096} INFO - Sync 1 DAGs
[2026-06-18T16:32:10.410+0000] {logging_mixin.py:188} INFO - [2026-06-18T16:32:10.409+0000] {dag.py:3954} INFO - Setting next_dagrun for load_ergast_data to None, run_after=None
[2026-06-18T16:32:10.458+0000] {processor.py:183} INFO - Processing /opt/airflow/dags/load_ergast_data.py took 1.258 seconds
[2026-06-18T16:32:40.755+0000] {processor.py:161} INFO - Started process (PID=442) to work on /opt/airflow/dags/load_ergast_data.py
[2026-06-18T16:32:40.757+0000] {processor.py:830} INFO - Processing file /opt/airflow/dags/load_ergast_data.py for tasks to queue
[2026-06-18T16:32:40.760+0000] {logging_mixin.py:188} INFO - [2026-06-18T16:32:40.759+0000] {dagbag.py:545} INFO - Filling up the DagBag from /opt/airflow/dags/load_ergast_data.py
[2026-06-18T16:32:41.231+0000] {processor.py:840} INFO - DAG(s) 'load_ergast_data' retrieved from /opt/airflow/dags/load_ergast_data.py
[2026-06-18T16:32:41.331+0000] {logging_mixin.py:188} INFO - [2026-06-18T16:32:41.329+0000] {dag.py:3096} INFO - Sync 1 DAGs
[2026-06-18T16:32:41.396+0000] {logging_mixin.py:188} INFO - [2026-06-18T16:32:41.395+0000] {dag.py:3954} INFO - Setting next_dagrun for load_ergast_data to None, run_after=None
[2026-06-18T16:32:41.455+0000] {processor.py:183} INFO - Processing /opt/airflow/dags/load_ergast_data.py took 0.711 seconds
[2026-06-18T16:33:11.669+0000] {processor.py:161} INFO - Started process (PID=448) to work on /opt/airflow/dags/load_ergast_data.py
[2026-06-18T16:33:11.672+0000] {processor.py:830} INFO - Processing file /opt/airflow/dags/load_ergast_data.py for tasks to queue
[2026-06-18T16:33:11.675+0000] {logging_mixin.py:188} INFO - [2026-06-18T16:33:11.674+0000] {dagbag.py:545} INFO - Filling up the DagBag from /opt/airflow/dags/load_ergast_data.py
[2026-06-18T16:33:12.597+0000] {processor.py:840} INFO - DAG(s) 'load_ergast_data' retrieved from /opt/airflow/dags/load_ergast_data.py
[2026-06-18T16:33:12.671+0000] {logging_mixin.py:188} INFO - [2026-06-18T16:33:12.666+0000] {dag.py:3096} INFO - Sync 1 DAGs
[2026-06-18T16:33:12.696+0000] {logging_mixin.py:188} INFO - [2026-06-18T16:33:12.696+0000] {dag.py:3954} INFO - Setting next_dagrun for load_ergast_data to None, run_after=None
[2026-06-18T16:33:12.803+0000] {processor.py:183} INFO - Processing /opt/airflow/dags/load_ergast_data.py took 1.141 seconds
[2026-06-18T16:33:43.027+0000] {processor.py:161} INFO - Started process (PID=454) to work on /opt/airflow/dags/load_ergast_data.py
[2026-06-18T16:33:43.034+0000] {processor.py:830} INFO - Processing file /opt/airflow/dags/load_ergast_data.py for tasks to queue
[2026-06-18T16:33:43.046+0000] {logging_mixin.py:188} INFO - [2026-06-18T16:33:43.046+0000] {dagbag.py:545} INFO - Filling up the DagBag from /opt/airflow/dags/load_ergast_data.py
[2026-06-18T16:33:44.596+0000] {processor.py:840} INFO - DAG(s) 'load_ergast_data' retrieved from /opt/airflow/dags/load_ergast_data.py
[2026-06-18T16:33:44.700+0000] {logging_mixin.py:188} INFO - [2026-06-18T16:33:44.699+0000] {dag.py:3096} INFO - Sync 1 DAGs
[2026-06-18T16:33:44.768+0000] {logging_mixin.py:188} INFO - [2026-06-18T16:33:44.768+0000] {dag.py:3954} INFO - Setting next_dagrun for load_ergast_data to None, run_after=None
[2026-06-18T16:33:44.821+0000] {processor.py:183} INFO - Processing /opt/airflow/dags/load_ergast_data.py took 1.833 seconds
[2026-06-18T16:34:15.131+0000] {processor.py:161} INFO - Started process (PID=460) to work on /opt/airflow/dags/load_ergast_data.py
[2026-06-18T16:34:15.134+0000] {processor.py:830} INFO - Processing file /opt/airflow/dags/load_ergast_data.py for tasks to queue
[2026-06-18T16:34:15.137+0000] {logging_mixin.py:188} INFO - [2026-06-18T16:34:15.137+0000] {dagbag.py:545} INFO - Filling up the DagBag from /opt/airflow/dags/load_ergast_data.py
[2026-06-18T16:34:15.576+0000] {processor.py:840} INFO - DAG(s) 'load_ergast_data' retrieved from /opt/airflow/dags/load_ergast_data.py
[2026-06-18T16:34:15.632+0000] {logging_mixin.py:188} INFO - [2026-06-18T16:34:15.632+0000] {dag.py:3096} INFO - Sync 1 DAGs
[2026-06-18T16:34:15.690+0000] {logging_mixin.py:188} INFO - [2026-06-18T16:34:15.690+0000] {dag.py:3954} INFO - Setting next_dagrun for load_ergast_data to None, run_after=None
[2026-06-18T16:34:17.878+0000] {processor.py:183} INFO - Processing /opt/airflow/dags/load_ergast_data.py took 2.754 seconds
[2026-06-18T16:34:48.193+0000] {processor.py:161} INFO - Started process (PID=466) to work on /opt/airflow/dags/load_ergast_data.py
[2026-06-18T16:34:48.196+0000] {processor.py:830} INFO - Processing file /opt/airflow/dags/load_ergast_data.py for tasks to queue
[2026-06-18T16:34:48.204+0000] {logging_mixin.py:188} INFO - [2026-06-18T16:34:48.201+0000] {dagbag.py:545} INFO - Filling up the DagBag from /opt/airflow/dags/load_ergast_data.py
[2026-06-18T16:34:48.708+0000] {processor.py:840} INFO - DAG(s) 'load_ergast_data' retrieved from /opt/airflow/dags/load_ergast_data.py
[2026-06-18T16:34:48.789+0000] {logging_mixin.py:188} INFO - [2026-06-18T16:34:48.786+0000] {dag.py:3096} INFO - Sync 1 DAGs
[2026-06-18T16:34:48.831+0000] {logging_mixin.py:188} INFO - [2026-06-18T16:34:48.831+0000] {dag.py:3954} INFO - Setting next_dagrun for load_ergast_data to None, run_after=None
[2026-06-18T16:34:48.863+0000] {processor.py:183} INFO - Processing /opt/airflow/dags/load_ergast_data.py took 0.694 seconds
[2026-06-18T16:35:19.111+0000] {processor.py:161} INFO - Started process (PID=472) to work on /opt/airflow/dags/load_ergast_data.py
[2026-06-18T16:35:19.114+0000] {processor.py:830} INFO - Processing file /opt/airflow/dags/load_ergast_data.py for tasks to queue
[2026-06-18T16:35:19.116+0000] {logging_mixin.py:188} INFO - [2026-06-18T16:35:19.116+0000] {dagbag.py:545} INFO - Filling up the DagBag from /opt/airflow/dags/load_ergast_data.py
[2026-06-18T16:35:19.451+0000] {processor.py:840} INFO - DAG(s) 'load_ergast_data' retrieved from /opt/airflow/dags/load_ergast_data.py
[2026-06-18T16:35:19.501+0000] {logging_mixin.py:188} INFO - [2026-06-18T16:35:19.501+0000] {dag.py:3096} INFO - Sync 1 DAGs
[2026-06-18T16:35:19.519+0000] {logging_mixin.py:188} INFO - [2026-06-18T16:35:19.519+0000] {dag.py:3954} INFO - Setting next_dagrun for load_ergast_data to None, run_after=None
[2026-06-18T16:35:19.541+0000] {processor.py:183} INFO - Processing /opt/airflow/dags/load_ergast_data.py took 0.443 seconds
[2026-06-18T16:35:49.805+0000] {processor.py:161} INFO - Started process (PID=478) to work on /opt/airflow/dags/load_ergast_data.py
[2026-06-18T16:35:49.807+0000] {processor.py:830} INFO - Processing file /opt/airflow/dags/load_ergast_data.py for tasks to queue
[2026-06-18T16:35:49.809+0000] {logging_mixin.py:188} INFO - [2026-06-18T16:35:49.809+0000] {dagbag.py:545} INFO - Filling up the DagBag from /opt/airflow/dags/load_ergast_data.py
[2026-06-18T16:35:50.129+0000] {processor.py:840} INFO - DAG(s) 'load_ergast_data' retrieved from /opt/airflow/dags/load_ergast_data.py
[2026-06-18T16:35:50.159+0000] {logging_mixin.py:188} INFO - [2026-06-18T16:35:50.159+0000] {dag.py:3096} INFO - Sync 1 DAGs
[2026-06-18T16:35:50.171+0000] {logging_mixin.py:188} INFO - [2026-06-18T16:35:50.170+0000] {dag.py:3954} INFO - Setting next_dagrun for load_ergast_data to None, run_after=None
[2026-06-18T16:35:50.191+0000] {processor.py:183} INFO - Processing /opt/airflow/dags/load_ergast_data.py took 0.392 seconds
[2026-06-18T16:36:20.466+0000] {processor.py:161} INFO - Started process (PID=484) to work on /opt/airflow/dags/load_ergast_data.py
[2026-06-18T16:36:20.471+0000] {processor.py:830} INFO - Processing file /opt/airflow/dags/load_ergast_data.py for tasks to queue
[2026-06-18T16:36:20.474+0000] {logging_mixin.py:188} INFO - [2026-06-18T16:36:20.473+0000] {dagbag.py:545} INFO - Filling up the DagBag from /opt/airflow/dags/load_ergast_data.py
[2026-06-18T16:36:20.776+0000] {processor.py:840} INFO - DAG(s) 'load_ergast_data' retrieved from /opt/airflow/dags/load_ergast_data.py
[2026-06-18T16:36:20.812+0000] {logging_mixin.py:188} INFO - [2026-06-18T16:36:20.812+0000] {dag.py:3096} INFO - Sync 1 DAGs
[2026-06-18T16:36:20.849+0000] {logging_mixin.py:188} INFO - [2026-06-18T16:36:20.849+0000] {dag.py:3954} INFO - Setting next_dagrun for load_ergast_data to None, run_after=None
[2026-06-18T16:36:20.888+0000] {processor.py:183} INFO - Processing /opt/airflow/dags/load_ergast_data.py took 0.428 seconds
[2026-06-18T16:36:51.508+0000] {processor.py:161} INFO - Started process (PID=492) to work on /opt/airflow/dags/load_ergast_data.py
[2026-06-18T16:36:51.515+0000] {processor.py:830} INFO - Processing file /opt/airflow/dags/load_ergast_data.py for tasks to queue
[2026-06-18T16:36:51.533+0000] {logging_mixin.py:188} INFO - [2026-06-18T16:36:51.531+0000] {dagbag.py:545} INFO - Filling up the DagBag from /opt/airflow/dags/load_ergast_data.py
[2026-06-18T16:36:53.544+0000] {processor.py:840} INFO - DAG(s) 'load_ergast_data' retrieved from /opt/airflow/dags/load_ergast_data.py
[2026-06-18T16:36:53.764+0000] {logging_mixin.py:188} INFO - [2026-06-18T16:36:53.762+0000] {dag.py:3096} INFO - Sync 1 DAGs
[2026-06-18T16:36:53.891+0000] {logging_mixin.py:188} INFO - [2026-06-18T16:36:53.891+0000] {dag.py:3954} INFO - Setting next_dagrun for load_ergast_data to None, run_after=None
[2026-06-18T16:36:53.969+0000] {processor.py:183} INFO - Processing /opt/airflow/dags/load_ergast_data.py took 2.541 seconds
[2026-06-18T16:37:24.289+0000] {processor.py:161} INFO - Started process (PID=499) to work on /opt/airflow/dags/load_ergast_data.py
[2026-06-18T16:37:24.292+0000] {processor.py:830} INFO - Processing file /opt/airflow/dags/load_ergast_data.py for tasks to queue
[2026-06-18T16:37:24.301+0000] {logging_mixin.py:188} INFO - [2026-06-18T16:37:24.300+0000] {dagbag.py:545} INFO - Filling up the DagBag from /opt/airflow/dags/load_ergast_data.py
[2026-06-18T16:37:25.020+0000] {processor.py:840} INFO - DAG(s) 'load_ergast_data' retrieved from /opt/airflow/dags/load_ergast_data.py
[2026-06-18T16:37:25.062+0000] {logging_mixin.py:188} INFO - [2026-06-18T16:37:25.061+0000] {dag.py:3096} INFO - Sync 1 DAGs
[2026-06-18T16:37:25.099+0000] {logging_mixin.py:188} INFO - [2026-06-18T16:37:25.099+0000] {dag.py:3954} INFO - Setting next_dagrun for load_ergast_data to None, run_after=None
[2026-06-18T16:37:25.673+0000] {processor.py:183} INFO - Processing /opt/airflow/dags/load_ergast_data.py took 1.408 seconds
[2026-06-18T16:37:56.029+0000] {processor.py:161} INFO - Started process (PID=505) to work on /opt/airflow/dags/load_ergast_data.py
[2026-06-18T16:37:56.031+0000] {processor.py:830} INFO - Processing file /opt/airflow/dags/load_ergast_data.py for tasks to queue
[2026-06-18T16:37:56.033+0000] {logging_mixin.py:188} INFO - [2026-06-18T16:37:56.033+0000] {dagbag.py:545} INFO - Filling up the DagBag from /opt/airflow/dags/load_ergast_data.py
[2026-06-18T16:37:57.043+0000] {processor.py:840} INFO - DAG(s) 'load_ergast_data' retrieved from /opt/airflow/dags/load_ergast_data.py
[2026-06-18T16:37:57.304+0000] {logging_mixin.py:188} INFO - [2026-06-18T16:37:57.303+0000] {dag.py:3096} INFO - Sync 1 DAGs
[2026-06-18T16:37:57.605+0000] {logging_mixin.py:188} INFO - [2026-06-18T16:37:57.604+0000] {dag.py:3954} INFO - Setting next_dagrun for load_ergast_data to None, run_after=None
[2026-06-18T16:37:57.814+0000] {processor.py:183} INFO - Processing /opt/airflow/dags/load_ergast_data.py took 1.790 seconds
[2026-06-18T16:38:27.958+0000] {processor.py:161} INFO - Started process (PID=511) to work on /opt/airflow/dags/load_ergast_data.py
[2026-06-18T16:38:27.961+0000] {processor.py:830} INFO - Processing file /opt/airflow/dags/load_ergast_data.py for tasks to queue
[2026-06-18T16:38:27.965+0000] {logging_mixin.py:188} INFO - [2026-06-18T16:38:27.964+0000] {dagbag.py:545} INFO - Filling up the DagBag from /opt/airflow/dags/load_ergast_data.py
[2026-06-18T16:38:28.477+0000] {processor.py:840} INFO - DAG(s) 'load_ergast_data' retrieved from /opt/airflow/dags/load_ergast_data.py
[2026-06-18T16:38:28.518+0000] {logging_mixin.py:188} INFO - [2026-06-18T16:38:28.517+0000] {dag.py:3096} INFO - Sync 1 DAGs
[2026-06-18T16:38:28.551+0000] {logging_mixin.py:188} INFO - [2026-06-18T16:38:28.550+0000] {dag.py:3954} INFO - Setting next_dagrun for load_ergast_data to None, run_after=None
[2026-06-18T16:38:28.593+0000] {processor.py:183} INFO - Processing /opt/airflow/dags/load_ergast_data.py took 0.645 seconds
[2026-06-18T16:38:59.357+0000] {processor.py:161} INFO - Started process (PID=517) to work on /opt/airflow/dags/load_ergast_data.py
[2026-06-18T16:38:59.358+0000] {processor.py:830} INFO - Processing file /opt/airflow/dags/load_ergast_data.py for tasks to queue
[2026-06-18T16:38:59.361+0000] {logging_mixin.py:188} INFO - [2026-06-18T16:38:59.360+0000] {dagbag.py:545} INFO - Filling up the DagBag from /opt/airflow/dags/load_ergast_data.py
[2026-06-18T16:38:59.698+0000] {processor.py:840} INFO - DAG(s) 'load_ergast_data' retrieved from /opt/airflow/dags/load_ergast_data.py
[2026-06-18T16:38:59.726+0000] {logging_mixin.py:188} INFO - [2026-06-18T16:38:59.726+0000] {dag.py:3096} INFO - Sync 1 DAGs
[2026-06-18T16:38:59.739+0000] {logging_mixin.py:188} INFO - [2026-06-18T16:38:59.738+0000] {dag.py:3954} INFO - Setting next_dagrun for load_ergast_data to None, run_after=None
[2026-06-18T16:38:59.757+0000] {processor.py:183} INFO - Processing /opt/airflow/dags/load_ergast_data.py took 0.406 seconds
[2026-06-18T16:39:29.966+0000] {processor.py:161} INFO - Started process (PID=523) to work on /opt/airflow/dags/load_ergast_data.py
[2026-06-18T16:39:29.967+0000] {processor.py:830} INFO - Processing file /opt/airflow/dags/load_ergast_data.py for tasks to queue
[2026-06-18T16:39:29.970+0000] {logging_mixin.py:188} INFO - [2026-06-18T16:39:29.969+0000] {dagbag.py:545} INFO - Filling up the DagBag from /opt/airflow/dags/load_ergast_data.py
[2026-06-18T16:39:30.268+0000] {processor.py:840} INFO - DAG(s) 'load_ergast_data' retrieved from /opt/airflow/dags/load_ergast_data.py
[2026-06-18T16:39:30.310+0000] {logging_mixin.py:188} INFO - [2026-06-18T16:39:30.309+0000] {dag.py:3096} INFO - Sync 1 DAGs
[2026-06-18T16:39:30.321+0000] {logging_mixin.py:188} INFO - [2026-06-18T16:39:30.321+0000] {dag.py:3954} INFO - Setting next_dagrun for load_ergast_data to None, run_after=None
[2026-06-18T16:39:30.346+0000] {processor.py:183} INFO - Processing /opt/airflow/dags/load_ergast_data.py took 0.393 seconds
[2026-06-18T16:40:00.627+0000] {processor.py:161} INFO - Started process (PID=529) to work on /opt/airflow/dags/load_ergast_data.py
[2026-06-18T16:40:00.629+0000] {processor.py:830} INFO - Processing file /opt/airflow/dags/load_ergast_data.py for tasks to queue
[2026-06-18T16:40:00.631+0000] {logging_mixin.py:188} INFO - [2026-06-18T16:40:00.631+0000] {dagbag.py:545} INFO - Filling up the DagBag from /opt/airflow/dags/load_ergast_data.py
[2026-06-18T16:40:00.900+0000] {processor.py:840} INFO - DAG(s) 'load_ergast_data' retrieved from /opt/airflow/dags/load_ergast_data.py
[2026-06-18T16:40:00.930+0000] {logging_mixin.py:188} INFO - [2026-06-18T16:40:00.929+0000] {dag.py:3096} INFO - Sync 1 DAGs
[2026-06-18T16:40:00.942+0000] {logging_mixin.py:188} INFO - [2026-06-18T16:40:00.942+0000] {dag.py:3954} INFO - Setting next_dagrun for load_ergast_data to None, run_after=None
[2026-06-18T16:40:00.965+0000] {processor.py:183} INFO - Processing /opt/airflow/dags/load_ergast_data.py took 0.345 seconds
[2026-06-18T16:40:31.241+0000] {processor.py:161} INFO - Started process (PID=535) to work on /opt/airflow/dags/load_ergast_data.py
[2026-06-18T16:40:31.242+0000] {processor.py:830} INFO - Processing file /opt/airflow/dags/load_ergast_data.py for tasks to queue
[2026-06-18T16:40:31.245+0000] {logging_mixin.py:188} INFO - [2026-06-18T16:40:31.244+0000] {dagbag.py:545} INFO - Filling up the DagBag from /opt/airflow/dags/load_ergast_data.py
[2026-06-18T16:40:31.656+0000] {processor.py:840} INFO - DAG(s) 'load_ergast_data' retrieved from /opt/airflow/dags/load_ergast_data.py
[2026-06-18T16:40:31.693+0000] {logging_mixin.py:188} INFO - [2026-06-18T16:40:31.692+0000] {dag.py:3096} INFO - Sync 1 DAGs
[2026-06-18T16:40:31.711+0000] {logging_mixin.py:188} INFO - [2026-06-18T16:40:31.711+0000] {dag.py:3954} INFO - Setting next_dagrun for load_ergast_data to None, run_after=None
[2026-06-18T16:40:32.601+0000] {processor.py:183} INFO - Processing /opt/airflow/dags/load_ergast_data.py took 1.365 seconds
[2026-06-18T16:41:02.902+0000] {processor.py:161} INFO - Started process (PID=541) to work on /opt/airflow/dags/load_ergast_data.py
[2026-06-18T16:41:02.903+0000] {processor.py:830} INFO - Processing file /opt/airflow/dags/load_ergast_data.py for tasks to queue
[2026-06-18T16:41:02.907+0000] {logging_mixin.py:188} INFO - [2026-06-18T16:41:02.906+0000] {dagbag.py:545} INFO - Filling up the DagBag from /opt/airflow/dags/load_ergast_data.py
[2026-06-18T16:41:03.196+0000] {processor.py:840} INFO - DAG(s) 'load_ergast_data' retrieved from /opt/airflow/dags/load_ergast_data.py
[2026-06-18T16:41:03.225+0000] {logging_mixin.py:188} INFO - [2026-06-18T16:41:03.224+0000] {dag.py:3096} INFO - Sync 1 DAGs
[2026-06-18T16:41:03.835+0000] {logging_mixin.py:188} INFO - [2026-06-18T16:41:03.835+0000] {dag.py:3954} INFO - Setting next_dagrun for load_ergast_data to None, run_after=None
[2026-06-18T16:41:03.854+0000] {processor.py:183} INFO - Processing /opt/airflow/dags/load_ergast_data.py took 0.958 seconds
[2026-06-18T16:41:34.124+0000] {processor.py:161} INFO - Started process (PID=547) to work on /opt/airflow/dags/load_ergast_data.py
[2026-06-18T16:41:34.125+0000] {processor.py:830} INFO - Processing file /opt/airflow/dags/load_ergast_data.py for tasks to queue
[2026-06-18T16:41:34.127+0000] {logging_mixin.py:188} INFO - [2026-06-18T16:41:34.127+0000] {dagbag.py:545} INFO - Filling up the DagBag from /opt/airflow/dags/load_ergast_data.py
[2026-06-18T16:41:34.459+0000] {processor.py:840} INFO - DAG(s) 'load_ergast_data' retrieved from /opt/airflow/dags/load_ergast_data.py
[2026-06-18T16:41:34.490+0000] {logging_mixin.py:188} INFO - [2026-06-18T16:41:34.489+0000] {dag.py:3096} INFO - Sync 1 DAGs
[2026-06-18T16:41:34.500+0000] {logging_mixin.py:188} INFO - [2026-06-18T16:41:34.500+0000] {dag.py:3954} INFO - Setting next_dagrun for load_ergast_data to None, run_after=None
[2026-06-18T16:41:34.519+0000] {processor.py:183} INFO - Processing /opt/airflow/dags/load_ergast_data.py took 0.401 seconds
[2026-06-18T16:42:04.842+0000] {processor.py:161} INFO - Started process (PID=553) to work on /opt/airflow/dags/load_ergast_data.py
[2026-06-18T16:42:04.844+0000] {processor.py:830} INFO - Processing file /opt/airflow/dags/load_ergast_data.py for tasks to queue
[2026-06-18T16:42:04.847+0000] {logging_mixin.py:188} INFO - [2026-06-18T16:42:04.847+0000] {dagbag.py:545} INFO - Filling up the DagBag from /opt/airflow/dags/load_ergast_data.py
[2026-06-18T16:42:05.163+0000] {processor.py:840} INFO - DAG(s) 'load_ergast_data' retrieved from /opt/airflow/dags/load_ergast_data.py
[2026-06-18T16:42:05.213+0000] {logging_mixin.py:188} INFO - [2026-06-18T16:42:05.212+0000] {dag.py:3096} INFO - Sync 1 DAGs
[2026-06-18T16:42:05.247+0000] {logging_mixin.py:188} INFO - [2026-06-18T16:42:05.247+0000] {dag.py:3954} INFO - Setting next_dagrun for load_ergast_data to None, run_after=None
[2026-06-18T16:42:05.279+0000] {processor.py:183} INFO - Processing /opt/airflow/dags/load_ergast_data.py took 0.444 seconds
[2026-06-18T16:42:35.606+0000] {processor.py:161} INFO - Started process (PID=559) to work on /opt/airflow/dags/load_ergast_data.py
[2026-06-18T16:42:35.619+0000] {processor.py:830} INFO - Processing file /opt/airflow/dags/load_ergast_data.py for tasks to queue
[2026-06-18T16:42:35.645+0000] {logging_mixin.py:188} INFO - [2026-06-18T16:42:35.644+0000] {dagbag.py:545} INFO - Filling up the DagBag from /opt/airflow/dags/load_ergast_data.py
[2026-06-18T16:42:35.995+0000] {processor.py:840} INFO - DAG(s) 'load_ergast_data' retrieved from /opt/airflow/dags/load_ergast_data.py
[2026-06-18T16:42:36.026+0000] {logging_mixin.py:188} INFO - [2026-06-18T16:42:36.026+0000] {dag.py:3096} INFO - Sync 1 DAGs
[2026-06-18T16:42:36.043+0000] {logging_mixin.py:188} INFO - [2026-06-18T16:42:36.043+0000] {dag.py:3954} INFO - Setting next_dagrun for load_ergast_data to None, run_after=None
[2026-06-18T16:42:36.073+0000] {processor.py:183} INFO - Processing /opt/airflow/dags/load_ergast_data.py took 0.509 seconds
[2026-06-18T16:43:06.449+0000] {processor.py:161} INFO - Started process (PID=565) to work on /opt/airflow/dags/load_ergast_data.py
[2026-06-18T16:43:06.451+0000] {processor.py:830} INFO - Processing file /opt/airflow/dags/load_ergast_data.py for tasks to queue
[2026-06-18T16:43:06.454+0000] {logging_mixin.py:188} INFO - [2026-06-18T16:43:06.453+0000] {dagbag.py:545} INFO - Filling up the DagBag from /opt/airflow/dags/load_ergast_data.py
[2026-06-18T16:43:06.800+0000] {processor.py:840} INFO - DAG(s) 'load_ergast_data' retrieved from /opt/airflow/dags/load_ergast_data.py
[2026-06-18T16:43:06.833+0000] {logging_mixin.py:188} INFO - [2026-06-18T16:43:06.833+0000] {dag.py:3096} INFO - Sync 1 DAGs
[2026-06-18T16:43:06.848+0000] {logging_mixin.py:188} INFO - [2026-06-18T16:43:06.847+0000] {dag.py:3954} INFO - Setting next_dagrun for load_ergast_data to None, run_after=None
[2026-06-18T16:43:06.870+0000] {processor.py:183} INFO - Processing /opt/airflow/dags/load_ergast_data.py took 0.427 seconds
