[2026-06-19T16:28:46.003+0000] {local_task_job_runner.py:120} INFO - ::group::Pre task execution logs
[2026-06-19T16:28:46.067+0000] {taskinstance.py:2076} INFO - Dependencies all met for dep_context=non-requeueable deps ti=<TaskInstance: load_ergast_data.load_drivers manual__2026-06-19T16:28:42.964306+00:00 [queued]>
[2026-06-19T16:28:46.085+0000] {taskinstance.py:2076} INFO - Dependencies all met for dep_context=requeueable deps ti=<TaskInstance: load_ergast_data.load_drivers manual__2026-06-19T16:28:42.964306+00:00 [queued]>
[2026-06-19T16:28:46.086+0000] {taskinstance.py:2306} INFO - Starting attempt 1 of 1
[2026-06-19T16:28:46.118+0000] {taskinstance.py:2330} INFO - Executing <Task(PythonOperator): load_drivers> on 2026-06-19 16:28:42.964306+00:00
[2026-06-19T16:28:46.158+0000] {logging_mixin.py:188} WARNING - /home/***/.local/lib/python3.12/site-packages/***/task/task_runner/standard_task_runner.py:61 DeprecationWarning: This process (pid=408) is multi-threaded, use of fork() may lead to deadlocks in the child.
[2026-06-19T16:28:46.163+0000] {standard_task_runner.py:63} INFO - Started process 410 to run task
[2026-06-19T16:28:46.152+0000] {standard_task_runner.py:90} INFO - Running: ['***', 'tasks', 'run', 'load_ergast_data', 'load_drivers', 'manual__2026-06-19T16:28:42.964306+00:00', '--job-id', '16', '--raw', '--subdir', 'DAGS_FOLDER/load_ergast_data.py', '--cfg-path', '/tmp/tmpp51u4q38']
[2026-06-19T16:28:46.164+0000] {standard_task_runner.py:91} INFO - Job 16: Subtask load_drivers
[2026-06-19T16:28:46.362+0000] {task_command.py:426} INFO - Running <TaskInstance: load_ergast_data.load_drivers manual__2026-06-19T16:28:42.964306+00:00 [running]> on host b7107f8764eb
[2026-06-19T16:28:47.549+0000] {taskinstance.py:2648} INFO - Exporting env vars: AIRFLOW_CTX_DAG_OWNER='***' AIRFLOW_CTX_DAG_ID='load_ergast_data' AIRFLOW_CTX_TASK_ID='load_drivers' AIRFLOW_CTX_EXECUTION_DATE='2026-06-19T16:28:42.964306+00:00' AIRFLOW_CTX_TRY_NUMBER='1' AIRFLOW_CTX_DAG_RUN_ID='manual__2026-06-19T16:28:42.964306+00:00'
[2026-06-19T16:28:47.552+0000] {taskinstance.py:430} INFO - ::endgroup::
[2026-06-19T16:28:47.669+0000] {taskinstance.py:441} INFO - ::group::Post task execution logs
[2026-06-19T16:28:47.671+0000] {taskinstance.py:2905} ERROR - Task failed with exception
Traceback (most recent call last):
  File "/home/airflow/.local/lib/python3.12/site-packages/airflow/models/taskinstance.py", line 465, in _execute_task
    result = _execute_callable(context=context, **execute_callable_kwargs)
             ^^^^^^^^^^^^^^^^^^^^^^^^^^^^^^^^^^^^^^^^^^^^^^^^^^^^^^^^^^^^^
  File "/home/airflow/.local/lib/python3.12/site-packages/airflow/models/taskinstance.py", line 432, in _execute_callable
    return execute_callable(context=context, **execute_callable_kwargs)
           ^^^^^^^^^^^^^^^^^^^^^^^^^^^^^^^^^^^^^^^^^^^^^^^^^^^^^^^^^^^^
  File "/home/airflow/.local/lib/python3.12/site-packages/airflow/models/baseoperator.py", line 400, in wrapper
    return func(self, *args, **kwargs)
           ^^^^^^^^^^^^^^^^^^^^^^^^^^^
  File "/home/airflow/.local/lib/python3.12/site-packages/airflow/operators/python.py", line 235, in execute
    return_value = self.execute_callable()
                   ^^^^^^^^^^^^^^^^^^^^^^^
  File "/home/airflow/.local/lib/python3.12/site-packages/airflow/operators/python.py", line 252, in execute_callable
    return self.python_callable(*self.op_args, **self.op_kwargs)
           ^^^^^^^^^^^^^^^^^^^^^^^^^^^^^^^^^^^^^^^^^^^^^^^^^^^^^
  File "/opt/airflow/dags/load_ergast_data.py", line 22, in load_drivers
    cur.execute("""
psycopg2.errors.UndefinedTable: relation "drivers" does not exist
LINE 2:             INSERT INTO drivers (driver_id, driver_ref, perm...
                                ^

[2026-06-19T16:28:47.691+0000] {taskinstance.py:1206} INFO - Marking task as FAILED. dag_id=load_ergast_data, task_id=load_drivers, run_id=manual__2026-06-19T16:28:42.964306+00:00, execution_date=20260619T162842, start_date=20260619T162846, end_date=20260619T162847
[2026-06-19T16:28:47.750+0000] {standard_task_runner.py:110} ERROR - Failed to execute job 16 for task load_drivers (relation "drivers" does not exist
LINE 2:             INSERT INTO drivers (driver_id, driver_ref, perm...
                                ^
; 410)
[2026-06-19T16:28:47.785+0000] {local_task_job_runner.py:240} INFO - Task exited with return code 1
[2026-06-19T16:28:47.826+0000] {taskinstance.py:3498} INFO - 0 downstream tasks scheduled from follow-on schedule check
[2026-06-19T16:28:47.830+0000] {local_task_job_runner.py:222} INFO - ::endgroup::
