[2026-08-20T16:04:52.249+0000] {processor.py:161} INFO - Started process (PID=251) to work on /opt/airflow/dags/constructor_standings.py
[2026-08-20T16:04:52.269+0000] {processor.py:830} INFO - Processing file /opt/airflow/dags/constructor_standings.py for tasks to queue
[2026-08-20T16:04:52.358+0000] {logging_mixin.py:188} INFO - [2026-08-20T16:04:52.341+0000] {dagbag.py:545} INFO - Filling up the DagBag from /opt/airflow/dags/constructor_standings.py
[2026-08-20T16:04:54.673+0000] {processor.py:840} INFO - DAG(s) 'constructor_standings' retrieved from /opt/airflow/dags/constructor_standings.py
[2026-08-20T16:04:55.025+0000] {logging_mixin.py:188} INFO - [2026-08-20T16:04:55.023+0000] {dag.py:3096} INFO - Sync 1 DAGs
[2026-08-20T16:04:55.223+0000] {logging_mixin.py:188} INFO - [2026-08-20T16:04:55.222+0000] {dag.py:3954} INFO - Setting next_dagrun for constructor_standings to None, run_after=None
[2026-08-20T16:04:55.387+0000] {processor.py:183} INFO - Processing /opt/airflow/dags/constructor_standings.py took 3.250 seconds
[2026-08-20T16:05:26.758+0000] {processor.py:161} INFO - Started process (PID=291) to work on /opt/airflow/dags/constructor_standings.py
[2026-08-20T16:05:26.773+0000] {processor.py:830} INFO - Processing file /opt/airflow/dags/constructor_standings.py for tasks to queue
[2026-08-20T16:05:26.807+0000] {logging_mixin.py:188} INFO - [2026-08-20T16:05:26.803+0000] {dagbag.py:545} INFO - Filling up the DagBag from /opt/airflow/dags/constructor_standings.py
[2026-08-20T16:05:27.599+0000] {processor.py:840} INFO - DAG(s) 'constructor_standings' retrieved from /opt/airflow/dags/constructor_standings.py
[2026-08-20T16:05:28.100+0000] {logging_mixin.py:188} INFO - [2026-08-20T16:05:28.098+0000] {dag.py:3096} INFO - Sync 1 DAGs
[2026-08-20T16:05:28.143+0000] {logging_mixin.py:188} INFO - [2026-08-20T16:05:28.142+0000] {dag.py:3954} INFO - Setting next_dagrun for constructor_standings to None, run_after=None
[2026-08-20T16:05:28.206+0000] {processor.py:183} INFO - Processing /opt/airflow/dags/constructor_standings.py took 1.554 seconds
[2026-08-20T16:05:59.122+0000] {processor.py:161} INFO - Started process (PID=312) to work on /opt/airflow/dags/constructor_standings.py
[2026-08-20T16:05:59.126+0000] {processor.py:830} INFO - Processing file /opt/airflow/dags/constructor_standings.py for tasks to queue
[2026-08-20T16:05:59.144+0000] {logging_mixin.py:188} INFO - [2026-08-20T16:05:59.138+0000] {dagbag.py:545} INFO - Filling up the DagBag from /opt/airflow/dags/constructor_standings.py
[2026-08-20T16:06:00.592+0000] {processor.py:840} INFO - DAG(s) 'constructor_standings' retrieved from /opt/airflow/dags/constructor_standings.py
[2026-08-20T16:06:02.915+0000] {logging_mixin.py:188} INFO - [2026-08-20T16:06:02.914+0000] {dag.py:3096} INFO - Sync 1 DAGs
[2026-08-20T16:06:06.343+0000] {logging_mixin.py:188} INFO - [2026-08-20T16:06:06.342+0000] {dag.py:3954} INFO - Setting next_dagrun for constructor_standings to None, run_after=None
[2026-08-20T16:06:06.634+0000] {processor.py:183} INFO - Processing /opt/airflow/dags/constructor_standings.py took 6.706 seconds
[2026-08-20T16:06:39.600+0000] {processor.py:161} INFO - Started process (PID=387) to work on /opt/airflow/dags/constructor_standings.py
[2026-08-20T16:06:39.617+0000] {processor.py:830} INFO - Processing file /opt/airflow/dags/constructor_standings.py for tasks to queue
[2026-08-20T16:06:39.647+0000] {logging_mixin.py:188} INFO - [2026-08-20T16:06:39.644+0000] {dagbag.py:545} INFO - Filling up the DagBag from /opt/airflow/dags/constructor_standings.py
[2026-08-20T16:06:40.090+0000] {processor.py:840} INFO - DAG(s) 'constructor_standings' retrieved from /opt/airflow/dags/constructor_standings.py
[2026-08-20T16:06:40.216+0000] {logging_mixin.py:188} INFO - [2026-08-20T16:06:40.215+0000] {dag.py:3096} INFO - Sync 1 DAGs
[2026-08-20T16:06:40.322+0000] {logging_mixin.py:188} INFO - [2026-08-20T16:06:40.321+0000] {dag.py:3954} INFO - Setting next_dagrun for constructor_standings to None, run_after=None
[2026-08-20T16:06:40.438+0000] {processor.py:183} INFO - Processing /opt/airflow/dags/constructor_standings.py took 0.920 seconds
[2026-08-20T16:07:12.290+0000] {processor.py:161} INFO - Started process (PID=495) to work on /opt/airflow/dags/constructor_standings.py
[2026-08-20T16:07:12.384+0000] {processor.py:830} INFO - Processing file /opt/airflow/dags/constructor_standings.py for tasks to queue
[2026-08-20T16:07:12.740+0000] {logging_mixin.py:188} INFO - [2026-08-20T16:07:12.705+0000] {dagbag.py:545} INFO - Filling up the DagBag from /opt/airflow/dags/constructor_standings.py
[2026-08-20T16:07:16.374+0000] {processor.py:840} INFO - DAG(s) 'constructor_standings' retrieved from /opt/airflow/dags/constructor_standings.py
[2026-08-20T16:07:16.982+0000] {logging_mixin.py:188} INFO - [2026-08-20T16:07:16.981+0000] {dag.py:3096} INFO - Sync 1 DAGs
[2026-08-20T16:07:17.268+0000] {logging_mixin.py:188} INFO - [2026-08-20T16:07:17.267+0000] {dag.py:3954} INFO - Setting next_dagrun for constructor_standings to None, run_after=None
[2026-08-20T16:07:17.533+0000] {processor.py:183} INFO - Processing /opt/airflow/dags/constructor_standings.py took 5.612 seconds
[2026-08-20T16:07:47.946+0000] {processor.py:161} INFO - Started process (PID=590) to work on /opt/airflow/dags/constructor_standings.py
[2026-08-20T16:07:47.962+0000] {processor.py:830} INFO - Processing file /opt/airflow/dags/constructor_standings.py for tasks to queue
[2026-08-20T16:07:47.989+0000] {logging_mixin.py:188} INFO - [2026-08-20T16:07:47.987+0000] {dagbag.py:545} INFO - Filling up the DagBag from /opt/airflow/dags/constructor_standings.py
[2026-08-20T16:07:49.062+0000] {processor.py:840} INFO - DAG(s) 'constructor_standings' retrieved from /opt/airflow/dags/constructor_standings.py
[2026-08-20T16:07:49.344+0000] {logging_mixin.py:188} INFO - [2026-08-20T16:07:49.344+0000] {dag.py:3096} INFO - Sync 1 DAGs
[2026-08-20T16:07:50.588+0000] {logging_mixin.py:188} INFO - [2026-08-20T16:07:50.587+0000] {dag.py:3954} INFO - Setting next_dagrun for constructor_standings to None, run_after=None
[2026-08-20T16:07:51.441+0000] {processor.py:183} INFO - Processing /opt/airflow/dags/constructor_standings.py took 3.584 seconds
[2026-08-20T16:08:22.066+0000] {processor.py:161} INFO - Started process (PID=613) to work on /opt/airflow/dags/constructor_standings.py
[2026-08-20T16:08:22.087+0000] {processor.py:830} INFO - Processing file /opt/airflow/dags/constructor_standings.py for tasks to queue
[2026-08-20T16:08:22.091+0000] {logging_mixin.py:188} INFO - [2026-08-20T16:08:22.091+0000] {dagbag.py:545} INFO - Filling up the DagBag from /opt/airflow/dags/constructor_standings.py
[2026-08-20T16:08:22.983+0000] {processor.py:840} INFO - DAG(s) 'constructor_standings' retrieved from /opt/airflow/dags/constructor_standings.py
[2026-08-20T16:08:23.821+0000] {logging_mixin.py:188} INFO - [2026-08-20T16:08:23.820+0000] {dag.py:3096} INFO - Sync 1 DAGs
[2026-08-20T16:08:23.901+0000] {logging_mixin.py:188} INFO - [2026-08-20T16:08:23.900+0000] {dag.py:3954} INFO - Setting next_dagrun for constructor_standings to None, run_after=None
[2026-08-20T16:08:24.140+0000] {processor.py:183} INFO - Processing /opt/airflow/dags/constructor_standings.py took 2.082 seconds
[2026-08-20T16:08:54.776+0000] {processor.py:161} INFO - Started process (PID=634) to work on /opt/airflow/dags/constructor_standings.py
[2026-08-20T16:08:54.777+0000] {processor.py:830} INFO - Processing file /opt/airflow/dags/constructor_standings.py for tasks to queue
[2026-08-20T16:08:54.780+0000] {logging_mixin.py:188} INFO - [2026-08-20T16:08:54.780+0000] {dagbag.py:545} INFO - Filling up the DagBag from /opt/airflow/dags/constructor_standings.py
[2026-08-20T16:08:54.901+0000] {processor.py:840} INFO - DAG(s) 'constructor_standings' retrieved from /opt/airflow/dags/constructor_standings.py
[2026-08-20T16:08:54.930+0000] {logging_mixin.py:188} INFO - [2026-08-20T16:08:54.929+0000] {dag.py:3096} INFO - Sync 1 DAGs
[2026-08-20T16:08:54.944+0000] {logging_mixin.py:188} INFO - [2026-08-20T16:08:54.944+0000] {dag.py:3954} INFO - Setting next_dagrun for constructor_standings to None, run_after=None
[2026-08-20T16:08:54.968+0000] {processor.py:183} INFO - Processing /opt/airflow/dags/constructor_standings.py took 0.225 seconds
[2026-08-20T16:09:25.113+0000] {processor.py:161} INFO - Started process (PID=655) to work on /opt/airflow/dags/constructor_standings.py
[2026-08-20T16:09:25.116+0000] {processor.py:830} INFO - Processing file /opt/airflow/dags/constructor_standings.py for tasks to queue
[2026-08-20T16:09:25.120+0000] {logging_mixin.py:188} INFO - [2026-08-20T16:09:25.119+0000] {dagbag.py:545} INFO - Filling up the DagBag from /opt/airflow/dags/constructor_standings.py
[2026-08-20T16:09:25.262+0000] {processor.py:840} INFO - DAG(s) 'constructor_standings' retrieved from /opt/airflow/dags/constructor_standings.py
[2026-08-20T16:09:25.314+0000] {logging_mixin.py:188} INFO - [2026-08-20T16:09:25.313+0000] {dag.py:3096} INFO - Sync 1 DAGs
[2026-08-20T16:09:25.333+0000] {logging_mixin.py:188} INFO - [2026-08-20T16:09:25.333+0000] {dag.py:3954} INFO - Setting next_dagrun for constructor_standings to None, run_after=None
[2026-08-20T16:09:25.360+0000] {processor.py:183} INFO - Processing /opt/airflow/dags/constructor_standings.py took 0.255 seconds
[2026-08-20T16:10:07.534+0000] {processor.py:161} INFO - Started process (PID=674) to work on /opt/airflow/dags/constructor_standings.py
[2026-08-20T16:10:07.552+0000] {processor.py:830} INFO - Processing file /opt/airflow/dags/constructor_standings.py for tasks to queue
[2026-08-20T16:10:07.595+0000] {logging_mixin.py:188} INFO - [2026-08-20T16:10:07.589+0000] {dagbag.py:545} INFO - Filling up the DagBag from /opt/airflow/dags/constructor_standings.py
[2026-08-20T16:10:07.910+0000] {processor.py:840} INFO - DAG(s) 'constructor_standings' retrieved from /opt/airflow/dags/constructor_standings.py
[2026-08-20T16:10:08.002+0000] {logging_mixin.py:188} INFO - [2026-08-20T16:10:08.002+0000] {dag.py:3096} INFO - Sync 1 DAGs
[2026-08-20T16:10:08.017+0000] {logging_mixin.py:188} INFO - [2026-08-20T16:10:08.016+0000] {dag.py:3954} INFO - Setting next_dagrun for constructor_standings to None, run_after=None
[2026-08-20T16:10:08.048+0000] {processor.py:183} INFO - Processing /opt/airflow/dags/constructor_standings.py took 0.752 seconds
[2026-08-20T16:10:38.277+0000] {processor.py:161} INFO - Started process (PID=691) to work on /opt/airflow/dags/constructor_standings.py
[2026-08-20T16:10:38.278+0000] {processor.py:830} INFO - Processing file /opt/airflow/dags/constructor_standings.py for tasks to queue
[2026-08-20T16:10:38.281+0000] {logging_mixin.py:188} INFO - [2026-08-20T16:10:38.281+0000] {dagbag.py:545} INFO - Filling up the DagBag from /opt/airflow/dags/constructor_standings.py
[2026-08-20T16:10:38.749+0000] {processor.py:840} INFO - DAG(s) 'constructor_standings' retrieved from /opt/airflow/dags/constructor_standings.py
[2026-08-20T16:10:38.965+0000] {logging_mixin.py:188} INFO - [2026-08-20T16:10:38.964+0000] {dag.py:3096} INFO - Sync 1 DAGs
[2026-08-20T16:10:39.034+0000] {logging_mixin.py:188} INFO - [2026-08-20T16:10:39.034+0000] {dag.py:3954} INFO - Setting next_dagrun for constructor_standings to None, run_after=None
[2026-08-20T16:10:39.161+0000] {processor.py:183} INFO - Processing /opt/airflow/dags/constructor_standings.py took 0.891 seconds
[2026-08-20T16:11:09.750+0000] {processor.py:161} INFO - Started process (PID=712) to work on /opt/airflow/dags/constructor_standings.py
[2026-08-20T16:11:09.753+0000] {processor.py:830} INFO - Processing file /opt/airflow/dags/constructor_standings.py for tasks to queue
[2026-08-20T16:11:09.756+0000] {logging_mixin.py:188} INFO - [2026-08-20T16:11:09.756+0000] {dagbag.py:545} INFO - Filling up the DagBag from /opt/airflow/dags/constructor_standings.py
[2026-08-20T16:11:09.913+0000] {processor.py:840} INFO - DAG(s) 'constructor_standings' retrieved from /opt/airflow/dags/constructor_standings.py
[2026-08-20T16:11:09.966+0000] {logging_mixin.py:188} INFO - [2026-08-20T16:11:09.966+0000] {dag.py:3096} INFO - Sync 1 DAGs
[2026-08-20T16:11:09.981+0000] {logging_mixin.py:188} INFO - [2026-08-20T16:11:09.981+0000] {dag.py:3954} INFO - Setting next_dagrun for constructor_standings to None, run_after=None
[2026-08-20T16:11:10.000+0000] {processor.py:183} INFO - Processing /opt/airflow/dags/constructor_standings.py took 0.258 seconds
[2026-08-20T16:11:40.155+0000] {processor.py:161} INFO - Started process (PID=733) to work on /opt/airflow/dags/constructor_standings.py
[2026-08-20T16:11:40.157+0000] {processor.py:830} INFO - Processing file /opt/airflow/dags/constructor_standings.py for tasks to queue
[2026-08-20T16:11:40.161+0000] {logging_mixin.py:188} INFO - [2026-08-20T16:11:40.160+0000] {dagbag.py:545} INFO - Filling up the DagBag from /opt/airflow/dags/constructor_standings.py
[2026-08-20T16:11:40.294+0000] {processor.py:840} INFO - DAG(s) 'constructor_standings' retrieved from /opt/airflow/dags/constructor_standings.py
[2026-08-20T16:11:40.335+0000] {logging_mixin.py:188} INFO - [2026-08-20T16:11:40.334+0000] {dag.py:3096} INFO - Sync 1 DAGs
[2026-08-20T16:11:40.355+0000] {logging_mixin.py:188} INFO - [2026-08-20T16:11:40.355+0000] {dag.py:3954} INFO - Setting next_dagrun for constructor_standings to None, run_after=None
[2026-08-20T16:11:40.387+0000] {processor.py:183} INFO - Processing /opt/airflow/dags/constructor_standings.py took 0.244 seconds
[2026-08-20T16:12:10.632+0000] {processor.py:161} INFO - Started process (PID=754) to work on /opt/airflow/dags/constructor_standings.py
[2026-08-20T16:12:10.634+0000] {processor.py:830} INFO - Processing file /opt/airflow/dags/constructor_standings.py for tasks to queue
[2026-08-20T16:12:10.638+0000] {logging_mixin.py:188} INFO - [2026-08-20T16:12:10.637+0000] {dagbag.py:545} INFO - Filling up the DagBag from /opt/airflow/dags/constructor_standings.py
[2026-08-20T16:12:10.923+0000] {processor.py:840} INFO - DAG(s) 'constructor_standings' retrieved from /opt/airflow/dags/constructor_standings.py
[2026-08-20T16:12:10.953+0000] {logging_mixin.py:188} INFO - [2026-08-20T16:12:10.952+0000] {dag.py:3096} INFO - Sync 1 DAGs
[2026-08-20T16:12:10.973+0000] {logging_mixin.py:188} INFO - [2026-08-20T16:12:10.973+0000] {dag.py:3954} INFO - Setting next_dagrun for constructor_standings to None, run_after=None
[2026-08-20T16:12:11.003+0000] {processor.py:183} INFO - Processing /opt/airflow/dags/constructor_standings.py took 0.384 seconds
[2026-08-20T16:12:41.422+0000] {processor.py:161} INFO - Started process (PID=775) to work on /opt/airflow/dags/constructor_standings.py
[2026-08-20T16:12:41.424+0000] {processor.py:830} INFO - Processing file /opt/airflow/dags/constructor_standings.py for tasks to queue
[2026-08-20T16:12:41.428+0000] {logging_mixin.py:188} INFO - [2026-08-20T16:12:41.427+0000] {dagbag.py:545} INFO - Filling up the DagBag from /opt/airflow/dags/constructor_standings.py
[2026-08-20T16:12:41.660+0000] {processor.py:840} INFO - DAG(s) 'constructor_standings' retrieved from /opt/airflow/dags/constructor_standings.py
[2026-08-20T16:12:41.725+0000] {logging_mixin.py:188} INFO - [2026-08-20T16:12:41.724+0000] {dag.py:3096} INFO - Sync 1 DAGs
[2026-08-20T16:12:41.783+0000] {logging_mixin.py:188} INFO - [2026-08-20T16:12:41.782+0000] {dag.py:3954} INFO - Setting next_dagrun for constructor_standings to None, run_after=None
[2026-08-20T16:12:41.837+0000] {processor.py:183} INFO - Processing /opt/airflow/dags/constructor_standings.py took 0.423 seconds
[2026-08-20T16:13:12.321+0000] {processor.py:161} INFO - Started process (PID=796) to work on /opt/airflow/dags/constructor_standings.py
[2026-08-20T16:13:12.335+0000] {processor.py:830} INFO - Processing file /opt/airflow/dags/constructor_standings.py for tasks to queue
[2026-08-20T16:13:12.364+0000] {logging_mixin.py:188} INFO - [2026-08-20T16:13:12.361+0000] {dagbag.py:545} INFO - Filling up the DagBag from /opt/airflow/dags/constructor_standings.py
[2026-08-20T16:13:12.774+0000] {processor.py:840} INFO - DAG(s) 'constructor_standings' retrieved from /opt/airflow/dags/constructor_standings.py
[2026-08-20T16:13:12.805+0000] {logging_mixin.py:188} INFO - [2026-08-20T16:13:12.804+0000] {dag.py:3096} INFO - Sync 1 DAGs
[2026-08-20T16:13:12.822+0000] {logging_mixin.py:188} INFO - [2026-08-20T16:13:12.822+0000] {dag.py:3954} INFO - Setting next_dagrun for constructor_standings to None, run_after=None
[2026-08-20T16:13:12.848+0000] {processor.py:183} INFO - Processing /opt/airflow/dags/constructor_standings.py took 0.611 seconds
[2026-08-20T16:13:43.394+0000] {processor.py:161} INFO - Started process (PID=822) to work on /opt/airflow/dags/constructor_standings.py
[2026-08-20T16:13:43.395+0000] {processor.py:830} INFO - Processing file /opt/airflow/dags/constructor_standings.py for tasks to queue
[2026-08-20T16:13:43.398+0000] {logging_mixin.py:188} INFO - [2026-08-20T16:13:43.398+0000] {dagbag.py:545} INFO - Filling up the DagBag from /opt/airflow/dags/constructor_standings.py
[2026-08-20T16:13:43.520+0000] {processor.py:840} INFO - DAG(s) 'constructor_standings' retrieved from /opt/airflow/dags/constructor_standings.py
[2026-08-20T16:13:43.550+0000] {logging_mixin.py:188} INFO - [2026-08-20T16:13:43.549+0000] {dag.py:3096} INFO - Sync 1 DAGs
[2026-08-20T16:13:43.569+0000] {logging_mixin.py:188} INFO - [2026-08-20T16:13:43.569+0000] {dag.py:3954} INFO - Setting next_dagrun for constructor_standings to None, run_after=None
[2026-08-20T16:13:43.594+0000] {processor.py:183} INFO - Processing /opt/airflow/dags/constructor_standings.py took 0.208 seconds
[2026-08-20T16:14:13.734+0000] {processor.py:161} INFO - Started process (PID=841) to work on /opt/airflow/dags/constructor_standings.py
[2026-08-20T16:14:13.737+0000] {processor.py:830} INFO - Processing file /opt/airflow/dags/constructor_standings.py for tasks to queue
[2026-08-20T16:14:13.741+0000] {logging_mixin.py:188} INFO - [2026-08-20T16:14:13.740+0000] {dagbag.py:545} INFO - Filling up the DagBag from /opt/airflow/dags/constructor_standings.py
[2026-08-20T16:14:14.039+0000] {processor.py:840} INFO - DAG(s) 'constructor_standings' retrieved from /opt/airflow/dags/constructor_standings.py
[2026-08-20T16:14:14.122+0000] {logging_mixin.py:188} INFO - [2026-08-20T16:14:14.121+0000] {dag.py:3096} INFO - Sync 1 DAGs
[2026-08-20T16:14:14.208+0000] {logging_mixin.py:188} INFO - [2026-08-20T16:14:14.207+0000] {dag.py:3954} INFO - Setting next_dagrun for constructor_standings to None, run_after=None
[2026-08-20T16:14:14.291+0000] {processor.py:183} INFO - Processing /opt/airflow/dags/constructor_standings.py took 0.571 seconds
[2026-08-20T16:14:45.019+0000] {processor.py:161} INFO - Started process (PID=864) to work on /opt/airflow/dags/constructor_standings.py
[2026-08-20T16:14:45.023+0000] {processor.py:830} INFO - Processing file /opt/airflow/dags/constructor_standings.py for tasks to queue
[2026-08-20T16:14:45.030+0000] {logging_mixin.py:188} INFO - [2026-08-20T16:14:45.029+0000] {dagbag.py:545} INFO - Filling up the DagBag from /opt/airflow/dags/constructor_standings.py
[2026-08-20T16:14:45.277+0000] {processor.py:840} INFO - DAG(s) 'constructor_standings' retrieved from /opt/airflow/dags/constructor_standings.py
[2026-08-20T16:14:45.357+0000] {logging_mixin.py:188} INFO - [2026-08-20T16:14:45.356+0000] {dag.py:3096} INFO - Sync 1 DAGs
[2026-08-20T16:14:45.377+0000] {logging_mixin.py:188} INFO - [2026-08-20T16:14:45.376+0000] {dag.py:3954} INFO - Setting next_dagrun for constructor_standings to None, run_after=None
[2026-08-20T16:14:45.426+0000] {processor.py:183} INFO - Processing /opt/airflow/dags/constructor_standings.py took 0.422 seconds
[2026-08-20T16:15:16.257+0000] {processor.py:161} INFO - Started process (PID=885) to work on /opt/airflow/dags/constructor_standings.py
[2026-08-20T16:15:16.261+0000] {processor.py:830} INFO - Processing file /opt/airflow/dags/constructor_standings.py for tasks to queue
[2026-08-20T16:15:16.275+0000] {logging_mixin.py:188} INFO - [2026-08-20T16:15:16.273+0000] {dagbag.py:545} INFO - Filling up the DagBag from /opt/airflow/dags/constructor_standings.py
[2026-08-20T16:15:16.720+0000] {processor.py:840} INFO - DAG(s) 'constructor_standings' retrieved from /opt/airflow/dags/constructor_standings.py
[2026-08-20T16:15:16.866+0000] {logging_mixin.py:188} INFO - [2026-08-20T16:15:16.865+0000] {dag.py:3096} INFO - Sync 1 DAGs
[2026-08-20T16:15:16.952+0000] {logging_mixin.py:188} INFO - [2026-08-20T16:15:16.952+0000] {dag.py:3954} INFO - Setting next_dagrun for constructor_standings to None, run_after=None
[2026-08-20T16:15:17.013+0000] {processor.py:183} INFO - Processing /opt/airflow/dags/constructor_standings.py took 0.794 seconds
[2026-08-20T16:15:52.933+0000] {processor.py:161} INFO - Started process (PID=904) to work on /opt/airflow/dags/constructor_standings.py
[2026-08-20T16:15:52.993+0000] {processor.py:830} INFO - Processing file /opt/airflow/dags/constructor_standings.py for tasks to queue
[2026-08-20T16:15:53.064+0000] {logging_mixin.py:188} INFO - [2026-08-20T16:15:53.053+0000] {dagbag.py:545} INFO - Filling up the DagBag from /opt/airflow/dags/constructor_standings.py
[2026-08-20T16:15:53.815+0000] {processor.py:840} INFO - DAG(s) 'constructor_standings' retrieved from /opt/airflow/dags/constructor_standings.py
[2026-08-20T16:15:53.957+0000] {logging_mixin.py:188} INFO - [2026-08-20T16:15:53.956+0000] {dag.py:3096} INFO - Sync 1 DAGs
[2026-08-20T16:15:54.053+0000] {logging_mixin.py:188} INFO - [2026-08-20T16:15:54.052+0000] {dag.py:3954} INFO - Setting next_dagrun for constructor_standings to None, run_after=None
[2026-08-20T16:15:54.143+0000] {processor.py:183} INFO - Processing /opt/airflow/dags/constructor_standings.py took 1.356 seconds
[2026-08-20T16:16:24.926+0000] {processor.py:161} INFO - Started process (PID=925) to work on /opt/airflow/dags/constructor_standings.py
[2026-08-20T16:16:24.932+0000] {processor.py:830} INFO - Processing file /opt/airflow/dags/constructor_standings.py for tasks to queue
[2026-08-20T16:16:24.942+0000] {logging_mixin.py:188} INFO - [2026-08-20T16:16:24.941+0000] {dagbag.py:545} INFO - Filling up the DagBag from /opt/airflow/dags/constructor_standings.py
[2026-08-20T16:16:25.309+0000] {processor.py:840} INFO - DAG(s) 'constructor_standings' retrieved from /opt/airflow/dags/constructor_standings.py
[2026-08-20T16:16:25.379+0000] {logging_mixin.py:188} INFO - [2026-08-20T16:16:25.379+0000] {dag.py:3096} INFO - Sync 1 DAGs
[2026-08-20T16:16:25.433+0000] {logging_mixin.py:188} INFO - [2026-08-20T16:16:25.433+0000] {dag.py:3954} INFO - Setting next_dagrun for constructor_standings to None, run_after=None
[2026-08-20T16:16:25.495+0000] {processor.py:183} INFO - Processing /opt/airflow/dags/constructor_standings.py took 0.595 seconds
[2026-08-20T16:16:55.774+0000] {processor.py:161} INFO - Started process (PID=946) to work on /opt/airflow/dags/constructor_standings.py
[2026-08-20T16:16:55.779+0000] {processor.py:830} INFO - Processing file /opt/airflow/dags/constructor_standings.py for tasks to queue
[2026-08-20T16:16:55.787+0000] {logging_mixin.py:188} INFO - [2026-08-20T16:16:55.786+0000] {dagbag.py:545} INFO - Filling up the DagBag from /opt/airflow/dags/constructor_standings.py
[2026-08-20T16:16:56.110+0000] {processor.py:840} INFO - DAG(s) 'constructor_standings' retrieved from /opt/airflow/dags/constructor_standings.py
[2026-08-20T16:16:56.206+0000] {logging_mixin.py:188} INFO - [2026-08-20T16:16:56.206+0000] {dag.py:3096} INFO - Sync 1 DAGs
[2026-08-20T16:16:56.270+0000] {logging_mixin.py:188} INFO - [2026-08-20T16:16:56.269+0000] {dag.py:3954} INFO - Setting next_dagrun for constructor_standings to None, run_after=None
[2026-08-20T16:16:56.328+0000] {processor.py:183} INFO - Processing /opt/airflow/dags/constructor_standings.py took 0.573 seconds
[2026-08-20T16:17:29.336+0000] {processor.py:161} INFO - Started process (PID=967) to work on /opt/airflow/dags/constructor_standings.py
[2026-08-20T16:17:29.339+0000] {processor.py:830} INFO - Processing file /opt/airflow/dags/constructor_standings.py for tasks to queue
[2026-08-20T16:17:29.343+0000] {logging_mixin.py:188} INFO - [2026-08-20T16:17:29.343+0000] {dagbag.py:545} INFO - Filling up the DagBag from /opt/airflow/dags/constructor_standings.py
[2026-08-20T16:17:29.513+0000] {processor.py:840} INFO - DAG(s) 'constructor_standings' retrieved from /opt/airflow/dags/constructor_standings.py
[2026-08-20T16:17:29.580+0000] {logging_mixin.py:188} INFO - [2026-08-20T16:17:29.579+0000] {dag.py:3096} INFO - Sync 1 DAGs
[2026-08-20T16:17:29.612+0000] {logging_mixin.py:188} INFO - [2026-08-20T16:17:29.612+0000] {dag.py:3954} INFO - Setting next_dagrun for constructor_standings to None, run_after=None
[2026-08-20T16:17:29.646+0000] {processor.py:183} INFO - Processing /opt/airflow/dags/constructor_standings.py took 0.319 seconds
[2026-08-20T16:17:59.897+0000] {processor.py:161} INFO - Started process (PID=988) to work on /opt/airflow/dags/constructor_standings.py
[2026-08-20T16:17:59.898+0000] {processor.py:830} INFO - Processing file /opt/airflow/dags/constructor_standings.py for tasks to queue
[2026-08-20T16:17:59.917+0000] {logging_mixin.py:188} INFO - [2026-08-20T16:17:59.914+0000] {dagbag.py:545} INFO - Filling up the DagBag from /opt/airflow/dags/constructor_standings.py
[2026-08-20T16:18:00.818+0000] {processor.py:840} INFO - DAG(s) 'constructor_standings' retrieved from /opt/airflow/dags/constructor_standings.py
[2026-08-20T16:18:01.198+0000] {logging_mixin.py:188} INFO - [2026-08-20T16:18:01.194+0000] {dag.py:3096} INFO - Sync 1 DAGs
[2026-08-20T16:18:01.482+0000] {logging_mixin.py:188} INFO - [2026-08-20T16:18:01.481+0000] {dag.py:3954} INFO - Setting next_dagrun for constructor_standings to None, run_after=None
[2026-08-20T16:18:01.836+0000] {processor.py:183} INFO - Processing /opt/airflow/dags/constructor_standings.py took 1.946 seconds
[2026-08-20T16:18:32.753+0000] {processor.py:161} INFO - Started process (PID=1009) to work on /opt/airflow/dags/constructor_standings.py
[2026-08-20T16:18:32.832+0000] {processor.py:830} INFO - Processing file /opt/airflow/dags/constructor_standings.py for tasks to queue
[2026-08-20T16:18:32.837+0000] {logging_mixin.py:188} INFO - [2026-08-20T16:18:32.836+0000] {dagbag.py:545} INFO - Filling up the DagBag from /opt/airflow/dags/constructor_standings.py
[2026-08-20T16:18:33.509+0000] {processor.py:840} INFO - DAG(s) 'constructor_standings' retrieved from /opt/airflow/dags/constructor_standings.py
[2026-08-20T16:18:34.336+0000] {logging_mixin.py:188} INFO - [2026-08-20T16:18:34.335+0000] {dag.py:3096} INFO - Sync 1 DAGs
[2026-08-20T16:18:34.360+0000] {logging_mixin.py:188} INFO - [2026-08-20T16:18:34.359+0000] {dag.py:3954} INFO - Setting next_dagrun for constructor_standings to None, run_after=None
[2026-08-20T16:18:34.434+0000] {processor.py:183} INFO - Processing /opt/airflow/dags/constructor_standings.py took 1.802 seconds
[2026-08-20T16:19:05.498+0000] {processor.py:161} INFO - Started process (PID=1025) to work on /opt/airflow/dags/constructor_standings.py
[2026-08-20T16:19:05.503+0000] {processor.py:830} INFO - Processing file /opt/airflow/dags/constructor_standings.py for tasks to queue
[2026-08-20T16:19:05.514+0000] {logging_mixin.py:188} INFO - [2026-08-20T16:19:05.511+0000] {dagbag.py:545} INFO - Filling up the DagBag from /opt/airflow/dags/constructor_standings.py
[2026-08-20T16:19:06.022+0000] {processor.py:840} INFO - DAG(s) 'constructor_standings' retrieved from /opt/airflow/dags/constructor_standings.py
[2026-08-20T16:19:06.111+0000] {logging_mixin.py:188} INFO - [2026-08-20T16:19:06.110+0000] {dag.py:3096} INFO - Sync 1 DAGs
[2026-08-20T16:19:06.181+0000] {logging_mixin.py:188} INFO - [2026-08-20T16:19:06.181+0000] {dag.py:3954} INFO - Setting next_dagrun for constructor_standings to None, run_after=None
[2026-08-20T16:19:06.210+0000] {processor.py:183} INFO - Processing /opt/airflow/dags/constructor_standings.py took 0.743 seconds
[2026-08-20T16:19:36.872+0000] {processor.py:161} INFO - Started process (PID=1046) to work on /opt/airflow/dags/constructor_standings.py
[2026-08-20T16:19:36.876+0000] {processor.py:830} INFO - Processing file /opt/airflow/dags/constructor_standings.py for tasks to queue
[2026-08-20T16:19:36.887+0000] {logging_mixin.py:188} INFO - [2026-08-20T16:19:36.886+0000] {dagbag.py:545} INFO - Filling up the DagBag from /opt/airflow/dags/constructor_standings.py
[2026-08-20T16:19:37.363+0000] {processor.py:840} INFO - DAG(s) 'constructor_standings' retrieved from /opt/airflow/dags/constructor_standings.py
[2026-08-20T16:19:37.789+0000] {logging_mixin.py:188} INFO - [2026-08-20T16:19:37.788+0000] {dag.py:3096} INFO - Sync 1 DAGs
[2026-08-20T16:19:38.083+0000] {logging_mixin.py:188} INFO - [2026-08-20T16:19:38.082+0000] {dag.py:3954} INFO - Setting next_dagrun for constructor_standings to None, run_after=None
[2026-08-20T16:19:38.295+0000] {processor.py:183} INFO - Processing /opt/airflow/dags/constructor_standings.py took 1.451 seconds
[2026-08-20T16:20:08.837+0000] {processor.py:161} INFO - Started process (PID=1064) to work on /opt/airflow/dags/constructor_standings.py
[2026-08-20T16:20:08.847+0000] {processor.py:830} INFO - Processing file /opt/airflow/dags/constructor_standings.py for tasks to queue
[2026-08-20T16:20:08.872+0000] {logging_mixin.py:188} INFO - [2026-08-20T16:20:08.870+0000] {dagbag.py:545} INFO - Filling up the DagBag from /opt/airflow/dags/constructor_standings.py
[2026-08-20T16:20:09.252+0000] {processor.py:840} INFO - DAG(s) 'constructor_standings' retrieved from /opt/airflow/dags/constructor_standings.py
[2026-08-20T16:20:09.419+0000] {logging_mixin.py:188} INFO - [2026-08-20T16:20:09.419+0000] {dag.py:3096} INFO - Sync 1 DAGs
[2026-08-20T16:20:09.509+0000] {logging_mixin.py:188} INFO - [2026-08-20T16:20:09.507+0000] {dag.py:3954} INFO - Setting next_dagrun for constructor_standings to None, run_after=None
[2026-08-20T16:20:09.626+0000] {processor.py:183} INFO - Processing /opt/airflow/dags/constructor_standings.py took 0.918 seconds
[2026-08-20T16:20:42.298+0000] {processor.py:161} INFO - Started process (PID=1088) to work on /opt/airflow/dags/constructor_standings.py
[2026-08-20T16:20:42.301+0000] {processor.py:830} INFO - Processing file /opt/airflow/dags/constructor_standings.py for tasks to queue
[2026-08-20T16:20:42.309+0000] {logging_mixin.py:188} INFO - [2026-08-20T16:20:42.308+0000] {dagbag.py:545} INFO - Filling up the DagBag from /opt/airflow/dags/constructor_standings.py
[2026-08-20T16:20:42.537+0000] {processor.py:840} INFO - DAG(s) 'constructor_standings' retrieved from /opt/airflow/dags/constructor_standings.py
[2026-08-20T16:20:42.606+0000] {logging_mixin.py:188} INFO - [2026-08-20T16:20:42.606+0000] {dag.py:3096} INFO - Sync 1 DAGs
[2026-08-20T16:20:42.651+0000] {logging_mixin.py:188} INFO - [2026-08-20T16:20:42.650+0000] {dag.py:3954} INFO - Setting next_dagrun for constructor_standings to None, run_after=None
[2026-08-20T16:20:42.697+0000] {processor.py:183} INFO - Processing /opt/airflow/dags/constructor_standings.py took 0.412 seconds
