[2026-08-20T16:04:52.265+0000] {processor.py:161} INFO - Started process (PID=248) to work on /opt/airflow/dags/driver_standings.py
[2026-08-20T16:04:52.322+0000] {processor.py:830} INFO - Processing file /opt/airflow/dags/driver_standings.py for tasks to queue
[2026-08-20T16:04:52.359+0000] {logging_mixin.py:188} INFO - [2026-08-20T16:04:52.353+0000] {dagbag.py:545} INFO - Filling up the DagBag from /opt/airflow/dags/driver_standings.py
[2026-08-20T16:04:54.672+0000] {processor.py:840} INFO - DAG(s) 'driver_standings' retrieved from /opt/airflow/dags/driver_standings.py
[2026-08-20T16:04:55.025+0000] {logging_mixin.py:188} INFO - [2026-08-20T16:04:55.024+0000] {dag.py:3096} INFO - Sync 1 DAGs
[2026-08-20T16:04:55.223+0000] {logging_mixin.py:188} INFO - [2026-08-20T16:04:55.223+0000] {dag.py:3954} INFO - Setting next_dagrun for driver_standings to None, run_after=None
[2026-08-20T16:04:55.411+0000] {processor.py:183} INFO - Processing /opt/airflow/dags/driver_standings.py took 3.469 seconds
[2026-08-20T16:05:26.761+0000] {processor.py:161} INFO - Started process (PID=288) to work on /opt/airflow/dags/driver_standings.py
[2026-08-20T16:05:26.777+0000] {processor.py:830} INFO - Processing file /opt/airflow/dags/driver_standings.py for tasks to queue
[2026-08-20T16:05:26.807+0000] {logging_mixin.py:188} INFO - [2026-08-20T16:05:26.803+0000] {dagbag.py:545} INFO - Filling up the DagBag from /opt/airflow/dags/driver_standings.py
[2026-08-20T16:05:27.599+0000] {processor.py:840} INFO - DAG(s) 'driver_standings' retrieved from /opt/airflow/dags/driver_standings.py
[2026-08-20T16:05:28.098+0000] {logging_mixin.py:188} INFO - [2026-08-20T16:05:28.097+0000] {dag.py:3096} INFO - Sync 1 DAGs
[2026-08-20T16:05:28.137+0000] {logging_mixin.py:188} INFO - [2026-08-20T16:05:28.136+0000] {dag.py:3954} INFO - Setting next_dagrun for driver_standings to None, run_after=None
[2026-08-20T16:05:28.206+0000] {processor.py:183} INFO - Processing /opt/airflow/dags/driver_standings.py took 1.586 seconds
[2026-08-20T16:05:59.069+0000] {processor.py:161} INFO - Started process (PID=309) to work on /opt/airflow/dags/driver_standings.py
[2026-08-20T16:05:59.086+0000] {processor.py:830} INFO - Processing file /opt/airflow/dags/driver_standings.py for tasks to queue
[2026-08-20T16:05:59.110+0000] {logging_mixin.py:188} INFO - [2026-08-20T16:05:59.108+0000] {dagbag.py:545} INFO - Filling up the DagBag from /opt/airflow/dags/driver_standings.py
[2026-08-20T16:06:00.584+0000] {processor.py:840} INFO - DAG(s) 'driver_standings' retrieved from /opt/airflow/dags/driver_standings.py
[2026-08-20T16:06:06.177+0000] {logging_mixin.py:188} INFO - [2026-08-20T16:06:06.174+0000] {dag.py:3096} INFO - Sync 1 DAGs
[2026-08-20T16:06:06.400+0000] {logging_mixin.py:188} INFO - [2026-08-20T16:06:06.399+0000] {dag.py:3954} INFO - Setting next_dagrun for driver_standings to None, run_after=None
[2026-08-20T16:06:06.626+0000] {processor.py:183} INFO - Processing /opt/airflow/dags/driver_standings.py took 6.840 seconds
[2026-08-20T16:06:39.131+0000] {processor.py:161} INFO - Started process (PID=384) to work on /opt/airflow/dags/driver_standings.py
[2026-08-20T16:06:39.169+0000] {processor.py:830} INFO - Processing file /opt/airflow/dags/driver_standings.py for tasks to queue
[2026-08-20T16:06:39.394+0000] {logging_mixin.py:188} INFO - [2026-08-20T16:06:39.390+0000] {dagbag.py:545} INFO - Filling up the DagBag from /opt/airflow/dags/driver_standings.py
[2026-08-20T16:06:40.002+0000] {processor.py:840} INFO - DAG(s) 'driver_standings' retrieved from /opt/airflow/dags/driver_standings.py
[2026-08-20T16:06:40.163+0000] {logging_mixin.py:188} INFO - [2026-08-20T16:06:40.163+0000] {dag.py:3096} INFO - Sync 1 DAGs
[2026-08-20T16:06:40.287+0000] {logging_mixin.py:188} INFO - [2026-08-20T16:06:40.287+0000] {dag.py:3954} INFO - Setting next_dagrun for driver_standings to None, run_after=None
[2026-08-20T16:06:40.399+0000] {processor.py:183} INFO - Processing /opt/airflow/dags/driver_standings.py took 1.493 seconds
[2026-08-20T16:07:12.790+0000] {processor.py:161} INFO - Started process (PID=492) to work on /opt/airflow/dags/driver_standings.py
[2026-08-20T16:07:13.025+0000] {processor.py:830} INFO - Processing file /opt/airflow/dags/driver_standings.py for tasks to queue
[2026-08-20T16:07:13.430+0000] {logging_mixin.py:188} INFO - [2026-08-20T16:07:13.424+0000] {dagbag.py:545} INFO - Filling up the DagBag from /opt/airflow/dags/driver_standings.py
[2026-08-20T16:07:16.379+0000] {processor.py:840} INFO - DAG(s) 'driver_standings' retrieved from /opt/airflow/dags/driver_standings.py
[2026-08-20T16:07:16.986+0000] {logging_mixin.py:188} INFO - [2026-08-20T16:07:16.985+0000] {dag.py:3096} INFO - Sync 1 DAGs
[2026-08-20T16:07:17.270+0000] {logging_mixin.py:188} INFO - [2026-08-20T16:07:17.269+0000] {dag.py:3954} INFO - Setting next_dagrun for driver_standings to None, run_after=None
[2026-08-20T16:07:17.525+0000] {processor.py:183} INFO - Processing /opt/airflow/dags/driver_standings.py took 6.219 seconds
[2026-08-20T16:07:47.946+0000] {processor.py:161} INFO - Started process (PID=587) to work on /opt/airflow/dags/driver_standings.py
[2026-08-20T16:07:47.962+0000] {processor.py:830} INFO - Processing file /opt/airflow/dags/driver_standings.py for tasks to queue
[2026-08-20T16:07:47.989+0000] {logging_mixin.py:188} INFO - [2026-08-20T16:07:47.985+0000] {dagbag.py:545} INFO - Filling up the DagBag from /opt/airflow/dags/driver_standings.py
[2026-08-20T16:07:49.062+0000] {processor.py:840} INFO - DAG(s) 'driver_standings' retrieved from /opt/airflow/dags/driver_standings.py
[2026-08-20T16:07:49.439+0000] {logging_mixin.py:188} INFO - [2026-08-20T16:07:49.437+0000] {dag.py:3096} INFO - Sync 1 DAGs
[2026-08-20T16:07:50.100+0000] {logging_mixin.py:188} INFO - [2026-08-20T16:07:50.099+0000] {dag.py:3954} INFO - Setting next_dagrun for driver_standings to None, run_after=None
[2026-08-20T16:07:50.789+0000] {processor.py:183} INFO - Processing /opt/airflow/dags/driver_standings.py took 2.944 seconds
[2026-08-20T16:08:21.048+0000] {processor.py:161} INFO - Started process (PID=608) to work on /opt/airflow/dags/driver_standings.py
[2026-08-20T16:08:21.066+0000] {processor.py:830} INFO - Processing file /opt/airflow/dags/driver_standings.py for tasks to queue
[2026-08-20T16:08:21.071+0000] {logging_mixin.py:188} INFO - [2026-08-20T16:08:21.070+0000] {dagbag.py:545} INFO - Filling up the DagBag from /opt/airflow/dags/driver_standings.py
[2026-08-20T16:08:21.307+0000] {processor.py:840} INFO - DAG(s) 'driver_standings' retrieved from /opt/airflow/dags/driver_standings.py
[2026-08-20T16:08:21.378+0000] {logging_mixin.py:188} INFO - [2026-08-20T16:08:21.377+0000] {dag.py:3096} INFO - Sync 1 DAGs
[2026-08-20T16:08:21.395+0000] {logging_mixin.py:188} INFO - [2026-08-20T16:08:21.394+0000] {dag.py:3954} INFO - Setting next_dagrun for driver_standings to None, run_after=None
[2026-08-20T16:08:21.482+0000] {processor.py:183} INFO - Processing /opt/airflow/dags/driver_standings.py took 0.445 seconds
[2026-08-20T16:08:52.555+0000] {processor.py:161} INFO - Started process (PID=627) to work on /opt/airflow/dags/driver_standings.py
[2026-08-20T16:08:52.568+0000] {processor.py:830} INFO - Processing file /opt/airflow/dags/driver_standings.py for tasks to queue
[2026-08-20T16:08:52.588+0000] {logging_mixin.py:188} INFO - [2026-08-20T16:08:52.585+0000] {dagbag.py:545} INFO - Filling up the DagBag from /opt/airflow/dags/driver_standings.py
[2026-08-20T16:08:52.865+0000] {processor.py:840} INFO - DAG(s) 'driver_standings' retrieved from /opt/airflow/dags/driver_standings.py
[2026-08-20T16:08:52.933+0000] {logging_mixin.py:188} INFO - [2026-08-20T16:08:52.933+0000] {dag.py:3096} INFO - Sync 1 DAGs
[2026-08-20T16:08:52.946+0000] {logging_mixin.py:188} INFO - [2026-08-20T16:08:52.945+0000] {dag.py:3954} INFO - Setting next_dagrun for driver_standings to None, run_after=None
[2026-08-20T16:08:52.967+0000] {processor.py:183} INFO - Processing /opt/airflow/dags/driver_standings.py took 0.430 seconds
[2026-08-20T16:09:23.331+0000] {processor.py:161} INFO - Started process (PID=644) to work on /opt/airflow/dags/driver_standings.py
[2026-08-20T16:09:23.334+0000] {processor.py:830} INFO - Processing file /opt/airflow/dags/driver_standings.py for tasks to queue
[2026-08-20T16:09:23.340+0000] {logging_mixin.py:188} INFO - [2026-08-20T16:09:23.339+0000] {dagbag.py:545} INFO - Filling up the DagBag from /opt/airflow/dags/driver_standings.py
[2026-08-20T16:09:23.483+0000] {processor.py:840} INFO - DAG(s) 'driver_standings' retrieved from /opt/airflow/dags/driver_standings.py
[2026-08-20T16:09:23.686+0000] {logging_mixin.py:188} INFO - [2026-08-20T16:09:23.685+0000] {dag.py:3096} INFO - Sync 1 DAGs
[2026-08-20T16:09:23.787+0000] {logging_mixin.py:188} INFO - [2026-08-20T16:09:23.787+0000] {dag.py:3954} INFO - Setting next_dagrun for driver_standings to None, run_after=None
[2026-08-20T16:09:23.875+0000] {processor.py:183} INFO - Processing /opt/airflow/dags/driver_standings.py took 0.553 seconds
[2026-08-20T16:09:56.745+0000] {processor.py:161} INFO - Started process (PID=665) to work on /opt/airflow/dags/driver_standings.py
[2026-08-20T16:09:56.780+0000] {processor.py:830} INFO - Processing file /opt/airflow/dags/driver_standings.py for tasks to queue
[2026-08-20T16:09:56.790+0000] {logging_mixin.py:188} INFO - [2026-08-20T16:09:56.790+0000] {dagbag.py:545} INFO - Filling up the DagBag from /opt/airflow/dags/driver_standings.py
[2026-08-20T16:10:03.255+0000] {processor.py:840} INFO - DAG(s) 'driver_standings' retrieved from /opt/airflow/dags/driver_standings.py
[2026-08-20T16:10:05.716+0000] {logging_mixin.py:188} INFO - [2026-08-20T16:10:05.682+0000] {dag.py:3096} INFO - Sync 1 DAGs
[2026-08-20T16:10:06.793+0000] {logging_mixin.py:188} INFO - [2026-08-20T16:10:06.793+0000] {dag.py:3954} INFO - Setting next_dagrun for driver_standings to None, run_after=None
[2026-08-20T16:10:07.179+0000] {processor.py:183} INFO - Processing /opt/airflow/dags/driver_standings.py took 11.880 seconds
[2026-08-20T16:10:37.258+0000] {processor.py:161} INFO - Started process (PID=686) to work on /opt/airflow/dags/driver_standings.py
[2026-08-20T16:10:37.261+0000] {processor.py:830} INFO - Processing file /opt/airflow/dags/driver_standings.py for tasks to queue
[2026-08-20T16:10:37.263+0000] {logging_mixin.py:188} INFO - [2026-08-20T16:10:37.263+0000] {dagbag.py:545} INFO - Filling up the DagBag from /opt/airflow/dags/driver_standings.py
[2026-08-20T16:10:37.392+0000] {processor.py:840} INFO - DAG(s) 'driver_standings' retrieved from /opt/airflow/dags/driver_standings.py
[2026-08-20T16:10:37.436+0000] {logging_mixin.py:188} INFO - [2026-08-20T16:10:37.436+0000] {dag.py:3096} INFO - Sync 1 DAGs
[2026-08-20T16:10:37.455+0000] {logging_mixin.py:188} INFO - [2026-08-20T16:10:37.454+0000] {dag.py:3954} INFO - Setting next_dagrun for driver_standings to None, run_after=None
[2026-08-20T16:10:37.509+0000] {processor.py:183} INFO - Processing /opt/airflow/dags/driver_standings.py took 0.260 seconds
[2026-08-20T16:11:07.693+0000] {processor.py:161} INFO - Started process (PID=707) to work on /opt/airflow/dags/driver_standings.py
[2026-08-20T16:11:07.695+0000] {processor.py:830} INFO - Processing file /opt/airflow/dags/driver_standings.py for tasks to queue
[2026-08-20T16:11:07.698+0000] {logging_mixin.py:188} INFO - [2026-08-20T16:11:07.697+0000] {dagbag.py:545} INFO - Filling up the DagBag from /opt/airflow/dags/driver_standings.py
[2026-08-20T16:11:07.819+0000] {processor.py:840} INFO - DAG(s) 'driver_standings' retrieved from /opt/airflow/dags/driver_standings.py
[2026-08-20T16:11:07.862+0000] {logging_mixin.py:188} INFO - [2026-08-20T16:11:07.861+0000] {dag.py:3096} INFO - Sync 1 DAGs
[2026-08-20T16:11:07.876+0000] {logging_mixin.py:188} INFO - [2026-08-20T16:11:07.875+0000] {dag.py:3954} INFO - Setting next_dagrun for driver_standings to None, run_after=None
[2026-08-20T16:11:07.897+0000] {processor.py:183} INFO - Processing /opt/airflow/dags/driver_standings.py took 0.213 seconds
[2026-08-20T16:11:38.425+0000] {processor.py:161} INFO - Started process (PID=728) to work on /opt/airflow/dags/driver_standings.py
[2026-08-20T16:11:38.428+0000] {processor.py:830} INFO - Processing file /opt/airflow/dags/driver_standings.py for tasks to queue
[2026-08-20T16:11:38.432+0000] {logging_mixin.py:188} INFO - [2026-08-20T16:11:38.432+0000] {dagbag.py:545} INFO - Filling up the DagBag from /opt/airflow/dags/driver_standings.py
[2026-08-20T16:11:38.609+0000] {processor.py:840} INFO - DAG(s) 'driver_standings' retrieved from /opt/airflow/dags/driver_standings.py
[2026-08-20T16:11:38.853+0000] {logging_mixin.py:188} INFO - [2026-08-20T16:11:38.853+0000] {dag.py:3096} INFO - Sync 1 DAGs
[2026-08-20T16:11:38.878+0000] {logging_mixin.py:188} INFO - [2026-08-20T16:11:38.878+0000] {dag.py:3954} INFO - Setting next_dagrun for driver_standings to None, run_after=None
[2026-08-20T16:11:38.986+0000] {processor.py:183} INFO - Processing /opt/airflow/dags/driver_standings.py took 0.567 seconds
[2026-08-20T16:12:09.362+0000] {processor.py:161} INFO - Started process (PID=749) to work on /opt/airflow/dags/driver_standings.py
[2026-08-20T16:12:09.365+0000] {processor.py:830} INFO - Processing file /opt/airflow/dags/driver_standings.py for tasks to queue
[2026-08-20T16:12:09.374+0000] {logging_mixin.py:188} INFO - [2026-08-20T16:12:09.373+0000] {dagbag.py:545} INFO - Filling up the DagBag from /opt/airflow/dags/driver_standings.py
[2026-08-20T16:12:09.478+0000] {processor.py:840} INFO - DAG(s) 'driver_standings' retrieved from /opt/airflow/dags/driver_standings.py
[2026-08-20T16:12:09.506+0000] {logging_mixin.py:188} INFO - [2026-08-20T16:12:09.506+0000] {dag.py:3096} INFO - Sync 1 DAGs
[2026-08-20T16:12:09.519+0000] {logging_mixin.py:188} INFO - [2026-08-20T16:12:09.519+0000] {dag.py:3954} INFO - Setting next_dagrun for driver_standings to None, run_after=None
[2026-08-20T16:12:09.540+0000] {processor.py:183} INFO - Processing /opt/airflow/dags/driver_standings.py took 0.198 seconds
[2026-08-20T16:12:40.623+0000] {processor.py:161} INFO - Started process (PID=770) to work on /opt/airflow/dags/driver_standings.py
[2026-08-20T16:12:40.626+0000] {processor.py:830} INFO - Processing file /opt/airflow/dags/driver_standings.py for tasks to queue
[2026-08-20T16:12:40.644+0000] {logging_mixin.py:188} INFO - [2026-08-20T16:12:40.641+0000] {dagbag.py:545} INFO - Filling up the DagBag from /opt/airflow/dags/driver_standings.py
[2026-08-20T16:12:41.077+0000] {processor.py:840} INFO - DAG(s) 'driver_standings' retrieved from /opt/airflow/dags/driver_standings.py
[2026-08-20T16:12:41.204+0000] {logging_mixin.py:188} INFO - [2026-08-20T16:12:41.203+0000] {dag.py:3096} INFO - Sync 1 DAGs
[2026-08-20T16:12:41.272+0000] {logging_mixin.py:188} INFO - [2026-08-20T16:12:41.272+0000] {dag.py:3954} INFO - Setting next_dagrun for driver_standings to None, run_after=None
[2026-08-20T16:12:41.345+0000] {processor.py:183} INFO - Processing /opt/airflow/dags/driver_standings.py took 0.801 seconds
[2026-08-20T16:13:11.613+0000] {processor.py:161} INFO - Started process (PID=791) to work on /opt/airflow/dags/driver_standings.py
[2026-08-20T16:13:11.615+0000] {processor.py:830} INFO - Processing file /opt/airflow/dags/driver_standings.py for tasks to queue
[2026-08-20T16:13:11.628+0000] {logging_mixin.py:188} INFO - [2026-08-20T16:13:11.626+0000] {dagbag.py:545} INFO - Filling up the DagBag from /opt/airflow/dags/driver_standings.py
[2026-08-20T16:13:11.958+0000] {processor.py:840} INFO - DAG(s) 'driver_standings' retrieved from /opt/airflow/dags/driver_standings.py
[2026-08-20T16:13:12.078+0000] {logging_mixin.py:188} INFO - [2026-08-20T16:13:12.076+0000] {dag.py:3096} INFO - Sync 1 DAGs
[2026-08-20T16:13:12.123+0000] {logging_mixin.py:188} INFO - [2026-08-20T16:13:12.123+0000] {dag.py:3954} INFO - Setting next_dagrun for driver_standings to None, run_after=None
[2026-08-20T16:13:12.166+0000] {processor.py:183} INFO - Processing /opt/airflow/dags/driver_standings.py took 0.569 seconds
[2026-08-20T16:13:42.479+0000] {processor.py:161} INFO - Started process (PID=812) to work on /opt/airflow/dags/driver_standings.py
[2026-08-20T16:13:42.481+0000] {processor.py:830} INFO - Processing file /opt/airflow/dags/driver_standings.py for tasks to queue
[2026-08-20T16:13:42.483+0000] {logging_mixin.py:188} INFO - [2026-08-20T16:13:42.483+0000] {dagbag.py:545} INFO - Filling up the DagBag from /opt/airflow/dags/driver_standings.py
[2026-08-20T16:13:42.603+0000] {processor.py:840} INFO - DAG(s) 'driver_standings' retrieved from /opt/airflow/dags/driver_standings.py
[2026-08-20T16:13:42.637+0000] {logging_mixin.py:188} INFO - [2026-08-20T16:13:42.637+0000] {dag.py:3096} INFO - Sync 1 DAGs
[2026-08-20T16:13:42.663+0000] {logging_mixin.py:188} INFO - [2026-08-20T16:13:42.663+0000] {dag.py:3954} INFO - Setting next_dagrun for driver_standings to None, run_after=None
[2026-08-20T16:13:42.692+0000] {processor.py:183} INFO - Processing /opt/airflow/dags/driver_standings.py took 0.222 seconds
[2026-08-20T16:14:13.022+0000] {processor.py:161} INFO - Started process (PID=833) to work on /opt/airflow/dags/driver_standings.py
[2026-08-20T16:14:13.032+0000] {processor.py:830} INFO - Processing file /opt/airflow/dags/driver_standings.py for tasks to queue
[2026-08-20T16:14:13.048+0000] {logging_mixin.py:188} INFO - [2026-08-20T16:14:13.043+0000] {dagbag.py:545} INFO - Filling up the DagBag from /opt/airflow/dags/driver_standings.py
[2026-08-20T16:14:13.437+0000] {processor.py:840} INFO - DAG(s) 'driver_standings' retrieved from /opt/airflow/dags/driver_standings.py
[2026-08-20T16:14:13.550+0000] {logging_mixin.py:188} INFO - [2026-08-20T16:14:13.549+0000] {dag.py:3096} INFO - Sync 1 DAGs
[2026-08-20T16:14:13.591+0000] {logging_mixin.py:188} INFO - [2026-08-20T16:14:13.591+0000] {dag.py:3954} INFO - Setting next_dagrun for driver_standings to None, run_after=None
[2026-08-20T16:14:13.625+0000] {processor.py:183} INFO - Processing /opt/airflow/dags/driver_standings.py took 0.641 seconds
[2026-08-20T16:14:43.995+0000] {processor.py:161} INFO - Started process (PID=854) to work on /opt/airflow/dags/driver_standings.py
[2026-08-20T16:14:44.004+0000] {processor.py:830} INFO - Processing file /opt/airflow/dags/driver_standings.py for tasks to queue
[2026-08-20T16:14:44.016+0000] {logging_mixin.py:188} INFO - [2026-08-20T16:14:44.014+0000] {dagbag.py:545} INFO - Filling up the DagBag from /opt/airflow/dags/driver_standings.py
[2026-08-20T16:14:44.440+0000] {processor.py:840} INFO - DAG(s) 'driver_standings' retrieved from /opt/airflow/dags/driver_standings.py
[2026-08-20T16:14:44.643+0000] {logging_mixin.py:188} INFO - [2026-08-20T16:14:44.640+0000] {dag.py:3096} INFO - Sync 1 DAGs
[2026-08-20T16:14:44.700+0000] {logging_mixin.py:188} INFO - [2026-08-20T16:14:44.699+0000] {dag.py:3954} INFO - Setting next_dagrun for driver_standings to None, run_after=None
[2026-08-20T16:14:44.776+0000] {processor.py:183} INFO - Processing /opt/airflow/dags/driver_standings.py took 0.821 seconds
[2026-08-20T16:15:15.361+0000] {processor.py:161} INFO - Started process (PID=875) to work on /opt/airflow/dags/driver_standings.py
[2026-08-20T16:15:15.374+0000] {processor.py:830} INFO - Processing file /opt/airflow/dags/driver_standings.py for tasks to queue
[2026-08-20T16:15:15.396+0000] {logging_mixin.py:188} INFO - [2026-08-20T16:15:15.393+0000] {dagbag.py:545} INFO - Filling up the DagBag from /opt/airflow/dags/driver_standings.py
[2026-08-20T16:15:15.896+0000] {processor.py:840} INFO - DAG(s) 'driver_standings' retrieved from /opt/airflow/dags/driver_standings.py
[2026-08-20T16:15:16.046+0000] {logging_mixin.py:188} INFO - [2026-08-20T16:15:16.045+0000] {dag.py:3096} INFO - Sync 1 DAGs
[2026-08-20T16:15:16.090+0000] {logging_mixin.py:188} INFO - [2026-08-20T16:15:16.089+0000] {dag.py:3954} INFO - Setting next_dagrun for driver_standings to None, run_after=None
[2026-08-20T16:15:16.135+0000] {processor.py:183} INFO - Processing /opt/airflow/dags/driver_standings.py took 0.843 seconds
[2026-08-20T16:15:46.989+0000] {processor.py:161} INFO - Started process (PID=896) to work on /opt/airflow/dags/driver_standings.py
[2026-08-20T16:15:46.994+0000] {processor.py:830} INFO - Processing file /opt/airflow/dags/driver_standings.py for tasks to queue
[2026-08-20T16:15:47.007+0000] {logging_mixin.py:188} INFO - [2026-08-20T16:15:47.006+0000] {dagbag.py:545} INFO - Filling up the DagBag from /opt/airflow/dags/driver_standings.py
[2026-08-20T16:15:52.667+0000] {processor.py:840} INFO - DAG(s) 'driver_standings' retrieved from /opt/airflow/dags/driver_standings.py
[2026-08-20T16:15:53.045+0000] {logging_mixin.py:188} INFO - [2026-08-20T16:15:53.044+0000] {dag.py:3096} INFO - Sync 1 DAGs
[2026-08-20T16:15:53.219+0000] {logging_mixin.py:188} INFO - [2026-08-20T16:15:53.218+0000] {dag.py:3954} INFO - Setting next_dagrun for driver_standings to None, run_after=None
[2026-08-20T16:15:53.393+0000] {processor.py:183} INFO - Processing /opt/airflow/dags/driver_standings.py took 5.632 seconds
[2026-08-20T16:16:24.018+0000] {processor.py:161} INFO - Started process (PID=920) to work on /opt/airflow/dags/driver_standings.py
[2026-08-20T16:16:24.037+0000] {processor.py:830} INFO - Processing file /opt/airflow/dags/driver_standings.py for tasks to queue
[2026-08-20T16:16:24.073+0000] {logging_mixin.py:188} INFO - [2026-08-20T16:16:24.067+0000] {dagbag.py:545} INFO - Filling up the DagBag from /opt/airflow/dags/driver_standings.py
[2026-08-20T16:16:24.704+0000] {processor.py:840} INFO - DAG(s) 'driver_standings' retrieved from /opt/airflow/dags/driver_standings.py
[2026-08-20T16:16:24.799+0000] {logging_mixin.py:188} INFO - [2026-08-20T16:16:24.798+0000] {dag.py:3096} INFO - Sync 1 DAGs
[2026-08-20T16:16:24.829+0000] {logging_mixin.py:188} INFO - [2026-08-20T16:16:24.828+0000] {dag.py:3954} INFO - Setting next_dagrun for driver_standings to None, run_after=None
[2026-08-20T16:16:24.871+0000] {processor.py:183} INFO - Processing /opt/airflow/dags/driver_standings.py took 0.988 seconds
[2026-08-20T16:16:55.757+0000] {processor.py:161} INFO - Started process (PID=943) to work on /opt/airflow/dags/driver_standings.py
[2026-08-20T16:16:55.759+0000] {processor.py:830} INFO - Processing file /opt/airflow/dags/driver_standings.py for tasks to queue
[2026-08-20T16:16:55.770+0000] {logging_mixin.py:188} INFO - [2026-08-20T16:16:55.768+0000] {dagbag.py:545} INFO - Filling up the DagBag from /opt/airflow/dags/driver_standings.py
[2026-08-20T16:16:56.179+0000] {processor.py:840} INFO - DAG(s) 'driver_standings' retrieved from /opt/airflow/dags/driver_standings.py
[2026-08-20T16:16:56.286+0000] {logging_mixin.py:188} INFO - [2026-08-20T16:16:56.285+0000] {dag.py:3096} INFO - Sync 1 DAGs
[2026-08-20T16:16:56.365+0000] {logging_mixin.py:188} INFO - [2026-08-20T16:16:56.363+0000] {dag.py:3954} INFO - Setting next_dagrun for driver_standings to None, run_after=None
[2026-08-20T16:16:56.486+0000] {processor.py:183} INFO - Processing /opt/airflow/dags/driver_standings.py took 0.746 seconds
[2026-08-20T16:17:27.823+0000] {processor.py:161} INFO - Started process (PID=962) to work on /opt/airflow/dags/driver_standings.py
[2026-08-20T16:17:27.878+0000] {processor.py:830} INFO - Processing file /opt/airflow/dags/driver_standings.py for tasks to queue
[2026-08-20T16:17:27.889+0000] {logging_mixin.py:188} INFO - [2026-08-20T16:17:27.888+0000] {dagbag.py:545} INFO - Filling up the DagBag from /opt/airflow/dags/driver_standings.py
[2026-08-20T16:17:28.898+0000] {processor.py:840} INFO - DAG(s) 'driver_standings' retrieved from /opt/airflow/dags/driver_standings.py
[2026-08-20T16:17:28.997+0000] {logging_mixin.py:188} INFO - [2026-08-20T16:17:28.996+0000] {dag.py:3096} INFO - Sync 1 DAGs
[2026-08-20T16:17:29.103+0000] {logging_mixin.py:188} INFO - [2026-08-20T16:17:29.102+0000] {dag.py:3954} INFO - Setting next_dagrun for driver_standings to None, run_after=None
[2026-08-20T16:17:29.211+0000] {processor.py:183} INFO - Processing /opt/airflow/dags/driver_standings.py took 1.438 seconds
[2026-08-20T16:17:59.597+0000] {processor.py:161} INFO - Started process (PID=980) to work on /opt/airflow/dags/driver_standings.py
[2026-08-20T16:17:59.599+0000] {processor.py:830} INFO - Processing file /opt/airflow/dags/driver_standings.py for tasks to queue
[2026-08-20T16:17:59.603+0000] {logging_mixin.py:188} INFO - [2026-08-20T16:17:59.602+0000] {dagbag.py:545} INFO - Filling up the DagBag from /opt/airflow/dags/driver_standings.py
[2026-08-20T16:17:59.747+0000] {processor.py:840} INFO - DAG(s) 'driver_standings' retrieved from /opt/airflow/dags/driver_standings.py
[2026-08-20T16:17:59.781+0000] {logging_mixin.py:188} INFO - [2026-08-20T16:17:59.781+0000] {dag.py:3096} INFO - Sync 1 DAGs
[2026-08-20T16:17:59.797+0000] {logging_mixin.py:188} INFO - [2026-08-20T16:17:59.797+0000] {dag.py:3954} INFO - Setting next_dagrun for driver_standings to None, run_after=None
[2026-08-20T16:17:59.845+0000] {processor.py:183} INFO - Processing /opt/airflow/dags/driver_standings.py took 0.257 seconds
[2026-08-20T16:18:30.144+0000] {processor.py:161} INFO - Started process (PID=1001) to work on /opt/airflow/dags/driver_standings.py
[2026-08-20T16:18:30.163+0000] {processor.py:830} INFO - Processing file /opt/airflow/dags/driver_standings.py for tasks to queue
[2026-08-20T16:18:30.186+0000] {logging_mixin.py:188} INFO - [2026-08-20T16:18:30.184+0000] {dagbag.py:545} INFO - Filling up the DagBag from /opt/airflow/dags/driver_standings.py
[2026-08-20T16:18:31.015+0000] {processor.py:840} INFO - DAG(s) 'driver_standings' retrieved from /opt/airflow/dags/driver_standings.py
[2026-08-20T16:18:31.630+0000] {logging_mixin.py:188} INFO - [2026-08-20T16:18:31.629+0000] {dag.py:3096} INFO - Sync 1 DAGs
[2026-08-20T16:18:31.817+0000] {logging_mixin.py:188} INFO - [2026-08-20T16:18:31.816+0000] {dag.py:3954} INFO - Setting next_dagrun for driver_standings to None, run_after=None
[2026-08-20T16:18:31.914+0000] {processor.py:183} INFO - Processing /opt/airflow/dags/driver_standings.py took 1.915 seconds
[2026-08-20T16:19:05.494+0000] {processor.py:161} INFO - Started process (PID=1022) to work on /opt/airflow/dags/driver_standings.py
[2026-08-20T16:19:05.514+0000] {processor.py:830} INFO - Processing file /opt/airflow/dags/driver_standings.py for tasks to queue
[2026-08-20T16:19:05.578+0000] {logging_mixin.py:188} INFO - [2026-08-20T16:19:05.577+0000] {dagbag.py:545} INFO - Filling up the DagBag from /opt/airflow/dags/driver_standings.py
[2026-08-20T16:19:05.922+0000] {processor.py:840} INFO - DAG(s) 'driver_standings' retrieved from /opt/airflow/dags/driver_standings.py
[2026-08-20T16:19:05.992+0000] {logging_mixin.py:188} INFO - [2026-08-20T16:19:05.992+0000] {dag.py:3096} INFO - Sync 1 DAGs
[2026-08-20T16:19:06.012+0000] {logging_mixin.py:188} INFO - [2026-08-20T16:19:06.012+0000] {dag.py:3954} INFO - Setting next_dagrun for driver_standings to None, run_after=None
[2026-08-20T16:19:06.038+0000] {processor.py:183} INFO - Processing /opt/airflow/dags/driver_standings.py took 1.812 seconds
[2026-08-20T16:19:37.006+0000] {processor.py:161} INFO - Started process (PID=1043) to work on /opt/airflow/dags/driver_standings.py
[2026-08-20T16:19:37.034+0000] {processor.py:830} INFO - Processing file /opt/airflow/dags/driver_standings.py for tasks to queue
[2026-08-20T16:19:37.079+0000] {logging_mixin.py:188} INFO - [2026-08-20T16:19:37.072+0000] {dagbag.py:545} INFO - Filling up the DagBag from /opt/airflow/dags/driver_standings.py
[2026-08-20T16:19:38.261+0000] {processor.py:840} INFO - DAG(s) 'driver_standings' retrieved from /opt/airflow/dags/driver_standings.py
[2026-08-20T16:19:38.589+0000] {logging_mixin.py:188} INFO - [2026-08-20T16:19:38.588+0000] {dag.py:3096} INFO - Sync 1 DAGs
[2026-08-20T16:19:38.876+0000] {logging_mixin.py:188} INFO - [2026-08-20T16:19:38.875+0000] {dag.py:3954} INFO - Setting next_dagrun for driver_standings to None, run_after=None
[2026-08-20T16:19:39.041+0000] {processor.py:183} INFO - Processing /opt/airflow/dags/driver_standings.py took 2.212 seconds
[2026-08-20T16:20:09.514+0000] {processor.py:161} INFO - Started process (PID=1067) to work on /opt/airflow/dags/driver_standings.py
[2026-08-20T16:20:09.517+0000] {processor.py:830} INFO - Processing file /opt/airflow/dags/driver_standings.py for tasks to queue
[2026-08-20T16:20:09.556+0000] {logging_mixin.py:188} INFO - [2026-08-20T16:20:09.529+0000] {dagbag.py:545} INFO - Filling up the DagBag from /opt/airflow/dags/driver_standings.py
[2026-08-20T16:20:09.926+0000] {processor.py:840} INFO - DAG(s) 'driver_standings' retrieved from /opt/airflow/dags/driver_standings.py
[2026-08-20T16:20:09.988+0000] {logging_mixin.py:188} INFO - [2026-08-20T16:20:09.988+0000] {dag.py:3096} INFO - Sync 1 DAGs
[2026-08-20T16:20:10.019+0000] {logging_mixin.py:188} INFO - [2026-08-20T16:20:10.019+0000] {dag.py:3954} INFO - Setting next_dagrun for driver_standings to None, run_after=None
[2026-08-20T16:20:10.063+0000] {processor.py:183} INFO - Processing /opt/airflow/dags/driver_standings.py took 0.589 seconds
[2026-08-20T16:20:41.203+0000] {processor.py:161} INFO - Started process (PID=1083) to work on /opt/airflow/dags/driver_standings.py
[2026-08-20T16:20:41.246+0000] {processor.py:830} INFO - Processing file /opt/airflow/dags/driver_standings.py for tasks to queue
[2026-08-20T16:20:41.455+0000] {logging_mixin.py:188} INFO - [2026-08-20T16:20:41.396+0000] {dagbag.py:545} INFO - Filling up the DagBag from /opt/airflow/dags/driver_standings.py
[2026-08-20T16:20:42.215+0000] {processor.py:840} INFO - DAG(s) 'driver_standings' retrieved from /opt/airflow/dags/driver_standings.py
[2026-08-20T16:20:42.299+0000] {logging_mixin.py:188} INFO - [2026-08-20T16:20:42.298+0000] {dag.py:3096} INFO - Sync 1 DAGs
[2026-08-20T16:20:42.337+0000] {logging_mixin.py:188} INFO - [2026-08-20T16:20:42.336+0000] {dag.py:3954} INFO - Setting next_dagrun for driver_standings to None, run_after=None
[2026-08-20T16:20:42.374+0000] {processor.py:183} INFO - Processing /opt/airflow/dags/driver_standings.py took 1.745 seconds
[2026-08-20T16:21:12.962+0000] {processor.py:161} INFO - Started process (PID=1100) to work on /opt/airflow/dags/driver_standings.py
[2026-08-20T16:21:12.970+0000] {processor.py:830} INFO - Processing file /opt/airflow/dags/driver_standings.py for tasks to queue
[2026-08-20T16:21:12.984+0000] {logging_mixin.py:188} INFO - [2026-08-20T16:21:12.981+0000] {dagbag.py:545} INFO - Filling up the DagBag from /opt/airflow/dags/driver_standings.py
[2026-08-20T16:21:13.233+0000] {processor.py:840} INFO - DAG(s) 'driver_standings' retrieved from /opt/airflow/dags/driver_standings.py
[2026-08-20T16:21:13.390+0000] {logging_mixin.py:188} INFO - [2026-08-20T16:21:13.389+0000] {dag.py:3096} INFO - Sync 1 DAGs
[2026-08-20T16:21:13.465+0000] {logging_mixin.py:188} INFO - [2026-08-20T16:21:13.465+0000] {dag.py:3954} INFO - Setting next_dagrun for driver_standings to None, run_after=None
[2026-08-20T16:21:13.510+0000] {processor.py:183} INFO - Processing /opt/airflow/dags/driver_standings.py took 0.588 seconds
[2026-08-20T16:21:44.855+0000] {processor.py:161} INFO - Started process (PID=1121) to work on /opt/airflow/dags/driver_standings.py
[2026-08-20T16:21:44.865+0000] {processor.py:830} INFO - Processing file /opt/airflow/dags/driver_standings.py for tasks to queue
[2026-08-20T16:21:44.899+0000] {logging_mixin.py:188} INFO - [2026-08-20T16:21:44.895+0000] {dagbag.py:545} INFO - Filling up the DagBag from /opt/airflow/dags/driver_standings.py
[2026-08-20T16:21:46.055+0000] {processor.py:840} INFO - DAG(s) 'driver_standings' retrieved from /opt/airflow/dags/driver_standings.py
[2026-08-20T16:21:46.505+0000] {logging_mixin.py:188} INFO - [2026-08-20T16:21:46.504+0000] {dag.py:3096} INFO - Sync 1 DAGs
[2026-08-20T16:21:46.612+0000] {logging_mixin.py:188} INFO - [2026-08-20T16:21:46.612+0000] {dag.py:3954} INFO - Setting next_dagrun for driver_standings to None, run_after=None
[2026-08-20T16:21:46.712+0000] {processor.py:183} INFO - Processing /opt/airflow/dags/driver_standings.py took 1.947 seconds
[2026-08-20T16:22:17.574+0000] {processor.py:161} INFO - Started process (PID=1142) to work on /opt/airflow/dags/driver_standings.py
[2026-08-20T16:22:17.582+0000] {processor.py:830} INFO - Processing file /opt/airflow/dags/driver_standings.py for tasks to queue
[2026-08-20T16:22:17.638+0000] {logging_mixin.py:188} INFO - [2026-08-20T16:22:17.628+0000] {dagbag.py:545} INFO - Filling up the DagBag from /opt/airflow/dags/driver_standings.py
[2026-08-20T17:09:04.555+0000] {processor.py:840} INFO - DAG(s) 'driver_standings' retrieved from /opt/airflow/dags/driver_standings.py
[2026-08-20T17:09:34.929+0000] {processor.py:161} INFO - Started process (PID=1159) to work on /opt/airflow/dags/driver_standings.py
[2026-08-20T17:09:34.934+0000] {processor.py:830} INFO - Processing file /opt/airflow/dags/driver_standings.py for tasks to queue
[2026-08-20T17:09:34.967+0000] {logging_mixin.py:188} INFO - [2026-08-20T17:09:34.962+0000] {dagbag.py:545} INFO - Filling up the DagBag from /opt/airflow/dags/driver_standings.py
[2026-08-20T17:09:35.958+0000] {processor.py:840} INFO - DAG(s) 'driver_standings' retrieved from /opt/airflow/dags/driver_standings.py
[2026-08-20T17:09:36.201+0000] {logging_mixin.py:188} INFO - [2026-08-20T17:09:36.201+0000] {dag.py:3096} INFO - Sync 1 DAGs
[2026-08-20T17:09:36.381+0000] {logging_mixin.py:188} INFO - [2026-08-20T17:09:36.381+0000] {dag.py:3954} INFO - Setting next_dagrun for driver_standings to None, run_after=None
[2026-08-20T17:09:36.980+0000] {processor.py:183} INFO - Processing /opt/airflow/dags/driver_standings.py took 2.119 seconds
[2026-08-20T17:10:07.994+0000] {processor.py:161} INFO - Started process (PID=1185) to work on /opt/airflow/dags/driver_standings.py
[2026-08-20T17:10:08.005+0000] {processor.py:830} INFO - Processing file /opt/airflow/dags/driver_standings.py for tasks to queue
[2026-08-20T17:10:08.027+0000] {logging_mixin.py:188} INFO - [2026-08-20T17:10:08.024+0000] {dagbag.py:545} INFO - Filling up the DagBag from /opt/airflow/dags/driver_standings.py
[2026-08-20T17:10:08.704+0000] {processor.py:840} INFO - DAG(s) 'driver_standings' retrieved from /opt/airflow/dags/driver_standings.py
[2026-08-20T17:10:08.833+0000] {logging_mixin.py:188} INFO - [2026-08-20T17:10:08.833+0000] {dag.py:3096} INFO - Sync 1 DAGs
[2026-08-20T17:10:08.848+0000] {logging_mixin.py:188} INFO - [2026-08-20T17:10:08.848+0000] {dag.py:3954} INFO - Setting next_dagrun for driver_standings to None, run_after=None
[2026-08-20T17:10:08.966+0000] {processor.py:183} INFO - Processing /opt/airflow/dags/driver_standings.py took 1.039 seconds
[2026-08-20T17:10:42.632+0000] {processor.py:161} INFO - Started process (PID=1204) to work on /opt/airflow/dags/driver_standings.py
[2026-08-20T17:10:42.641+0000] {processor.py:830} INFO - Processing file /opt/airflow/dags/driver_standings.py for tasks to queue
[2026-08-20T17:10:42.648+0000] {logging_mixin.py:188} INFO - [2026-08-20T17:10:42.647+0000] {dagbag.py:545} INFO - Filling up the DagBag from /opt/airflow/dags/driver_standings.py
[2026-08-20T17:10:43.051+0000] {processor.py:840} INFO - DAG(s) 'driver_standings' retrieved from /opt/airflow/dags/driver_standings.py
[2026-08-20T17:10:43.230+0000] {logging_mixin.py:188} INFO - [2026-08-20T17:10:43.229+0000] {dag.py:3096} INFO - Sync 1 DAGs
[2026-08-20T17:10:43.278+0000] {logging_mixin.py:188} INFO - [2026-08-20T17:10:43.278+0000] {dag.py:3954} INFO - Setting next_dagrun for driver_standings to None, run_after=None
[2026-08-20T17:10:43.347+0000] {processor.py:183} INFO - Processing /opt/airflow/dags/driver_standings.py took 0.761 seconds
[2026-08-20T17:11:13.838+0000] {processor.py:161} INFO - Started process (PID=1222) to work on /opt/airflow/dags/driver_standings.py
[2026-08-20T17:11:13.841+0000] {processor.py:830} INFO - Processing file /opt/airflow/dags/driver_standings.py for tasks to queue
[2026-08-20T17:11:13.852+0000] {logging_mixin.py:188} INFO - [2026-08-20T17:11:13.845+0000] {dagbag.py:545} INFO - Filling up the DagBag from /opt/airflow/dags/driver_standings.py
[2026-08-20T17:11:14.060+0000] {processor.py:840} INFO - DAG(s) 'driver_standings' retrieved from /opt/airflow/dags/driver_standings.py
[2026-08-20T17:11:14.109+0000] {logging_mixin.py:188} INFO - [2026-08-20T17:11:14.108+0000] {dag.py:3096} INFO - Sync 1 DAGs
[2026-08-20T17:11:14.145+0000] {logging_mixin.py:188} INFO - [2026-08-20T17:11:14.145+0000] {dag.py:3954} INFO - Setting next_dagrun for driver_standings to None, run_after=None
[2026-08-20T17:11:14.203+0000] {processor.py:183} INFO - Processing /opt/airflow/dags/driver_standings.py took 0.386 seconds
[2026-08-20T17:11:45.167+0000] {processor.py:161} INFO - Started process (PID=1243) to work on /opt/airflow/dags/driver_standings.py
[2026-08-20T17:11:45.171+0000] {processor.py:830} INFO - Processing file /opt/airflow/dags/driver_standings.py for tasks to queue
[2026-08-20T17:11:45.178+0000] {logging_mixin.py:188} INFO - [2026-08-20T17:11:45.177+0000] {dagbag.py:545} INFO - Filling up the DagBag from /opt/airflow/dags/driver_standings.py
[2026-08-20T17:11:45.409+0000] {processor.py:840} INFO - DAG(s) 'driver_standings' retrieved from /opt/airflow/dags/driver_standings.py
[2026-08-20T17:11:45.634+0000] {logging_mixin.py:188} INFO - [2026-08-20T17:11:45.633+0000] {dag.py:3096} INFO - Sync 1 DAGs
[2026-08-20T17:11:45.675+0000] {logging_mixin.py:188} INFO - [2026-08-20T17:11:45.674+0000] {dag.py:3954} INFO - Setting next_dagrun for driver_standings to None, run_after=None
[2026-08-20T17:11:45.738+0000] {processor.py:183} INFO - Processing /opt/airflow/dags/driver_standings.py took 0.593 seconds
[2026-08-20T17:12:16.011+0000] {processor.py:161} INFO - Started process (PID=1264) to work on /opt/airflow/dags/driver_standings.py
[2026-08-20T17:12:16.013+0000] {processor.py:830} INFO - Processing file /opt/airflow/dags/driver_standings.py for tasks to queue
[2026-08-20T17:12:16.016+0000] {logging_mixin.py:188} INFO - [2026-08-20T17:12:16.015+0000] {dagbag.py:545} INFO - Filling up the DagBag from /opt/airflow/dags/driver_standings.py
[2026-08-20T17:12:16.160+0000] {processor.py:840} INFO - DAG(s) 'driver_standings' retrieved from /opt/airflow/dags/driver_standings.py
[2026-08-20T17:12:16.200+0000] {logging_mixin.py:188} INFO - [2026-08-20T17:12:16.200+0000] {dag.py:3096} INFO - Sync 1 DAGs
[2026-08-20T17:12:16.218+0000] {logging_mixin.py:188} INFO - [2026-08-20T17:12:16.218+0000] {dag.py:3954} INFO - Setting next_dagrun for driver_standings to None, run_after=None
[2026-08-20T17:12:16.245+0000] {processor.py:183} INFO - Processing /opt/airflow/dags/driver_standings.py took 0.241 seconds
[2026-08-20T17:12:46.363+0000] {processor.py:161} INFO - Started process (PID=1285) to work on /opt/airflow/dags/driver_standings.py
[2026-08-20T17:12:46.365+0000] {processor.py:830} INFO - Processing file /opt/airflow/dags/driver_standings.py for tasks to queue
[2026-08-20T17:12:46.368+0000] {logging_mixin.py:188} INFO - [2026-08-20T17:12:46.368+0000] {dagbag.py:545} INFO - Filling up the DagBag from /opt/airflow/dags/driver_standings.py
[2026-08-20T17:12:46.479+0000] {processor.py:840} INFO - DAG(s) 'driver_standings' retrieved from /opt/airflow/dags/driver_standings.py
[2026-08-20T17:12:46.514+0000] {logging_mixin.py:188} INFO - [2026-08-20T17:12:46.514+0000] {dag.py:3096} INFO - Sync 1 DAGs
[2026-08-20T17:12:46.529+0000] {logging_mixin.py:188} INFO - [2026-08-20T17:12:46.528+0000] {dag.py:3954} INFO - Setting next_dagrun for driver_standings to None, run_after=None
[2026-08-20T17:12:46.584+0000] {processor.py:183} INFO - Processing /opt/airflow/dags/driver_standings.py took 0.229 seconds
[2026-08-20T17:13:17.095+0000] {processor.py:161} INFO - Started process (PID=1306) to work on /opt/airflow/dags/driver_standings.py
[2026-08-20T17:13:17.109+0000] {processor.py:830} INFO - Processing file /opt/airflow/dags/driver_standings.py for tasks to queue
[2026-08-20T17:13:17.131+0000] {logging_mixin.py:188} INFO - [2026-08-20T17:13:17.128+0000] {dagbag.py:545} INFO - Filling up the DagBag from /opt/airflow/dags/driver_standings.py
[2026-08-20T17:13:17.589+0000] {processor.py:840} INFO - DAG(s) 'driver_standings' retrieved from /opt/airflow/dags/driver_standings.py
[2026-08-20T17:13:17.650+0000] {logging_mixin.py:188} INFO - [2026-08-20T17:13:17.649+0000] {dag.py:3096} INFO - Sync 1 DAGs
[2026-08-20T17:13:17.665+0000] {logging_mixin.py:188} INFO - [2026-08-20T17:13:17.664+0000] {dag.py:3954} INFO - Setting next_dagrun for driver_standings to None, run_after=None
[2026-08-20T17:13:17.688+0000] {processor.py:183} INFO - Processing /opt/airflow/dags/driver_standings.py took 0.606 seconds
[2026-08-20T21:04:06.382+0000] {processor.py:161} INFO - Started process (PID=1327) to work on /opt/airflow/dags/driver_standings.py
[2026-08-20T21:04:06.598+0000] {processor.py:830} INFO - Processing file /opt/airflow/dags/driver_standings.py for tasks to queue
[2026-08-20T21:04:06.972+0000] {logging_mixin.py:188} INFO - [2026-08-20T21:04:06.933+0000] {dagbag.py:545} INFO - Filling up the DagBag from /opt/airflow/dags/driver_standings.py
[2026-08-20T21:04:09.573+0000] {processor.py:840} INFO - DAG(s) 'driver_standings' retrieved from /opt/airflow/dags/driver_standings.py
[2026-08-20T21:04:09.794+0000] {logging_mixin.py:188} INFO - [2026-08-20T21:04:09.794+0000] {dag.py:3096} INFO - Sync 1 DAGs
[2026-08-20T21:04:09.986+0000] {logging_mixin.py:188} INFO - [2026-08-20T21:04:09.986+0000] {dag.py:3954} INFO - Setting next_dagrun for driver_standings to None, run_after=None
[2026-08-20T21:04:10.307+0000] {processor.py:183} INFO - Processing /opt/airflow/dags/driver_standings.py took 5.084 seconds
