[2026-08-20T16:04:55.603+0000] {processor.py:161} INFO - Started process (PID=258) to work on /opt/airflow/dags/load_ergast_data.py
[2026-08-20T16:04:55.613+0000] {processor.py:830} INFO - Processing file /opt/airflow/dags/load_ergast_data.py for tasks to queue
[2026-08-20T16:04:55.620+0000] {logging_mixin.py:188} INFO - [2026-08-20T16:04:55.619+0000] {dagbag.py:545} INFO - Filling up the DagBag from /opt/airflow/dags/load_ergast_data.py
[2026-08-20T16:04:57.880+0000] {processor.py:840} INFO - DAG(s) 'load_ergast_data' retrieved from /opt/airflow/dags/load_ergast_data.py
[2026-08-20T16:04:57.917+0000] {logging_mixin.py:188} INFO - [2026-08-20T16:04:57.917+0000] {dag.py:3096} INFO - Sync 1 DAGs
[2026-08-20T16:04:57.958+0000] {logging_mixin.py:188} INFO - [2026-08-20T16:04:57.958+0000] {dag.py:3954} INFO - Setting next_dagrun for load_ergast_data to None, run_after=None
[2026-08-20T16:04:57.997+0000] {processor.py:183} INFO - Processing /opt/airflow/dags/load_ergast_data.py took 2.436 seconds
[2026-08-20T16:05:28.670+0000] {processor.py:161} INFO - Started process (PID=303) to work on /opt/airflow/dags/load_ergast_data.py
[2026-08-20T16:05:28.672+0000] {processor.py:830} INFO - Processing file /opt/airflow/dags/load_ergast_data.py for tasks to queue
[2026-08-20T16:05:28.675+0000] {logging_mixin.py:188} INFO - [2026-08-20T16:05:28.675+0000] {dagbag.py:545} INFO - Filling up the DagBag from /opt/airflow/dags/load_ergast_data.py
[2026-08-20T16:05:29.404+0000] {processor.py:840} INFO - DAG(s) 'load_ergast_data' retrieved from /opt/airflow/dags/load_ergast_data.py
[2026-08-20T16:05:32.464+0000] {logging_mixin.py:188} INFO - [2026-08-20T16:05:32.463+0000] {dag.py:3096} INFO - Sync 1 DAGs
[2026-08-20T16:05:32.494+0000] {logging_mixin.py:188} INFO - [2026-08-20T16:05:32.494+0000] {dag.py:3954} INFO - Setting next_dagrun for load_ergast_data to None, run_after=None
[2026-08-20T16:05:32.535+0000] {processor.py:183} INFO - Processing /opt/airflow/dags/load_ergast_data.py took 3.106 seconds
[2026-08-20T16:06:07.667+0000] {processor.py:161} INFO - Started process (PID=322) to work on /opt/airflow/dags/load_ergast_data.py
[2026-08-20T16:06:07.675+0000] {processor.py:830} INFO - Processing file /opt/airflow/dags/load_ergast_data.py for tasks to queue
[2026-08-20T16:06:07.701+0000] {logging_mixin.py:188} INFO - [2026-08-20T16:06:07.698+0000] {dagbag.py:545} INFO - Filling up the DagBag from /opt/airflow/dags/load_ergast_data.py
[2026-08-20T16:06:10.167+0000] {processor.py:840} INFO - DAG(s) 'load_ergast_data' retrieved from /opt/airflow/dags/load_ergast_data.py
[2026-08-20T16:06:11.249+0000] {logging_mixin.py:188} INFO - [2026-08-20T16:06:11.247+0000] {dag.py:3096} INFO - Sync 1 DAGs
[2026-08-20T16:06:11.351+0000] {logging_mixin.py:188} INFO - [2026-08-20T16:06:11.351+0000] {dag.py:3954} INFO - Setting next_dagrun for load_ergast_data to None, run_after=None
[2026-08-20T16:06:11.419+0000] {processor.py:183} INFO - Processing /opt/airflow/dags/load_ergast_data.py took 3.775 seconds
[2026-08-20T16:06:41.561+0000] {processor.py:161} INFO - Started process (PID=408) to work on /opt/airflow/dags/load_ergast_data.py
[2026-08-20T16:06:41.624+0000] {processor.py:830} INFO - Processing file /opt/airflow/dags/load_ergast_data.py for tasks to queue
[2026-08-20T16:06:41.658+0000] {logging_mixin.py:188} INFO - [2026-08-20T16:06:41.629+0000] {dagbag.py:545} INFO - Filling up the DagBag from /opt/airflow/dags/load_ergast_data.py
[2026-08-20T16:06:43.600+0000] {processor.py:840} INFO - DAG(s) 'load_ergast_data' retrieved from /opt/airflow/dags/load_ergast_data.py
[2026-08-20T16:06:45.367+0000] {logging_mixin.py:188} INFO - [2026-08-20T16:06:45.367+0000] {dag.py:3096} INFO - Sync 1 DAGs
[2026-08-20T16:06:45.460+0000] {logging_mixin.py:188} INFO - [2026-08-20T16:06:45.459+0000] {dag.py:3954} INFO - Setting next_dagrun for load_ergast_data to None, run_after=None
[2026-08-20T16:06:45.887+0000] {processor.py:183} INFO - Processing /opt/airflow/dags/load_ergast_data.py took 4.337 seconds
[2026-08-20T16:07:18.677+0000] {processor.py:161} INFO - Started process (PID=531) to work on /opt/airflow/dags/load_ergast_data.py
[2026-08-20T16:07:18.690+0000] {processor.py:830} INFO - Processing file /opt/airflow/dags/load_ergast_data.py for tasks to queue
[2026-08-20T16:07:18.704+0000] {logging_mixin.py:188} INFO - [2026-08-20T16:07:18.697+0000] {dagbag.py:545} INFO - Filling up the DagBag from /opt/airflow/dags/load_ergast_data.py
[2026-08-20T16:07:24.818+0000] {processor.py:840} INFO - DAG(s) 'load_ergast_data' retrieved from /opt/airflow/dags/load_ergast_data.py
[2026-08-20T16:07:25.243+0000] {logging_mixin.py:188} INFO - [2026-08-20T16:07:25.238+0000] {dag.py:3096} INFO - Sync 1 DAGs
[2026-08-20T16:07:25.670+0000] {logging_mixin.py:188} INFO - [2026-08-20T16:07:25.668+0000] {dag.py:3954} INFO - Setting next_dagrun for load_ergast_data to None, run_after=None
[2026-08-20T16:07:43.380+0000] {processor.py:183} INFO - Processing /opt/airflow/dags/load_ergast_data.py took 23.851 seconds
[2026-08-20T16:08:13.833+0000] {processor.py:161} INFO - Started process (PID=602) to work on /opt/airflow/dags/load_ergast_data.py
[2026-08-20T16:08:13.841+0000] {processor.py:830} INFO - Processing file /opt/airflow/dags/load_ergast_data.py for tasks to queue
[2026-08-20T16:08:13.870+0000] {logging_mixin.py:188} INFO - [2026-08-20T16:08:13.860+0000] {dagbag.py:545} INFO - Filling up the DagBag from /opt/airflow/dags/load_ergast_data.py
[2026-08-20T16:08:20.426+0000] {processor.py:840} INFO - DAG(s) 'load_ergast_data' retrieved from /opt/airflow/dags/load_ergast_data.py
[2026-08-20T16:08:20.746+0000] {logging_mixin.py:188} INFO - [2026-08-20T16:08:20.744+0000] {dag.py:3096} INFO - Sync 1 DAGs
[2026-08-20T16:08:20.837+0000] {logging_mixin.py:188} INFO - [2026-08-20T16:08:20.837+0000] {dag.py:3954} INFO - Setting next_dagrun for load_ergast_data to None, run_after=None
[2026-08-20T16:08:20.908+0000] {processor.py:183} INFO - Processing /opt/airflow/dags/load_ergast_data.py took 7.113 seconds
[2026-08-20T16:08:51.546+0000] {processor.py:161} INFO - Started process (PID=623) to work on /opt/airflow/dags/load_ergast_data.py
[2026-08-20T16:08:51.572+0000] {processor.py:830} INFO - Processing file /opt/airflow/dags/load_ergast_data.py for tasks to queue
[2026-08-20T16:08:51.575+0000] {logging_mixin.py:188} INFO - [2026-08-20T16:08:51.575+0000] {dagbag.py:545} INFO - Filling up the DagBag from /opt/airflow/dags/load_ergast_data.py
[2026-08-20T16:08:52.359+0000] {processor.py:840} INFO - DAG(s) 'load_ergast_data' retrieved from /opt/airflow/dags/load_ergast_data.py
[2026-08-20T16:08:52.493+0000] {logging_mixin.py:188} INFO - [2026-08-20T16:08:52.491+0000] {dag.py:3096} INFO - Sync 1 DAGs
[2026-08-20T16:08:52.587+0000] {logging_mixin.py:188} INFO - [2026-08-20T16:08:52.587+0000] {dag.py:3954} INFO - Setting next_dagrun for load_ergast_data to None, run_after=None
[2026-08-20T16:08:52.654+0000] {processor.py:183} INFO - Processing /opt/airflow/dags/load_ergast_data.py took 1.116 seconds
[2026-08-20T16:09:23.345+0000] {processor.py:161} INFO - Started process (PID=647) to work on /opt/airflow/dags/load_ergast_data.py
[2026-08-20T16:09:23.347+0000] {processor.py:830} INFO - Processing file /opt/airflow/dags/load_ergast_data.py for tasks to queue
[2026-08-20T16:09:23.350+0000] {logging_mixin.py:188} INFO - [2026-08-20T16:09:23.349+0000] {dagbag.py:545} INFO - Filling up the DagBag from /opt/airflow/dags/load_ergast_data.py
[2026-08-20T16:09:23.976+0000] {processor.py:840} INFO - DAG(s) 'load_ergast_data' retrieved from /opt/airflow/dags/load_ergast_data.py
[2026-08-20T16:09:24.006+0000] {logging_mixin.py:188} INFO - [2026-08-20T16:09:24.005+0000] {dag.py:3096} INFO - Sync 1 DAGs
[2026-08-20T16:09:24.019+0000] {logging_mixin.py:188} INFO - [2026-08-20T16:09:24.019+0000] {dag.py:3954} INFO - Setting next_dagrun for load_ergast_data to None, run_after=None
[2026-08-20T16:09:24.042+0000] {processor.py:183} INFO - Processing /opt/airflow/dags/load_ergast_data.py took 0.707 seconds
[2026-08-20T16:09:55.769+0000] {processor.py:161} INFO - Started process (PID=667) to work on /opt/airflow/dags/load_ergast_data.py
[2026-08-20T16:09:55.819+0000] {processor.py:830} INFO - Processing file /opt/airflow/dags/load_ergast_data.py for tasks to queue
[2026-08-20T16:09:56.780+0000] {logging_mixin.py:188} INFO - [2026-08-20T16:09:55.840+0000] {dagbag.py:545} INFO - Filling up the DagBag from /opt/airflow/dags/load_ergast_data.py
[2026-08-20T16:10:07.673+0000] {processor.py:840} INFO - DAG(s) 'load_ergast_data' retrieved from /opt/airflow/dags/load_ergast_data.py
[2026-08-20T16:10:07.720+0000] {logging_mixin.py:188} INFO - [2026-08-20T16:10:07.719+0000] {dag.py:3096} INFO - Sync 1 DAGs
[2026-08-20T16:10:07.747+0000] {logging_mixin.py:188} INFO - [2026-08-20T16:10:07.747+0000] {dag.py:3954} INFO - Setting next_dagrun for load_ergast_data to None, run_after=None
[2026-08-20T16:10:07.787+0000] {processor.py:183} INFO - Processing /opt/airflow/dags/load_ergast_data.py took 12.189 seconds
[2026-08-20T16:10:38.288+0000] {processor.py:161} INFO - Started process (PID=694) to work on /opt/airflow/dags/load_ergast_data.py
[2026-08-20T16:10:38.290+0000] {processor.py:830} INFO - Processing file /opt/airflow/dags/load_ergast_data.py for tasks to queue
[2026-08-20T16:10:38.292+0000] {logging_mixin.py:188} INFO - [2026-08-20T16:10:38.292+0000] {dagbag.py:545} INFO - Filling up the DagBag from /opt/airflow/dags/load_ergast_data.py
[2026-08-20T16:10:39.040+0000] {processor.py:840} INFO - DAG(s) 'load_ergast_data' retrieved from /opt/airflow/dags/load_ergast_data.py
[2026-08-20T16:10:39.210+0000] {logging_mixin.py:188} INFO - [2026-08-20T16:10:39.206+0000] {dag.py:3096} INFO - Sync 1 DAGs
[2026-08-20T16:10:39.321+0000] {logging_mixin.py:188} INFO - [2026-08-20T16:10:39.320+0000] {dag.py:3954} INFO - Setting next_dagrun for load_ergast_data to None, run_after=None
[2026-08-20T16:10:42.771+0000] {processor.py:183} INFO - Processing /opt/airflow/dags/load_ergast_data.py took 3.683 seconds
[2026-08-20T16:11:12.978+0000] {processor.py:161} INFO - Started process (PID=722) to work on /opt/airflow/dags/load_ergast_data.py
[2026-08-20T16:11:12.979+0000] {processor.py:830} INFO - Processing file /opt/airflow/dags/load_ergast_data.py for tasks to queue
[2026-08-20T16:11:12.982+0000] {logging_mixin.py:188} INFO - [2026-08-20T16:11:12.982+0000] {dagbag.py:545} INFO - Filling up the DagBag from /opt/airflow/dags/load_ergast_data.py
[2026-08-20T16:11:13.329+0000] {processor.py:840} INFO - DAG(s) 'load_ergast_data' retrieved from /opt/airflow/dags/load_ergast_data.py
[2026-08-20T16:11:13.374+0000] {logging_mixin.py:188} INFO - [2026-08-20T16:11:13.373+0000] {dag.py:3096} INFO - Sync 1 DAGs
[2026-08-20T16:11:13.831+0000] {logging_mixin.py:188} INFO - [2026-08-20T16:11:13.830+0000] {dag.py:3954} INFO - Setting next_dagrun for load_ergast_data to None, run_after=None
[2026-08-20T16:11:13.895+0000] {processor.py:183} INFO - Processing /opt/airflow/dags/load_ergast_data.py took 0.923 seconds
[2026-08-20T16:11:44.332+0000] {processor.py:161} INFO - Started process (PID=743) to work on /opt/airflow/dags/load_ergast_data.py
[2026-08-20T16:11:44.339+0000] {processor.py:830} INFO - Processing file /opt/airflow/dags/load_ergast_data.py for tasks to queue
[2026-08-20T16:11:44.343+0000] {logging_mixin.py:188} INFO - [2026-08-20T16:11:44.342+0000] {dagbag.py:545} INFO - Filling up the DagBag from /opt/airflow/dags/load_ergast_data.py
[2026-08-20T16:11:44.814+0000] {processor.py:840} INFO - DAG(s) 'load_ergast_data' retrieved from /opt/airflow/dags/load_ergast_data.py
[2026-08-20T16:11:44.885+0000] {logging_mixin.py:188} INFO - [2026-08-20T16:11:44.884+0000] {dag.py:3096} INFO - Sync 1 DAGs
[2026-08-20T16:11:44.906+0000] {logging_mixin.py:188} INFO - [2026-08-20T16:11:44.905+0000] {dag.py:3954} INFO - Setting next_dagrun for load_ergast_data to None, run_after=None
[2026-08-20T16:11:44.925+0000] {processor.py:183} INFO - Processing /opt/airflow/dags/load_ergast_data.py took 0.609 seconds
[2026-08-20T16:12:15.187+0000] {processor.py:161} INFO - Started process (PID=764) to work on /opt/airflow/dags/load_ergast_data.py
[2026-08-20T16:12:15.191+0000] {processor.py:830} INFO - Processing file /opt/airflow/dags/load_ergast_data.py for tasks to queue
[2026-08-20T16:12:15.201+0000] {logging_mixin.py:188} INFO - [2026-08-20T16:12:15.200+0000] {dagbag.py:545} INFO - Filling up the DagBag from /opt/airflow/dags/load_ergast_data.py
[2026-08-20T16:12:15.762+0000] {processor.py:840} INFO - DAG(s) 'load_ergast_data' retrieved from /opt/airflow/dags/load_ergast_data.py
[2026-08-20T16:12:15.811+0000] {logging_mixin.py:188} INFO - [2026-08-20T16:12:15.808+0000] {dag.py:3096} INFO - Sync 1 DAGs
[2026-08-20T16:12:15.834+0000] {logging_mixin.py:188} INFO - [2026-08-20T16:12:15.834+0000] {dag.py:3954} INFO - Setting next_dagrun for load_ergast_data to None, run_after=None
[2026-08-20T16:12:15.862+0000] {processor.py:183} INFO - Processing /opt/airflow/dags/load_ergast_data.py took 0.682 seconds
[2026-08-20T16:12:46.129+0000] {processor.py:161} INFO - Started process (PID=785) to work on /opt/airflow/dags/load_ergast_data.py
[2026-08-20T16:12:46.134+0000] {processor.py:830} INFO - Processing file /opt/airflow/dags/load_ergast_data.py for tasks to queue
[2026-08-20T16:12:46.140+0000] {logging_mixin.py:188} INFO - [2026-08-20T16:12:46.139+0000] {dagbag.py:545} INFO - Filling up the DagBag from /opt/airflow/dags/load_ergast_data.py
[2026-08-20T16:12:47.099+0000] {processor.py:840} INFO - DAG(s) 'load_ergast_data' retrieved from /opt/airflow/dags/load_ergast_data.py
[2026-08-20T16:12:47.160+0000] {logging_mixin.py:188} INFO - [2026-08-20T16:12:47.159+0000] {dag.py:3096} INFO - Sync 1 DAGs
[2026-08-20T16:12:47.207+0000] {logging_mixin.py:188} INFO - [2026-08-20T16:12:47.206+0000] {dag.py:3954} INFO - Setting next_dagrun for load_ergast_data to None, run_after=None
[2026-08-20T16:12:47.230+0000] {processor.py:183} INFO - Processing /opt/airflow/dags/load_ergast_data.py took 1.147 seconds
[2026-08-20T16:13:17.485+0000] {processor.py:161} INFO - Started process (PID=806) to work on /opt/airflow/dags/load_ergast_data.py
[2026-08-20T16:13:17.487+0000] {processor.py:830} INFO - Processing file /opt/airflow/dags/load_ergast_data.py for tasks to queue
[2026-08-20T16:13:17.490+0000] {logging_mixin.py:188} INFO - [2026-08-20T16:13:17.490+0000] {dagbag.py:545} INFO - Filling up the DagBag from /opt/airflow/dags/load_ergast_data.py
[2026-08-20T16:13:18.105+0000] {processor.py:840} INFO - DAG(s) 'load_ergast_data' retrieved from /opt/airflow/dags/load_ergast_data.py
[2026-08-20T16:13:18.138+0000] {logging_mixin.py:188} INFO - [2026-08-20T16:13:18.137+0000] {dag.py:3096} INFO - Sync 1 DAGs
[2026-08-20T16:13:18.153+0000] {logging_mixin.py:188} INFO - [2026-08-20T16:13:18.153+0000] {dag.py:3954} INFO - Setting next_dagrun for load_ergast_data to None, run_after=None
[2026-08-20T16:13:18.181+0000] {processor.py:183} INFO - Processing /opt/airflow/dags/load_ergast_data.py took 0.706 seconds
[2026-08-20T16:13:48.271+0000] {processor.py:161} INFO - Started process (PID=827) to work on /opt/airflow/dags/load_ergast_data.py
[2026-08-20T16:13:48.272+0000] {processor.py:830} INFO - Processing file /opt/airflow/dags/load_ergast_data.py for tasks to queue
[2026-08-20T16:13:48.279+0000] {logging_mixin.py:188} INFO - [2026-08-20T16:13:48.277+0000] {dagbag.py:545} INFO - Filling up the DagBag from /opt/airflow/dags/load_ergast_data.py
[2026-08-20T16:13:48.829+0000] {processor.py:840} INFO - DAG(s) 'load_ergast_data' retrieved from /opt/airflow/dags/load_ergast_data.py
[2026-08-20T16:13:48.853+0000] {logging_mixin.py:188} INFO - [2026-08-20T16:13:48.852+0000] {dag.py:3096} INFO - Sync 1 DAGs
[2026-08-20T16:13:48.864+0000] {logging_mixin.py:188} INFO - [2026-08-20T16:13:48.863+0000] {dag.py:3954} INFO - Setting next_dagrun for load_ergast_data to None, run_after=None
[2026-08-20T16:13:50.089+0000] {processor.py:183} INFO - Processing /opt/airflow/dags/load_ergast_data.py took 1.824 seconds
[2026-08-20T16:14:20.186+0000] {processor.py:161} INFO - Started process (PID=848) to work on /opt/airflow/dags/load_ergast_data.py
[2026-08-20T16:14:20.188+0000] {processor.py:830} INFO - Processing file /opt/airflow/dags/load_ergast_data.py for tasks to queue
[2026-08-20T16:14:20.190+0000] {logging_mixin.py:188} INFO - [2026-08-20T16:14:20.190+0000] {dagbag.py:545} INFO - Filling up the DagBag from /opt/airflow/dags/load_ergast_data.py
[2026-08-20T16:14:21.238+0000] {processor.py:840} INFO - DAG(s) 'load_ergast_data' retrieved from /opt/airflow/dags/load_ergast_data.py
[2026-08-20T16:14:21.288+0000] {logging_mixin.py:188} INFO - [2026-08-20T16:14:21.287+0000] {dag.py:3096} INFO - Sync 1 DAGs
[2026-08-20T16:14:22.729+0000] {logging_mixin.py:188} INFO - [2026-08-20T16:14:22.729+0000] {dag.py:3954} INFO - Setting next_dagrun for load_ergast_data to None, run_after=None
[2026-08-20T16:14:22.763+0000] {processor.py:183} INFO - Processing /opt/airflow/dags/load_ergast_data.py took 2.584 seconds
[2026-08-20T16:14:53.049+0000] {processor.py:161} INFO - Started process (PID=869) to work on /opt/airflow/dags/load_ergast_data.py
[2026-08-20T16:14:53.061+0000] {processor.py:830} INFO - Processing file /opt/airflow/dags/load_ergast_data.py for tasks to queue
[2026-08-20T16:14:53.103+0000] {logging_mixin.py:188} INFO - [2026-08-20T16:14:53.100+0000] {dagbag.py:545} INFO - Filling up the DagBag from /opt/airflow/dags/load_ergast_data.py
[2026-08-20T16:14:56.161+0000] {processor.py:840} INFO - DAG(s) 'load_ergast_data' retrieved from /opt/airflow/dags/load_ergast_data.py
[2026-08-20T16:14:56.320+0000] {logging_mixin.py:188} INFO - [2026-08-20T16:14:56.319+0000] {dag.py:3096} INFO - Sync 1 DAGs
[2026-08-20T16:14:56.369+0000] {logging_mixin.py:188} INFO - [2026-08-20T16:14:56.368+0000] {dag.py:3954} INFO - Setting next_dagrun for load_ergast_data to None, run_after=None
[2026-08-20T16:14:56.419+0000] {processor.py:183} INFO - Processing /opt/airflow/dags/load_ergast_data.py took 3.406 seconds
[2026-08-20T16:15:26.804+0000] {processor.py:161} INFO - Started process (PID=890) to work on /opt/airflow/dags/load_ergast_data.py
[2026-08-20T16:15:26.821+0000] {processor.py:830} INFO - Processing file /opt/airflow/dags/load_ergast_data.py for tasks to queue
[2026-08-20T16:15:26.834+0000] {logging_mixin.py:188} INFO - [2026-08-20T16:15:26.833+0000] {dagbag.py:545} INFO - Filling up the DagBag from /opt/airflow/dags/load_ergast_data.py
[2026-08-20T16:15:27.547+0000] {processor.py:840} INFO - DAG(s) 'load_ergast_data' retrieved from /opt/airflow/dags/load_ergast_data.py
[2026-08-20T16:15:27.579+0000] {logging_mixin.py:188} INFO - [2026-08-20T16:15:27.579+0000] {dag.py:3096} INFO - Sync 1 DAGs
[2026-08-20T16:15:27.593+0000] {logging_mixin.py:188} INFO - [2026-08-20T16:15:27.593+0000] {dag.py:3954} INFO - Setting next_dagrun for load_ergast_data to None, run_after=None
[2026-08-20T16:15:27.616+0000] {processor.py:183} INFO - Processing /opt/airflow/dags/load_ergast_data.py took 0.916 seconds
[2026-08-20T16:15:58.274+0000] {processor.py:161} INFO - Started process (PID=911) to work on /opt/airflow/dags/load_ergast_data.py
[2026-08-20T16:15:58.286+0000] {processor.py:830} INFO - Processing file /opt/airflow/dags/load_ergast_data.py for tasks to queue
[2026-08-20T16:15:58.305+0000] {logging_mixin.py:188} INFO - [2026-08-20T16:15:58.302+0000] {dagbag.py:545} INFO - Filling up the DagBag from /opt/airflow/dags/load_ergast_data.py
[2026-08-20T16:15:59.738+0000] {processor.py:840} INFO - DAG(s) 'load_ergast_data' retrieved from /opt/airflow/dags/load_ergast_data.py
[2026-08-20T16:15:59.787+0000] {logging_mixin.py:188} INFO - [2026-08-20T16:15:59.786+0000] {dag.py:3096} INFO - Sync 1 DAGs
[2026-08-20T16:15:59.805+0000] {logging_mixin.py:188} INFO - [2026-08-20T16:15:59.805+0000] {dag.py:3954} INFO - Setting next_dagrun for load_ergast_data to None, run_after=None
[2026-08-20T16:15:59.838+0000] {processor.py:183} INFO - Processing /opt/airflow/dags/load_ergast_data.py took 1.620 seconds
[2026-08-20T16:16:30.167+0000] {processor.py:161} INFO - Started process (PID=932) to work on /opt/airflow/dags/load_ergast_data.py
[2026-08-20T16:16:30.182+0000] {processor.py:830} INFO - Processing file /opt/airflow/dags/load_ergast_data.py for tasks to queue
[2026-08-20T16:16:30.221+0000] {logging_mixin.py:188} INFO - [2026-08-20T16:16:30.220+0000] {dagbag.py:545} INFO - Filling up the DagBag from /opt/airflow/dags/load_ergast_data.py
[2026-08-20T16:16:32.632+0000] {processor.py:840} INFO - DAG(s) 'load_ergast_data' retrieved from /opt/airflow/dags/load_ergast_data.py
[2026-08-20T16:16:32.681+0000] {logging_mixin.py:188} INFO - [2026-08-20T16:16:32.681+0000] {dag.py:3096} INFO - Sync 1 DAGs
[2026-08-20T16:16:32.720+0000] {logging_mixin.py:188} INFO - [2026-08-20T16:16:32.719+0000] {dag.py:3954} INFO - Setting next_dagrun for load_ergast_data to None, run_after=None
[2026-08-20T16:16:32.758+0000] {processor.py:183} INFO - Processing /opt/airflow/dags/load_ergast_data.py took 2.618 seconds
[2026-08-20T16:17:03.501+0000] {processor.py:161} INFO - Started process (PID=953) to work on /opt/airflow/dags/load_ergast_data.py
[2026-08-20T16:17:03.503+0000] {processor.py:830} INFO - Processing file /opt/airflow/dags/load_ergast_data.py for tasks to queue
[2026-08-20T16:17:03.507+0000] {logging_mixin.py:188} INFO - [2026-08-20T16:17:03.506+0000] {dagbag.py:545} INFO - Filling up the DagBag from /opt/airflow/dags/load_ergast_data.py
[2026-08-20T16:17:04.997+0000] {processor.py:840} INFO - DAG(s) 'load_ergast_data' retrieved from /opt/airflow/dags/load_ergast_data.py
[2026-08-20T16:17:05.205+0000] {logging_mixin.py:188} INFO - [2026-08-20T16:17:05.203+0000] {dag.py:3096} INFO - Sync 1 DAGs
[2026-08-20T16:17:05.303+0000] {logging_mixin.py:188} INFO - [2026-08-20T16:17:05.303+0000] {dag.py:3954} INFO - Setting next_dagrun for load_ergast_data to None, run_after=None
[2026-08-20T16:17:08.698+0000] {processor.py:183} INFO - Processing /opt/airflow/dags/load_ergast_data.py took 5.212 seconds
[2026-08-20T16:17:38.892+0000] {processor.py:161} INFO - Started process (PID=974) to work on /opt/airflow/dags/load_ergast_data.py
[2026-08-20T16:17:38.894+0000] {processor.py:830} INFO - Processing file /opt/airflow/dags/load_ergast_data.py for tasks to queue
[2026-08-20T16:17:38.897+0000] {logging_mixin.py:188} INFO - [2026-08-20T16:17:38.896+0000] {dagbag.py:545} INFO - Filling up the DagBag from /opt/airflow/dags/load_ergast_data.py
[2026-08-20T16:17:39.541+0000] {processor.py:840} INFO - DAG(s) 'load_ergast_data' retrieved from /opt/airflow/dags/load_ergast_data.py
[2026-08-20T16:17:39.603+0000] {logging_mixin.py:188} INFO - [2026-08-20T16:17:39.601+0000] {dag.py:3096} INFO - Sync 1 DAGs
[2026-08-20T16:17:39.634+0000] {logging_mixin.py:188} INFO - [2026-08-20T16:17:39.634+0000] {dag.py:3954} INFO - Setting next_dagrun for load_ergast_data to None, run_after=None
[2026-08-20T16:17:39.672+0000] {processor.py:183} INFO - Processing /opt/airflow/dags/load_ergast_data.py took 0.785 seconds
[2026-08-20T16:18:10.492+0000] {processor.py:161} INFO - Started process (PID=995) to work on /opt/airflow/dags/load_ergast_data.py
[2026-08-20T16:18:10.496+0000] {processor.py:830} INFO - Processing file /opt/airflow/dags/load_ergast_data.py for tasks to queue
[2026-08-20T16:18:10.541+0000] {logging_mixin.py:188} INFO - [2026-08-20T16:18:10.531+0000] {dagbag.py:545} INFO - Filling up the DagBag from /opt/airflow/dags/load_ergast_data.py
[2026-08-20T16:18:25.241+0000] {processor.py:840} INFO - DAG(s) 'load_ergast_data' retrieved from /opt/airflow/dags/load_ergast_data.py
[2026-08-20T16:18:25.796+0000] {logging_mixin.py:188} INFO - [2026-08-20T16:18:25.794+0000] {dag.py:3096} INFO - Sync 1 DAGs
[2026-08-20T16:18:25.990+0000] {logging_mixin.py:188} INFO - [2026-08-20T16:18:25.989+0000] {dag.py:3954} INFO - Setting next_dagrun for load_ergast_data to None, run_after=None
[2026-08-20T16:18:26.233+0000] {processor.py:183} INFO - Processing /opt/airflow/dags/load_ergast_data.py took 14.930 seconds
[2026-08-20T16:18:56.603+0000] {processor.py:161} INFO - Started process (PID=1016) to work on /opt/airflow/dags/load_ergast_data.py
[2026-08-20T16:18:56.607+0000] {processor.py:830} INFO - Processing file /opt/airflow/dags/load_ergast_data.py for tasks to queue
[2026-08-20T16:18:56.614+0000] {logging_mixin.py:188} INFO - [2026-08-20T16:18:56.614+0000] {dagbag.py:545} INFO - Filling up the DagBag from /opt/airflow/dags/load_ergast_data.py
[2026-08-20T16:18:58.379+0000] {processor.py:840} INFO - DAG(s) 'load_ergast_data' retrieved from /opt/airflow/dags/load_ergast_data.py
[2026-08-20T16:18:58.529+0000] {logging_mixin.py:188} INFO - [2026-08-20T16:18:58.528+0000] {dag.py:3096} INFO - Sync 1 DAGs
[2026-08-20T16:18:58.571+0000] {logging_mixin.py:188} INFO - [2026-08-20T16:18:58.571+0000] {dag.py:3954} INFO - Setting next_dagrun for load_ergast_data to None, run_after=None
[2026-08-20T16:18:58.628+0000] {processor.py:183} INFO - Processing /opt/airflow/dags/load_ergast_data.py took 2.043 seconds
[2026-08-20T16:19:29.857+0000] {processor.py:161} INFO - Started process (PID=1037) to work on /opt/airflow/dags/load_ergast_data.py
[2026-08-20T16:19:29.868+0000] {processor.py:830} INFO - Processing file /opt/airflow/dags/load_ergast_data.py for tasks to queue
[2026-08-20T16:19:29.892+0000] {logging_mixin.py:188} INFO - [2026-08-20T16:19:29.889+0000] {dagbag.py:545} INFO - Filling up the DagBag from /opt/airflow/dags/load_ergast_data.py
[2026-08-20T16:19:34.072+0000] {processor.py:840} INFO - DAG(s) 'load_ergast_data' retrieved from /opt/airflow/dags/load_ergast_data.py
[2026-08-20T16:19:34.398+0000] {logging_mixin.py:188} INFO - [2026-08-20T16:19:34.397+0000] {dag.py:3096} INFO - Sync 1 DAGs
[2026-08-20T16:19:34.505+0000] {logging_mixin.py:188} INFO - [2026-08-20T16:19:34.505+0000] {dag.py:3954} INFO - Setting next_dagrun for load_ergast_data to None, run_after=None
[2026-08-20T16:19:34.575+0000] {processor.py:183} INFO - Processing /opt/airflow/dags/load_ergast_data.py took 4.831 seconds
[2026-08-20T16:20:05.261+0000] {processor.py:161} INFO - Started process (PID=1058) to work on /opt/airflow/dags/load_ergast_data.py
[2026-08-20T16:20:05.263+0000] {processor.py:830} INFO - Processing file /opt/airflow/dags/load_ergast_data.py for tasks to queue
[2026-08-20T16:20:05.268+0000] {logging_mixin.py:188} INFO - [2026-08-20T16:20:05.267+0000] {dagbag.py:545} INFO - Filling up the DagBag from /opt/airflow/dags/load_ergast_data.py
[2026-08-20T16:20:05.918+0000] {processor.py:840} INFO - DAG(s) 'load_ergast_data' retrieved from /opt/airflow/dags/load_ergast_data.py
[2026-08-20T16:20:06.046+0000] {logging_mixin.py:188} INFO - [2026-08-20T16:20:06.045+0000] {dag.py:3096} INFO - Sync 1 DAGs
[2026-08-20T16:20:06.100+0000] {logging_mixin.py:188} INFO - [2026-08-20T16:20:06.100+0000] {dag.py:3954} INFO - Setting next_dagrun for load_ergast_data to None, run_after=None
[2026-08-20T16:20:06.154+0000] {processor.py:183} INFO - Processing /opt/airflow/dags/load_ergast_data.py took 0.905 seconds
[2026-08-20T16:20:36.296+0000] {processor.py:161} INFO - Started process (PID=1079) to work on /opt/airflow/dags/load_ergast_data.py
[2026-08-20T16:20:36.307+0000] {processor.py:830} INFO - Processing file /opt/airflow/dags/load_ergast_data.py for tasks to queue
[2026-08-20T16:20:36.331+0000] {logging_mixin.py:188} INFO - [2026-08-20T16:20:36.329+0000] {dagbag.py:545} INFO - Filling up the DagBag from /opt/airflow/dags/load_ergast_data.py
[2026-08-20T16:20:38.438+0000] {processor.py:840} INFO - DAG(s) 'load_ergast_data' retrieved from /opt/airflow/dags/load_ergast_data.py
[2026-08-20T16:20:38.559+0000] {logging_mixin.py:188} INFO - [2026-08-20T16:20:38.557+0000] {dag.py:3096} INFO - Sync 1 DAGs
[2026-08-20T16:20:38.601+0000] {logging_mixin.py:188} INFO - [2026-08-20T16:20:38.601+0000] {dag.py:3954} INFO - Setting next_dagrun for load_ergast_data to None, run_after=None
[2026-08-20T16:20:42.162+0000] {processor.py:183} INFO - Processing /opt/airflow/dags/load_ergast_data.py took 5.920 seconds
