[2026-08-12T03:55:33.314+0000] {processor.py:161} INFO - Started process (PID=4135) to work on /opt/airflow/dags/lap_time_analysis.py
[2026-08-12T03:55:33.379+0000] {processor.py:830} INFO - Processing file /opt/airflow/dags/lap_time_analysis.py for tasks to queue
[2026-08-12T03:55:33.443+0000] {logging_mixin.py:188} INFO - [2026-08-12T03:55:33.402+0000] {dagbag.py:545} INFO - Filling up the DagBag from /opt/airflow/dags/lap_time_analysis.py
[2026-08-12T03:55:36.183+0000] {processor.py:840} INFO - DAG(s) 'lap_time_analysis' retrieved from /opt/airflow/dags/lap_time_analysis.py
[2026-08-12T03:55:37.001+0000] {logging_mixin.py:188} INFO - [2026-08-12T03:55:36.987+0000] {dag.py:3096} INFO - Sync 1 DAGs
[2026-08-12T03:55:38.367+0000] {logging_mixin.py:188} INFO - [2026-08-12T03:55:38.366+0000] {dag.py:3954} INFO - Setting next_dagrun for lap_time_analysis to None, run_after=None
[2026-08-12T03:55:39.700+0000] {processor.py:183} INFO - Processing /opt/airflow/dags/lap_time_analysis.py took 6.739 seconds
[2026-08-12T03:56:10.917+0000] {processor.py:161} INFO - Started process (PID=4147) to work on /opt/airflow/dags/lap_time_analysis.py
[2026-08-12T03:56:10.937+0000] {processor.py:830} INFO - Processing file /opt/airflow/dags/lap_time_analysis.py for tasks to queue
[2026-08-12T03:56:10.939+0000] {logging_mixin.py:188} INFO - [2026-08-12T03:56:10.939+0000] {dagbag.py:545} INFO - Filling up the DagBag from /opt/airflow/dags/lap_time_analysis.py
[2026-08-12T03:56:12.433+0000] {processor.py:840} INFO - DAG(s) 'lap_time_analysis' retrieved from /opt/airflow/dags/lap_time_analysis.py
[2026-08-12T03:56:12.581+0000] {logging_mixin.py:188} INFO - [2026-08-12T03:56:12.581+0000] {dag.py:3096} INFO - Sync 1 DAGs
[2026-08-12T03:56:12.598+0000] {logging_mixin.py:188} INFO - [2026-08-12T03:56:12.598+0000] {dag.py:3954} INFO - Setting next_dagrun for lap_time_analysis to None, run_after=None
[2026-08-12T03:56:12.699+0000] {processor.py:183} INFO - Processing /opt/airflow/dags/lap_time_analysis.py took 1.788 seconds
[2026-08-12T03:56:43.598+0000] {processor.py:161} INFO - Started process (PID=4163) to work on /opt/airflow/dags/lap_time_analysis.py
[2026-08-12T03:56:43.603+0000] {processor.py:830} INFO - Processing file /opt/airflow/dags/lap_time_analysis.py for tasks to queue
[2026-08-12T03:56:43.606+0000] {logging_mixin.py:188} INFO - [2026-08-12T03:56:43.605+0000] {dagbag.py:545} INFO - Filling up the DagBag from /opt/airflow/dags/lap_time_analysis.py
[2026-08-12T03:56:43.830+0000] {processor.py:840} INFO - DAG(s) 'lap_time_analysis' retrieved from /opt/airflow/dags/lap_time_analysis.py
[2026-08-12T03:56:43.899+0000] {logging_mixin.py:188} INFO - [2026-08-12T03:56:43.899+0000] {dag.py:3096} INFO - Sync 1 DAGs
[2026-08-12T03:56:43.918+0000] {logging_mixin.py:188} INFO - [2026-08-12T03:56:43.918+0000] {dag.py:3954} INFO - Setting next_dagrun for lap_time_analysis to None, run_after=None
[2026-08-12T03:56:43.945+0000] {processor.py:183} INFO - Processing /opt/airflow/dags/lap_time_analysis.py took 0.362 seconds
[2026-08-12T03:57:18.385+0000] {processor.py:161} INFO - Started process (PID=4177) to work on /opt/airflow/dags/lap_time_analysis.py
[2026-08-12T03:57:18.393+0000] {processor.py:830} INFO - Processing file /opt/airflow/dags/lap_time_analysis.py for tasks to queue
[2026-08-12T03:57:18.399+0000] {logging_mixin.py:188} INFO - [2026-08-12T03:57:18.397+0000] {dagbag.py:545} INFO - Filling up the DagBag from /opt/airflow/dags/lap_time_analysis.py
[2026-08-12T03:57:18.946+0000] {processor.py:840} INFO - DAG(s) 'lap_time_analysis' retrieved from /opt/airflow/dags/lap_time_analysis.py
[2026-08-12T03:57:18.989+0000] {logging_mixin.py:188} INFO - [2026-08-12T03:57:18.989+0000] {dag.py:3096} INFO - Sync 1 DAGs
[2026-08-12T03:57:19.076+0000] {logging_mixin.py:188} INFO - [2026-08-12T03:57:19.075+0000] {dag.py:3954} INFO - Setting next_dagrun for lap_time_analysis to None, run_after=None
[2026-08-12T03:57:19.159+0000] {processor.py:183} INFO - Processing /opt/airflow/dags/lap_time_analysis.py took 0.970 seconds
[2026-08-12T03:57:49.695+0000] {processor.py:161} INFO - Started process (PID=4187) to work on /opt/airflow/dags/lap_time_analysis.py
[2026-08-12T03:57:49.722+0000] {processor.py:830} INFO - Processing file /opt/airflow/dags/lap_time_analysis.py for tasks to queue
[2026-08-12T03:57:49.740+0000] {logging_mixin.py:188} INFO - [2026-08-12T03:57:49.732+0000] {dagbag.py:545} INFO - Filling up the DagBag from /opt/airflow/dags/lap_time_analysis.py
[2026-08-12T03:57:51.295+0000] {processor.py:840} INFO - DAG(s) 'lap_time_analysis' retrieved from /opt/airflow/dags/lap_time_analysis.py
[2026-08-12T03:57:51.372+0000] {logging_mixin.py:188} INFO - [2026-08-12T03:57:51.371+0000] {dag.py:3096} INFO - Sync 1 DAGs
[2026-08-12T03:57:51.426+0000] {logging_mixin.py:188} INFO - [2026-08-12T03:57:51.426+0000] {dag.py:3954} INFO - Setting next_dagrun for lap_time_analysis to None, run_after=None
[2026-08-12T03:57:51.584+0000] {processor.py:183} INFO - Processing /opt/airflow/dags/lap_time_analysis.py took 2.030 seconds
[2026-08-12T03:58:22.777+0000] {processor.py:161} INFO - Started process (PID=4203) to work on /opt/airflow/dags/lap_time_analysis.py
[2026-08-12T03:58:22.788+0000] {processor.py:830} INFO - Processing file /opt/airflow/dags/lap_time_analysis.py for tasks to queue
[2026-08-12T03:58:22.796+0000] {logging_mixin.py:188} INFO - [2026-08-12T03:58:22.793+0000] {dagbag.py:545} INFO - Filling up the DagBag from /opt/airflow/dags/lap_time_analysis.py
[2026-08-12T03:58:23.332+0000] {processor.py:840} INFO - DAG(s) 'lap_time_analysis' retrieved from /opt/airflow/dags/lap_time_analysis.py
[2026-08-12T03:58:23.807+0000] {logging_mixin.py:188} INFO - [2026-08-12T03:58:23.804+0000] {dag.py:3096} INFO - Sync 1 DAGs
[2026-08-12T03:58:24.345+0000] {logging_mixin.py:188} INFO - [2026-08-12T03:58:24.344+0000] {dag.py:3954} INFO - Setting next_dagrun for lap_time_analysis to None, run_after=None
[2026-08-12T03:58:25.613+0000] {processor.py:183} INFO - Processing /opt/airflow/dags/lap_time_analysis.py took 2.898 seconds
[2026-08-12T03:59:09.840+0000] {processor.py:161} INFO - Started process (PID=4219) to work on /opt/airflow/dags/lap_time_analysis.py
[2026-08-12T03:59:09.854+0000] {processor.py:830} INFO - Processing file /opt/airflow/dags/lap_time_analysis.py for tasks to queue
[2026-08-12T03:59:09.865+0000] {logging_mixin.py:188} INFO - [2026-08-12T03:59:09.863+0000] {dagbag.py:545} INFO - Filling up the DagBag from /opt/airflow/dags/lap_time_analysis.py
[2026-08-12T03:59:10.735+0000] {processor.py:840} INFO - DAG(s) 'lap_time_analysis' retrieved from /opt/airflow/dags/lap_time_analysis.py
[2026-08-12T03:59:10.997+0000] {logging_mixin.py:188} INFO - [2026-08-12T03:59:10.996+0000] {dag.py:3096} INFO - Sync 1 DAGs
[2026-08-12T03:59:11.287+0000] {logging_mixin.py:188} INFO - [2026-08-12T03:59:11.287+0000] {dag.py:3954} INFO - Setting next_dagrun for lap_time_analysis to None, run_after=None
[2026-08-12T03:59:11.369+0000] {processor.py:183} INFO - Processing /opt/airflow/dags/lap_time_analysis.py took 1.575 seconds
[2026-08-12T03:59:41.607+0000] {processor.py:161} INFO - Started process (PID=4231) to work on /opt/airflow/dags/lap_time_analysis.py
[2026-08-12T03:59:41.637+0000] {processor.py:830} INFO - Processing file /opt/airflow/dags/lap_time_analysis.py for tasks to queue
[2026-08-12T03:59:41.640+0000] {logging_mixin.py:188} INFO - [2026-08-12T03:59:41.639+0000] {dagbag.py:545} INFO - Filling up the DagBag from /opt/airflow/dags/lap_time_analysis.py
[2026-08-12T03:59:42.746+0000] {processor.py:840} INFO - DAG(s) 'lap_time_analysis' retrieved from /opt/airflow/dags/lap_time_analysis.py
[2026-08-12T03:59:42.826+0000] {logging_mixin.py:188} INFO - [2026-08-12T03:59:42.826+0000] {dag.py:3096} INFO - Sync 1 DAGs
[2026-08-12T03:59:42.847+0000] {logging_mixin.py:188} INFO - [2026-08-12T03:59:42.847+0000] {dag.py:3954} INFO - Setting next_dagrun for lap_time_analysis to None, run_after=None
[2026-08-12T03:59:42.914+0000] {processor.py:183} INFO - Processing /opt/airflow/dags/lap_time_analysis.py took 1.318 seconds
[2026-08-12T04:00:13.140+0000] {processor.py:161} INFO - Started process (PID=4247) to work on /opt/airflow/dags/lap_time_analysis.py
[2026-08-12T04:00:13.143+0000] {processor.py:830} INFO - Processing file /opt/airflow/dags/lap_time_analysis.py for tasks to queue
[2026-08-12T04:00:13.146+0000] {logging_mixin.py:188} INFO - [2026-08-12T04:00:13.145+0000] {dagbag.py:545} INFO - Filling up the DagBag from /opt/airflow/dags/lap_time_analysis.py
[2026-08-12T04:00:13.331+0000] {processor.py:840} INFO - DAG(s) 'lap_time_analysis' retrieved from /opt/airflow/dags/lap_time_analysis.py
[2026-08-12T04:00:13.372+0000] {logging_mixin.py:188} INFO - [2026-08-12T04:00:13.372+0000] {dag.py:3096} INFO - Sync 1 DAGs
[2026-08-12T04:00:13.393+0000] {logging_mixin.py:188} INFO - [2026-08-12T04:00:13.392+0000] {dag.py:3954} INFO - Setting next_dagrun for lap_time_analysis to None, run_after=None
[2026-08-12T04:00:13.419+0000] {processor.py:183} INFO - Processing /opt/airflow/dags/lap_time_analysis.py took 0.321 seconds
[2026-08-12T04:00:43.913+0000] {processor.py:161} INFO - Started process (PID=4261) to work on /opt/airflow/dags/lap_time_analysis.py
[2026-08-12T04:00:43.939+0000] {processor.py:830} INFO - Processing file /opt/airflow/dags/lap_time_analysis.py for tasks to queue
[2026-08-12T04:00:43.954+0000] {logging_mixin.py:188} INFO - [2026-08-12T04:00:43.949+0000] {dagbag.py:545} INFO - Filling up the DagBag from /opt/airflow/dags/lap_time_analysis.py
[2026-08-12T04:00:46.214+0000] {processor.py:840} INFO - DAG(s) 'lap_time_analysis' retrieved from /opt/airflow/dags/lap_time_analysis.py
[2026-08-12T04:00:47.722+0000] {logging_mixin.py:188} INFO - [2026-08-12T04:00:47.721+0000] {dag.py:3096} INFO - Sync 1 DAGs
[2026-08-12T04:00:47.944+0000] {logging_mixin.py:188} INFO - [2026-08-12T04:00:47.944+0000] {dag.py:3954} INFO - Setting next_dagrun for lap_time_analysis to None, run_after=None
[2026-08-12T04:00:48.088+0000] {processor.py:183} INFO - Processing /opt/airflow/dags/lap_time_analysis.py took 4.361 seconds
[2026-08-12T04:01:18.284+0000] {processor.py:161} INFO - Started process (PID=4274) to work on /opt/airflow/dags/lap_time_analysis.py
[2026-08-12T04:01:18.289+0000] {processor.py:830} INFO - Processing file /opt/airflow/dags/lap_time_analysis.py for tasks to queue
[2026-08-12T04:01:18.293+0000] {logging_mixin.py:188} INFO - [2026-08-12T04:01:18.291+0000] {dagbag.py:545} INFO - Filling up the DagBag from /opt/airflow/dags/lap_time_analysis.py
[2026-08-12T04:01:18.568+0000] {processor.py:840} INFO - DAG(s) 'lap_time_analysis' retrieved from /opt/airflow/dags/lap_time_analysis.py
[2026-08-12T04:01:18.690+0000] {logging_mixin.py:188} INFO - [2026-08-12T04:01:18.689+0000] {dag.py:3096} INFO - Sync 1 DAGs
[2026-08-12T04:01:18.877+0000] {logging_mixin.py:188} INFO - [2026-08-12T04:01:18.876+0000] {dag.py:3954} INFO - Setting next_dagrun for lap_time_analysis to None, run_after=None
[2026-08-12T04:01:19.070+0000] {processor.py:183} INFO - Processing /opt/airflow/dags/lap_time_analysis.py took 0.798 seconds
[2026-08-12T04:01:49.820+0000] {processor.py:161} INFO - Started process (PID=4293) to work on /opt/airflow/dags/lap_time_analysis.py
[2026-08-12T04:01:49.823+0000] {processor.py:830} INFO - Processing file /opt/airflow/dags/lap_time_analysis.py for tasks to queue
[2026-08-12T04:01:49.825+0000] {logging_mixin.py:188} INFO - [2026-08-12T04:01:49.825+0000] {dagbag.py:545} INFO - Filling up the DagBag from /opt/airflow/dags/lap_time_analysis.py
[2026-08-12T04:01:50.076+0000] {processor.py:840} INFO - DAG(s) 'lap_time_analysis' retrieved from /opt/airflow/dags/lap_time_analysis.py
[2026-08-12T04:01:50.135+0000] {logging_mixin.py:188} INFO - [2026-08-12T04:01:50.134+0000] {dag.py:3096} INFO - Sync 1 DAGs
[2026-08-12T04:01:50.157+0000] {logging_mixin.py:188} INFO - [2026-08-12T04:01:50.156+0000] {dag.py:3954} INFO - Setting next_dagrun for lap_time_analysis to None, run_after=None
[2026-08-12T04:01:50.191+0000] {processor.py:183} INFO - Processing /opt/airflow/dags/lap_time_analysis.py took 0.385 seconds
[2026-08-12T04:02:20.917+0000] {processor.py:161} INFO - Started process (PID=4309) to work on /opt/airflow/dags/lap_time_analysis.py
[2026-08-12T04:02:20.920+0000] {processor.py:830} INFO - Processing file /opt/airflow/dags/lap_time_analysis.py for tasks to queue
[2026-08-12T04:02:20.923+0000] {logging_mixin.py:188} INFO - [2026-08-12T04:02:20.922+0000] {dagbag.py:545} INFO - Filling up the DagBag from /opt/airflow/dags/lap_time_analysis.py
[2026-08-12T04:02:21.232+0000] {processor.py:840} INFO - DAG(s) 'lap_time_analysis' retrieved from /opt/airflow/dags/lap_time_analysis.py
[2026-08-12T04:02:21.315+0000] {logging_mixin.py:188} INFO - [2026-08-12T04:02:21.314+0000] {dag.py:3096} INFO - Sync 1 DAGs
[2026-08-12T04:02:21.379+0000] {logging_mixin.py:188} INFO - [2026-08-12T04:02:21.378+0000] {dag.py:3954} INFO - Setting next_dagrun for lap_time_analysis to None, run_after=None
[2026-08-12T04:02:21.437+0000] {processor.py:183} INFO - Processing /opt/airflow/dags/lap_time_analysis.py took 0.534 seconds
[2026-08-12T04:02:50.192+0000] {processor.py:161} INFO - Started process (PID=4325) to work on /opt/airflow/dags/lap_time_analysis.py
[2026-08-12T04:02:50.211+0000] {processor.py:830} INFO - Processing file /opt/airflow/dags/lap_time_analysis.py for tasks to queue
[2026-08-12T04:02:50.223+0000] {logging_mixin.py:188} INFO - [2026-08-12T04:02:50.218+0000] {dagbag.py:545} INFO - Filling up the DagBag from /opt/airflow/dags/lap_time_analysis.py
[2026-08-12T04:02:50.798+0000] {processor.py:840} INFO - DAG(s) 'lap_time_analysis' retrieved from /opt/airflow/dags/lap_time_analysis.py
[2026-08-12T04:02:50.874+0000] {logging_mixin.py:188} INFO - [2026-08-12T04:02:50.874+0000] {dag.py:3096} INFO - Sync 1 DAGs
[2026-08-12T04:02:50.917+0000] {logging_mixin.py:188} INFO - [2026-08-12T04:02:50.916+0000] {dag.py:3954} INFO - Setting next_dagrun for lap_time_analysis to None, run_after=None
[2026-08-12T04:02:50.963+0000] {processor.py:183} INFO - Processing /opt/airflow/dags/lap_time_analysis.py took 0.859 seconds
[2026-08-12T04:03:27.700+0000] {processor.py:161} INFO - Started process (PID=4341) to work on /opt/airflow/dags/lap_time_analysis.py
[2026-08-12T04:03:27.711+0000] {processor.py:830} INFO - Processing file /opt/airflow/dags/lap_time_analysis.py for tasks to queue
[2026-08-12T04:03:27.718+0000] {logging_mixin.py:188} INFO - [2026-08-12T04:03:27.715+0000] {dagbag.py:545} INFO - Filling up the DagBag from /opt/airflow/dags/lap_time_analysis.py
[2026-08-12T04:03:28.342+0000] {processor.py:840} INFO - DAG(s) 'lap_time_analysis' retrieved from /opt/airflow/dags/lap_time_analysis.py
[2026-08-12T04:03:28.443+0000] {logging_mixin.py:188} INFO - [2026-08-12T04:03:28.442+0000] {dag.py:3096} INFO - Sync 1 DAGs
[2026-08-12T04:03:28.463+0000] {logging_mixin.py:188} INFO - [2026-08-12T04:03:28.463+0000] {dag.py:3954} INFO - Setting next_dagrun for lap_time_analysis to None, run_after=None
[2026-08-12T04:03:28.499+0000] {processor.py:183} INFO - Processing /opt/airflow/dags/lap_time_analysis.py took 0.850 seconds
