[2026-06-19T16:21:30.436+0000] {local_task_job_runner.py:120} INFO - ::group::Pre task execution logs
[2026-06-19T16:21:30.481+0000] {taskinstance.py:2076} INFO - Dependencies all met for dep_context=non-requeueable deps ti=<TaskInstance: load_ergast_data.load_drivers manual__2026-06-19T16:21:28.972729+00:00 [queued]>
[2026-06-19T16:21:30.493+0000] {taskinstance.py:2076} INFO - Dependencies all met for dep_context=requeueable deps ti=<TaskInstance: load_ergast_data.load_drivers manual__2026-06-19T16:21:28.972729+00:00 [queued]>
[2026-06-19T16:21:30.494+0000] {taskinstance.py:2306} INFO - Starting attempt 1 of 1
[2026-06-19T16:21:30.514+0000] {taskinstance.py:2330} INFO - Executing <Task(PythonOperator): load_drivers> on 2026-06-19 16:21:28.972729+00:00
[2026-06-19T16:21:30.532+0000] {standard_task_runner.py:90} INFO - Running: ['***', 'tasks', 'run', 'load_ergast_data', 'load_drivers', 'manual__2026-06-19T16:21:28.972729+00:00', '--job-id', '13', '--raw', '--subdir', 'DAGS_FOLDER/load_ergast_data.py', '--cfg-path', '/tmp/tmpndemz153']
[2026-06-19T16:21:30.539+0000] {standard_task_runner.py:91} INFO - Job 13: Subtask load_drivers
[2026-06-19T16:21:30.549+0000] {logging_mixin.py:188} WARNING - /home/***/.local/lib/python3.12/site-packages/***/task/task_runner/standard_task_runner.py:61 DeprecationWarning: This process (pid=309) is multi-threaded, use of fork() may lead to deadlocks in the child.
[2026-06-19T16:21:30.552+0000] {standard_task_runner.py:63} INFO - Started process 311 to run task
[2026-06-19T16:21:30.649+0000] {task_command.py:426} INFO - Running <TaskInstance: load_ergast_data.load_drivers manual__2026-06-19T16:21:28.972729+00:00 [running]> on host b7107f8764eb
[2026-06-19T16:21:31.448+0000] {taskinstance.py:2648} INFO - Exporting env vars: AIRFLOW_CTX_DAG_OWNER='***' AIRFLOW_CTX_DAG_ID='load_ergast_data' AIRFLOW_CTX_TASK_ID='load_drivers' AIRFLOW_CTX_EXECUTION_DATE='2026-06-19T16:21:28.972729+00:00' AIRFLOW_CTX_TRY_NUMBER='1' AIRFLOW_CTX_DAG_RUN_ID='manual__2026-06-19T16:21:28.972729+00:00'
[2026-06-19T16:21:31.451+0000] {taskinstance.py:430} INFO - ::endgroup::
[2026-06-19T16:21:31.504+0000] {taskinstance.py:441} INFO - ::group::Post task execution logs
[2026-06-19T16:21:31.505+0000] {taskinstance.py:2905} ERROR - Task failed with exception
Traceback (most recent call last):
  File "/home/airflow/.local/lib/python3.12/site-packages/airflow/models/taskinstance.py", line 465, in _execute_task
    result = _execute_callable(context=context, **execute_callable_kwargs)
             ^^^^^^^^^^^^^^^^^^^^^^^^^^^^^^^^^^^^^^^^^^^^^^^^^^^^^^^^^^^^^
  File "/home/airflow/.local/lib/python3.12/site-packages/airflow/models/taskinstance.py", line 432, in _execute_callable
    return execute_callable(context=context, **execute_callable_kwargs)
           ^^^^^^^^^^^^^^^^^^^^^^^^^^^^^^^^^^^^^^^^^^^^^^^^^^^^^^^^^^^^
  File "/home/airflow/.local/lib/python3.12/site-packages/airflow/models/baseoperator.py", line 400, in wrapper
    return func(self, *args, **kwargs)
           ^^^^^^^^^^^^^^^^^^^^^^^^^^^
  File "/home/airflow/.local/lib/python3.12/site-packages/airflow/operators/python.py", line 235, in execute
    return_value = self.execute_callable()
                   ^^^^^^^^^^^^^^^^^^^^^^^
  File "/home/airflow/.local/lib/python3.12/site-packages/airflow/operators/python.py", line 252, in execute_callable
    return self.python_callable(*self.op_args, **self.op_kwargs)
           ^^^^^^^^^^^^^^^^^^^^^^^^^^^^^^^^^^^^^^^^^^^^^^^^^^^^^
  File "/opt/airflow/dags/load_ergast_data.py", line 15, in load_drivers
    conn = psycopg2.connect(DB_URL)
           ^^^^^^^^^^^^^^^^^^^^^^^^
  File "/home/airflow/.local/lib/python3.12/site-packages/psycopg2/__init__.py", line 122, in connect
    conn = _connect(dsn, connection_factory=connection_factory, **kwasync)
           ^^^^^^^^^^^^^^^^^^^^^^^^^^^^^^^^^^^^^^^^^^^^^^^^^^^^^^^^^^^^^^^
psycopg2.OperationalError: connection to server at "host.docker.internal" (192.168.65.254), port 5432 failed: FATAL:  password authentication failed for user "gridline"

[2026-06-19T16:21:31.517+0000] {taskinstance.py:1206} INFO - Marking task as FAILED. dag_id=load_ergast_data, task_id=load_drivers, run_id=manual__2026-06-19T16:21:28.972729+00:00, execution_date=20260619T162128, start_date=20260619T162130, end_date=20260619T162131
[2026-06-19T16:21:31.529+0000] {standard_task_runner.py:110} ERROR - Failed to execute job 13 for task load_drivers (connection to server at "host.docker.internal" (192.168.65.254), port 5432 failed: FATAL:  password authentication failed for user "gridline"
; 311)
[2026-06-19T16:21:31.574+0000] {local_task_job_runner.py:240} INFO - Task exited with return code 1
[2026-06-19T16:21:31.701+0000] {taskinstance.py:3498} INFO - 0 downstream tasks scheduled from follow-on schedule check
[2026-06-19T16:21:31.704+0000] {local_task_job_runner.py:222} INFO - ::endgroup::
