[2026-06-19T16:34:03.559+0000] {local_task_job_runner.py:120} INFO - ::group::Pre task execution logs
[2026-06-19T16:34:03.628+0000] {taskinstance.py:2076} INFO - Dependencies all met for dep_context=non-requeueable deps ti=<TaskInstance: load_ergast_data.load_drivers manual__2026-06-19T16:34:01.810506+00:00 [queued]>
[2026-06-19T16:34:03.643+0000] {taskinstance.py:2076} INFO - Dependencies all met for dep_context=requeueable deps ti=<TaskInstance: load_ergast_data.load_drivers manual__2026-06-19T16:34:01.810506+00:00 [queued]>
[2026-06-19T16:34:03.644+0000] {taskinstance.py:2306} INFO - Starting attempt 1 of 1
[2026-06-19T16:34:03.688+0000] {taskinstance.py:2330} INFO - Executing <Task(PythonOperator): load_drivers> on 2026-06-19 16:34:01.810506+00:00
[2026-06-19T16:34:03.728+0000] {standard_task_runner.py:90} INFO - Running: ['***', 'tasks', 'run', 'load_ergast_data', 'load_drivers', 'manual__2026-06-19T16:34:01.810506+00:00', '--job-id', '18', '--raw', '--subdir', 'DAGS_FOLDER/load_ergast_data.py', '--cfg-path', '/tmp/tmpy7402243']
[2026-06-19T16:34:03.738+0000] {logging_mixin.py:188} WARNING - /home/***/.local/lib/python3.12/site-packages/***/task/task_runner/standard_task_runner.py:61 DeprecationWarning: This process (pid=486) is multi-threaded, use of fork() may lead to deadlocks in the child.
[2026-06-19T16:34:03.739+0000] {standard_task_runner.py:91} INFO - Job 18: Subtask load_drivers
[2026-06-19T16:34:03.742+0000] {standard_task_runner.py:63} INFO - Started process 488 to run task
[2026-06-19T16:34:03.869+0000] {task_command.py:426} INFO - Running <TaskInstance: load_ergast_data.load_drivers manual__2026-06-19T16:34:01.810506+00:00 [running]> on host b7107f8764eb
[2026-06-19T16:34:05.618+0000] {taskinstance.py:2648} INFO - Exporting env vars: AIRFLOW_CTX_DAG_OWNER='***' AIRFLOW_CTX_DAG_ID='load_ergast_data' AIRFLOW_CTX_TASK_ID='load_drivers' AIRFLOW_CTX_EXECUTION_DATE='2026-06-19T16:34:01.810506+00:00' AIRFLOW_CTX_TRY_NUMBER='1' AIRFLOW_CTX_DAG_RUN_ID='manual__2026-06-19T16:34:01.810506+00:00'
[2026-06-19T16:34:05.620+0000] {taskinstance.py:430} INFO - ::endgroup::
[2026-06-19T16:34:05.763+0000] {taskinstance.py:441} INFO - ::group::Post task execution logs
[2026-06-19T16:34:05.764+0000] {taskinstance.py:2905} ERROR - Task failed with exception
Traceback (most recent call last):
  File "/home/airflow/.local/lib/python3.12/site-packages/airflow/models/taskinstance.py", line 465, in _execute_task
    result = _execute_callable(context=context, **execute_callable_kwargs)
             ^^^^^^^^^^^^^^^^^^^^^^^^^^^^^^^^^^^^^^^^^^^^^^^^^^^^^^^^^^^^^
  File "/home/airflow/.local/lib/python3.12/site-packages/airflow/models/taskinstance.py", line 432, in _execute_callable
    return execute_callable(context=context, **execute_callable_kwargs)
           ^^^^^^^^^^^^^^^^^^^^^^^^^^^^^^^^^^^^^^^^^^^^^^^^^^^^^^^^^^^^
  File "/home/airflow/.local/lib/python3.12/site-packages/airflow/models/baseoperator.py", line 400, in wrapper
    return func(self, *args, **kwargs)
           ^^^^^^^^^^^^^^^^^^^^^^^^^^^
  File "/home/airflow/.local/lib/python3.12/site-packages/airflow/operators/python.py", line 235, in execute
    return_value = self.execute_callable()
                   ^^^^^^^^^^^^^^^^^^^^^^^
  File "/home/airflow/.local/lib/python3.12/site-packages/airflow/operators/python.py", line 252, in execute_callable
    return self.python_callable(*self.op_args, **self.op_kwargs)
           ^^^^^^^^^^^^^^^^^^^^^^^^^^^^^^^^^^^^^^^^^^^^^^^^^^^^^
  File "/opt/airflow/dags/load_ergast_data.py", line 23, in load_drivers
    cur.execute("""
psycopg2.errors.NumericValueOutOfRange: integer out of range

[2026-06-19T16:34:05.784+0000] {taskinstance.py:1206} INFO - Marking task as FAILED. dag_id=load_ergast_data, task_id=load_drivers, run_id=manual__2026-06-19T16:34:01.810506+00:00, execution_date=20260619T163401, start_date=20260619T163403, end_date=20260619T163405
[2026-06-19T16:34:05.809+0000] {standard_task_runner.py:110} ERROR - Failed to execute job 18 for task load_drivers (integer out of range
; 488)
[2026-06-19T16:34:05.852+0000] {local_task_job_runner.py:240} INFO - Task exited with return code 1
[2026-06-19T16:34:05.890+0000] {taskinstance.py:3498} INFO - 0 downstream tasks scheduled from follow-on schedule check
[2026-06-19T16:34:05.903+0000] {local_task_job_runner.py:222} INFO - ::endgroup::
