[2026-06-30T16:20:45.857+0000] {local_task_job_runner.py:120} INFO - ::group::Pre task execution logs
[2026-06-30T16:20:46.018+0000] {taskinstance.py:2076} INFO - Dependencies all met for dep_context=non-requeueable deps ti=<TaskInstance: lap_time_analysis.run_lap_analysis manual__2026-06-30T16:20:41.325520+00:00 [queued]>
[2026-06-30T16:20:46.041+0000] {taskinstance.py:2076} INFO - Dependencies all met for dep_context=requeueable deps ti=<TaskInstance: lap_time_analysis.run_lap_analysis manual__2026-06-30T16:20:41.325520+00:00 [queued]>
[2026-06-30T16:20:46.042+0000] {taskinstance.py:2306} INFO - Starting attempt 1 of 1
[2026-06-30T16:20:46.072+0000] {taskinstance.py:2330} INFO - Executing <Task(PythonOperator): run_lap_analysis> on 2026-06-30 16:20:41.325520+00:00
[2026-06-30T16:20:46.106+0000] {standard_task_runner.py:90} INFO - Running: ['***', 'tasks', 'run', 'lap_time_analysis', 'run_lap_analysis', 'manual__2026-06-30T16:20:41.325520+00:00', '--job-id', '23', '--raw', '--subdir', 'DAGS_FOLDER/lap_time_analysis.py', '--cfg-path', '/tmp/tmpkjxk_ie7']
[2026-06-30T16:20:46.124+0000] {standard_task_runner.py:91} INFO - Job 23: Subtask run_lap_analysis
[2026-06-30T16:20:46.124+0000] {logging_mixin.py:188} WARNING - /home/***/.local/lib/python3.12/site-packages/***/task/task_runner/standard_task_runner.py:61 DeprecationWarning: This process (pid=389) is multi-threaded, use of fork() may lead to deadlocks in the child.
[2026-06-30T16:20:46.126+0000] {standard_task_runner.py:63} INFO - Started process 393 to run task
[2026-06-30T16:20:46.624+0000] {task_command.py:426} INFO - Running <TaskInstance: lap_time_analysis.run_lap_analysis manual__2026-06-30T16:20:41.325520+00:00 [running]> on host 2d619a35adfe
[2026-06-30T16:20:46.783+0000] {taskinstance.py:2648} INFO - Exporting env vars: AIRFLOW_CTX_DAG_OWNER='***' AIRFLOW_CTX_DAG_ID='lap_time_analysis' AIRFLOW_CTX_TASK_ID='run_lap_analysis' AIRFLOW_CTX_EXECUTION_DATE='2026-06-30T16:20:41.325520+00:00' AIRFLOW_CTX_TRY_NUMBER='1' AIRFLOW_CTX_DAG_RUN_ID='manual__2026-06-30T16:20:41.325520+00:00'
[2026-06-30T16:20:46.788+0000] {taskinstance.py:430} INFO - ::endgroup::
[2026-06-30T16:20:47.057+0000] {taskinstance.py:441} INFO - ::group::Post task execution logs
[2026-06-30T16:20:47.060+0000] {taskinstance.py:2905} ERROR - Task failed with exception
Traceback (most recent call last):
  File "/home/airflow/.local/lib/python3.12/site-packages/airflow/models/taskinstance.py", line 465, in _execute_task
    result = _execute_callable(context=context, **execute_callable_kwargs)
             ^^^^^^^^^^^^^^^^^^^^^^^^^^^^^^^^^^^^^^^^^^^^^^^^^^^^^^^^^^^^^
  File "/home/airflow/.local/lib/python3.12/site-packages/airflow/models/taskinstance.py", line 432, in _execute_callable
    return execute_callable(context=context, **execute_callable_kwargs)
           ^^^^^^^^^^^^^^^^^^^^^^^^^^^^^^^^^^^^^^^^^^^^^^^^^^^^^^^^^^^^
  File "/home/airflow/.local/lib/python3.12/site-packages/airflow/models/baseoperator.py", line 400, in wrapper
    return func(self, *args, **kwargs)
           ^^^^^^^^^^^^^^^^^^^^^^^^^^^
  File "/home/airflow/.local/lib/python3.12/site-packages/airflow/operators/python.py", line 235, in execute
    return_value = self.execute_callable()
                   ^^^^^^^^^^^^^^^^^^^^^^^
  File "/home/airflow/.local/lib/python3.12/site-packages/airflow/operators/python.py", line 252, in execute_callable
    return self.python_callable(*self.op_args, **self.op_kwargs)
           ^^^^^^^^^^^^^^^^^^^^^^^^^^^^^^^^^^^^^^^^^^^^^^^^^^^^^
  File "/opt/airflow/dags/lap_time_analysis.py", line 16, in run_lap_analysis
    .getOrCreate()
     ^^^^^^^^^^^^^
  File "/home/airflow/.local/lib/python3.12/site-packages/pyspark/sql/session.py", line 557, in getOrCreate
    sc = SparkContext.getOrCreate(sparkConf)
         ^^^^^^^^^^^^^^^^^^^^^^^^^^^^^^^^^^^
  File "/home/airflow/.local/lib/python3.12/site-packages/pyspark/core/context.py", line 542, in getOrCreate
    SparkContext(conf=conf or SparkConf())
  File "/home/airflow/.local/lib/python3.12/site-packages/pyspark/core/context.py", line 206, in __init__
    SparkContext._ensure_initialized(self, gateway=gateway, conf=conf)
  File "/home/airflow/.local/lib/python3.12/site-packages/pyspark/core/context.py", line 463, in _ensure_initialized
    SparkContext._gateway = gateway or launch_gateway(conf)
                                       ^^^^^^^^^^^^^^^^^^^^
  File "/home/airflow/.local/lib/python3.12/site-packages/pyspark/java_gateway.py", line 111, in launch_gateway
    raise PySparkRuntimeError(
pyspark.errors.exceptions.base.PySparkRuntimeError: [JAVA_GATEWAY_EXITED] Java gateway process exited before sending its port number.
[2026-06-30T16:20:47.105+0000] {taskinstance.py:1206} INFO - Marking task as FAILED. dag_id=lap_time_analysis, task_id=run_lap_analysis, run_id=manual__2026-06-30T16:20:41.325520+00:00, execution_date=20260630T162041, start_date=20260630T162046, end_date=20260630T162047
[2026-06-30T16:20:47.130+0000] {standard_task_runner.py:110} ERROR - Failed to execute job 23 for task run_lap_analysis ([JAVA_GATEWAY_EXITED] Java gateway process exited before sending its port number.; 393)
[2026-06-30T16:20:47.154+0000] {local_task_job_runner.py:240} INFO - Task exited with return code 1
[2026-06-30T16:20:47.177+0000] {taskinstance.py:3498} INFO - 0 downstream tasks scheduled from follow-on schedule check
[2026-06-30T16:20:47.181+0000] {local_task_job_runner.py:222} INFO - ::endgroup::
